../ThirdParty/FreeRTOS/queue.c:2399:19:prvIsQueueEmpty	8	static
../ThirdParty/FreeRTOS/queue.c:2175:19:prvCopyDataToQueue	24	static
../ThirdParty/FreeRTOS/queue.c:2258:13:prvCopyDataFromQueue	4	static
../ThirdParty/FreeRTOS/queue.c:2279:13:prvUnlockQueue	16	static
../ThirdParty/FreeRTOS/queue.c:296:12:xQueueGenericReset	16	static,ignoring_inline_asm
../ThirdParty/FreeRTOS/queue.c:365:19:xQueueGenericCreateStatic	24	static,ignoring_inline_asm
../ThirdParty/FreeRTOS/queue.c:428:19:xQueueGenericCreate	24	static,ignoring_inline_asm
../ThirdParty/FreeRTOS/queue.c:835:12:xQueueGenericSend	48	static,ignoring_inline_asm
../ThirdParty/FreeRTOS/queue.c:588:19:xQueueCreateMutexStatic	16	static
../ThirdParty/FreeRTOS/queue.c:572:19:xQueueCreateMutex	8	static
../ThirdParty/FreeRTOS/queue.c:1047:12:xQueueGenericSendFromISR	32	static,ignoring_inline_asm
../ThirdParty/FreeRTOS/queue.c:1212:12:xQueueGiveFromISR	24	static,ignoring_inline_asm
../ThirdParty/FreeRTOS/queue.c:1378:12:xQueueReceive	40	static,ignoring_inline_asm
../ThirdParty/FreeRTOS/queue.c:1521:12:xQueueSemaphoreTake	40	static,ignoring_inline_asm
../ThirdParty/FreeRTOS/queue.c:1731:12:xQueuePeek	40	static,ignoring_inline_asm
../ThirdParty/FreeRTOS/queue.c:1882:12:xQueueReceiveFromISR	32	static,ignoring_inline_asm
../ThirdParty/FreeRTOS/queue.c:1975:12:xQueuePeekFromISR	24	static,ignoring_inline_asm
../ThirdParty/FreeRTOS/queue.c:2030:13:uxQueueMessagesWaiting	8	static,ignoring_inline_asm
../ThirdParty/FreeRTOS/queue.c:2046:13:uxQueueSpacesAvailable	8	static,ignoring_inline_asm
../ThirdParty/FreeRTOS/queue.c:2063:13:uxQueueMessagesWaitingFromISR	0	static,ignoring_inline_asm
../ThirdParty/FreeRTOS/queue.c:2420:12:xQueueIsQueueEmptyFromISR	0	static,ignoring_inline_asm
../ThirdParty/FreeRTOS/queue.c:2461:12:xQueueIsQueueFullFromISR	0	static,ignoring_inline_asm
../ThirdParty/FreeRTOS/queue.c:2770:10:vQueueAddToRegistry	16	static,ignoring_inline_asm
../ThirdParty/FreeRTOS/queue.c:2817:18:pcQueueGetName	0	static,ignoring_inline_asm
../ThirdParty/FreeRTOS/queue.c:2848:10:vQueueUnregisterQueue	8	static,ignoring_inline_asm
../ThirdParty/FreeRTOS/queue.c:2075:6:vQueueDelete	8	static,ignoring_inline_asm
