../Core/Src/stm32f1xx_hal_msp.c:67:6:HAL_MspInit	8	static
../Core/Src/stm32f1xx_hal_msp.c:93:6:HAL_ADC_MspInit	40	static
../Core/Src/stm32f1xx_hal_msp.c:139:6:HAL_ADC_MspDeInit	8	static
../Core/Src/stm32f1xx_hal_msp.c:175:6:HAL_SPI_MspInit	40	static
../Core/Src/stm32f1xx_hal_msp.c:228:6:HAL_SPI_MspDeInit	8	static
../Core/Src/stm32f1xx_hal_msp.c:259:6:HAL_TIM_PWM_MspInit	8	static
../Core/Src/stm32f1xx_hal_msp.c:275:6:HAL_TIM_MspPostInit	32	static
../Core/Src/stm32f1xx_hal_msp.c:305:6:HAL_TIM_PWM_MspDeInit	0	static
