Archive member included to satisfy reference by file (symbol)

C:/Users/Eryk/AppData/Local/stm32cube/bundles/gnu-tools-for-stm32/13.3.1+st.9/bin/../lib/gcc/arm-none-eabi/13.3.1/../../../../arm-none-eabi/lib/thumb/v7-m/nofp\libg_nano.a(libc_a-exit.o)
                              C:/Users/Eryk/AppData/Local/stm32cube/bundles/gnu-tools-for-stm32/13.3.1+st.9/bin/../lib/gcc/arm-none-eabi/13.3.1/../../../../arm-none-eabi/lib/thumb/v7-m/nofp/crt0.o (exit)
C:/Users/Eryk/AppData/Local/stm32cube/bundles/gnu-tools-for-stm32/13.3.1+st.9/bin/../lib/gcc/arm-none-eabi/13.3.1/../../../../arm-none-eabi/lib/thumb/v7-m/nofp\libg_nano.a(libc_a-rand.o)
                              CMakeFiles/gameBobPong.dir/Core/Src/pong.c.obj (srand)
C:/Users/Eryk/AppData/Local/stm32cube/bundles/gnu-tools-for-stm32/13.3.1+st.9/bin/../lib/gcc/arm-none-eabi/13.3.1/../../../../arm-none-eabi/lib/thumb/v7-m/nofp\libg_nano.a(libc_a-findfp.o)
                              CMakeFiles/gameBobPong.dir/ThirdParty/FreeRTOS/tasks.c.obj (__sf)
C:/Users/Eryk/AppData/Local/stm32cube/bundles/gnu-tools-for-stm32/13.3.1+st.9/bin/../lib/gcc/arm-none-eabi/13.3.1/../../../../arm-none-eabi/lib/thumb/v7-m/nofp\libg_nano.a(libc_a-fwalk.o)
                              C:/Users/Eryk/AppData/Local/stm32cube/bundles/gnu-tools-for-stm32/13.3.1+st.9/bin/../lib/gcc/arm-none-eabi/13.3.1/../../../../arm-none-eabi/lib/thumb/v7-m/nofp\libg_nano.a(libc_a-findfp.o) (_fwalk_sglue)
C:/Users/Eryk/AppData/Local/stm32cube/bundles/gnu-tools-for-stm32/13.3.1+st.9/bin/../lib/gcc/arm-none-eabi/13.3.1/../../../../arm-none-eabi/lib/thumb/v7-m/nofp\libg_nano.a(libc_a-sprintf.o)
                              CMakeFiles/gameBobPong.dir/Core/Src/pong.c.obj (sprintf)
C:/Users/Eryk/AppData/Local/stm32cube/bundles/gnu-tools-for-stm32/13.3.1+st.9/bin/../lib/gcc/arm-none-eabi/13.3.1/../../../../arm-none-eabi/lib/thumb/v7-m/nofp\libg_nano.a(libc_a-stdio.o)
                              C:/Users/Eryk/AppData/Local/stm32cube/bundles/gnu-tools-for-stm32/13.3.1+st.9/bin/../lib/gcc/arm-none-eabi/13.3.1/../../../../arm-none-eabi/lib/thumb/v7-m/nofp\libg_nano.a(libc_a-findfp.o) (__sread)
C:/Users/Eryk/AppData/Local/stm32cube/bundles/gnu-tools-for-stm32/13.3.1+st.9/bin/../lib/gcc/arm-none-eabi/13.3.1/../../../../arm-none-eabi/lib/thumb/v7-m/nofp\libg_nano.a(libc_a-memset.o)
                              C:/Users/Eryk/AppData/Local/stm32cube/bundles/gnu-tools-for-stm32/13.3.1+st.9/bin/../lib/gcc/arm-none-eabi/13.3.1/../../../../arm-none-eabi/lib/thumb/v7-m/nofp/crt0.o (memset)
C:/Users/Eryk/AppData/Local/stm32cube/bundles/gnu-tools-for-stm32/13.3.1+st.9/bin/../lib/gcc/arm-none-eabi/13.3.1/../../../../arm-none-eabi/lib/thumb/v7-m/nofp\libg_nano.a(libc_a-closer.o)
                              C:/Users/Eryk/AppData/Local/stm32cube/bundles/gnu-tools-for-stm32/13.3.1+st.9/bin/../lib/gcc/arm-none-eabi/13.3.1/../../../../arm-none-eabi/lib/thumb/v7-m/nofp\libg_nano.a(libc_a-stdio.o) (_close_r)
C:/Users/Eryk/AppData/Local/stm32cube/bundles/gnu-tools-for-stm32/13.3.1+st.9/bin/../lib/gcc/arm-none-eabi/13.3.1/../../../../arm-none-eabi/lib/thumb/v7-m/nofp\libg_nano.a(libc_a-reent.o)
                              CMakeFiles/gameBobPong.dir/ThirdParty/FreeRTOS/tasks.c.obj (_reclaim_reent)
C:/Users/Eryk/AppData/Local/stm32cube/bundles/gnu-tools-for-stm32/13.3.1+st.9/bin/../lib/gcc/arm-none-eabi/13.3.1/../../../../arm-none-eabi/lib/thumb/v7-m/nofp\libg_nano.a(libc_a-impure.o)
                              CMakeFiles/gameBobPong.dir/ThirdParty/FreeRTOS/tasks.c.obj (_impure_ptr)
C:/Users/Eryk/AppData/Local/stm32cube/bundles/gnu-tools-for-stm32/13.3.1+st.9/bin/../lib/gcc/arm-none-eabi/13.3.1/../../../../arm-none-eabi/lib/thumb/v7-m/nofp\libg_nano.a(libc_a-lseekr.o)
                              C:/Users/Eryk/AppData/Local/stm32cube/bundles/gnu-tools-for-stm32/13.3.1+st.9/bin/../lib/gcc/arm-none-eabi/13.3.1/../../../../arm-none-eabi/lib/thumb/v7-m/nofp\libg_nano.a(libc_a-stdio.o) (_lseek_r)
C:/Users/Eryk/AppData/Local/stm32cube/bundles/gnu-tools-for-stm32/13.3.1+st.9/bin/../lib/gcc/arm-none-eabi/13.3.1/../../../../arm-none-eabi/lib/thumb/v7-m/nofp\libg_nano.a(libc_a-readr.o)
                              C:/Users/Eryk/AppData/Local/stm32cube/bundles/gnu-tools-for-stm32/13.3.1+st.9/bin/../lib/gcc/arm-none-eabi/13.3.1/../../../../arm-none-eabi/lib/thumb/v7-m/nofp\libg_nano.a(libc_a-stdio.o) (_read_r)
C:/Users/Eryk/AppData/Local/stm32cube/bundles/gnu-tools-for-stm32/13.3.1+st.9/bin/../lib/gcc/arm-none-eabi/13.3.1/../../../../arm-none-eabi/lib/thumb/v7-m/nofp\libg_nano.a(libc_a-writer.o)
                              C:/Users/Eryk/AppData/Local/stm32cube/bundles/gnu-tools-for-stm32/13.3.1+st.9/bin/../lib/gcc/arm-none-eabi/13.3.1/../../../../arm-none-eabi/lib/thumb/v7-m/nofp\libg_nano.a(libc_a-stdio.o) (_write_r)
C:/Users/Eryk/AppData/Local/stm32cube/bundles/gnu-tools-for-stm32/13.3.1+st.9/bin/../lib/gcc/arm-none-eabi/13.3.1/../../../../arm-none-eabi/lib/thumb/v7-m/nofp\libg_nano.a(libc_a-errno.o)
[...]
Memory Configuration

Name             Origin             Length             Attributes
RAM              0x20000000         0x00005000         xrw
FLASH            0x08010000         0x00010000         xr
*default*        0x00000000         0xffffffff

Linker script and memory map

LOAD C:/Users/Eryk/AppData/Local/stm32cube/bundles/gnu-tools-for-stm32/13.3.1+st.9/bin/../lib/gcc/arm-none-eabi/13.3.1/thumb/v7-m/nofp/crti.o
LOAD C:/Users/Eryk/AppData/Local/stm32cube/bundles/gnu-tools-for-stm32/13.3.1+st.9/bin/../lib/gcc/arm-none-eabi/13.3.1/thumb/v7-m/nofp/crtbegin.o
LOAD C:/Users/Eryk/AppData/Local/stm32cube/bundles/gnu-tools-for-stm32/13.3.1+st.9/bin/../lib/gcc/arm-none-eabi/13.3.1/../../../../arm-none-eabi/lib/thumb/v7-m/nofp/crt0.o
LOAD cmake/stm32cubemx/CMakeFiles/STM32_Drivers.dir/__/__/Core/Src/system_stm32f1xx.c.obj
LOAD cmake/stm32cubemx/CMakeFiles/STM32_Drivers.dir/__/__/Drivers/STM32F1xx_HAL_Driver/Src/stm32f1xx_hal_gpio_ex.c.obj
LOAD cmake/stm32cubemx/CMakeFiles/STM32_Drivers.dir/__/__/Drivers/STM32F1xx_HAL_Driver/Src/stm32f1xx_hal_tim.c.obj
LOAD cmake/stm32cubemx/CMakeFiles/STM32_Drivers.dir/__/__/Drivers/STM32F1xx_HAL_Driver/Src/stm32f1xx_hal_tim_ex.c.obj
LOAD cmake/stm32cubemx/CMakeFiles/STM32_Drivers.dir/__/__/Drivers/STM32F1xx_HAL_Driver/Src/stm32f1xx_hal_adc.c.obj
LOAD cmake/stm32cubemx/CMakeFiles/STM32_Drivers.dir/__/__/Drivers/STM32F1xx_HAL_Driver/Src/stm32f1xx_hal_adc_ex.c.obj
LOAD cmake/stm32cubemx/CMakeFiles/STM32_Drivers.dir/__/__/Drivers/STM32F1xx_HAL_Driver/Src/stm32f1xx_hal.c.obj
LOAD cmake/stm32cubemx/CMakeFiles/STM32_Drivers.dir/__/__/Drivers/STM32F1xx_HAL_Driver/Src/stm32f1xx_hal_rcc.c.obj
LOAD cmake/stm32cubemx/CMakeFiles/STM32_Drivers.dir/__/__/Drivers/STM32F1xx_HAL_Driver/Src/stm32f1xx_hal_rcc_ex.c.obj
LOAD cmake/stm32cubemx/CMakeFiles/STM32_Drivers.dir/__/__/Drivers/STM32F1xx_HAL_Driver/Src/stm32f1xx_hal_gpio.c.obj
LOAD cmake/stm32cubemx/CMakeFiles/STM32_Drivers.dir/__/__/Drivers/STM32F1xx_HAL_Driver/Src/stm32f1xx_hal_dma.c.obj
LOAD cmake/stm32cubemx/CMakeFiles/STM32_Drivers.dir/__/__/Drivers/STM32F1xx_HAL_Driver/Src/stm32f1xx_hal_cortex.c.obj
LOAD cmake/stm32cubemx/CMakeFiles/STM32_Drivers.dir/__/__/Drivers/STM32F1xx_HAL_Driver/Src/stm32f1xx_hal_pwr.c.obj
LOAD cmake/stm32cubemx/CMakeFiles/STM32_Drivers.dir/__/__/Drivers/STM32F1xx_HAL_Driver/Src/stm32f1xx_hal_flash.c.obj
LOAD cmake/stm32cubemx/CMakeFiles/STM32_Drivers.dir/__/__/Drivers/STM32F1xx_HAL_Driver/Src/stm32f1xx_hal_flash_ex.c.obj
LOAD cmake/stm32cubemx/CMakeFiles/STM32_Drivers.dir/__/__/Drivers/STM32F1xx_HAL_Driver/Src/stm32f1xx_hal_exti.c.obj
LOAD cmake/stm32cubemx/CMakeFiles/STM32_Drivers.dir/__/__/Drivers/STM32F1xx_HAL_Driver/Src/stm32f1xx_hal_spi.c.obj
LOAD cmake/stm32cubemx/CMakeFiles/STM32_Drivers.dir/__/__/Drivers/STM32F1xx_HAL_Driver/Src/stm32f1xx_hal_uart.c.obj
LOAD CMakeFiles/gameBobPong.dir/Core/Src/main.c.obj
LOAD CMakeFiles/gameBobPong.dir/Core/Src/stm32f1xx_it.c.obj
LOAD CMakeFiles/gameBobPong.dir/Core/Src/stm32f1xx_hal_msp.c.obj
LOAD CMakeFiles/gameBobPong.dir/Core/Src/stm32f1xx_hal_timebase_tim.c.obj
LOAD CMakeFiles/gameBobPong.dir/Core/Src/sysmem.c.obj
LOAD CMakeFiles/gameBobPong.dir/Core/Src/syscalls.c.obj
LOAD CMakeFiles/gameBobPong.dir/startup_stm32f103xb.s.obj
LOAD CMakeFiles/gameBobPong.dir/Core/Src/pong.c.obj
LOAD CMakeFiles/gameBobPong.dir/Drivers/LCD/images.c.obj
LOAD CMakeFiles/gameBobPong.dir/Drivers/LCD/lcd.c.obj
LOAD CMakeFiles/gameBobPong.dir/Drivers/LCD/load_game_pic.c.obj
LOAD CMakeFiles/gameBobPong.dir/Drivers/LCD/main_menu_image_temp.c.obj
LOAD CMakeFiles/gameBobPong.dir/Drivers/LCD/play_game_image.c.obj
LOAD CMakeFiles/gameBobPong.dir/Drivers/LCD/power_off_pic.c.obj
LOAD CMakeFiles/gameBobPong.dir/Drivers/UGUI/Fonts/arial_10X13.c.obj
LOAD CMakeFiles/gameBobPong.dir/Drivers/UGUI/Fonts/arial_10X13_cyrillic.c.obj
LOAD CMakeFiles/gameBobPong.dir/Drivers/UGUI/Fonts/arial_12X15.c.obj
LOAD CMakeFiles/gameBobPong.dir/Drivers/UGUI/Fonts/arial_12X15_cyrillic.c.obj
LOAD CMakeFiles/gameBobPong.dir/Drivers/UGUI/Fonts/arial_16X18.c.obj
LOAD CMakeFiles/gameBobPong.dir/Drivers/UGUI/Fonts/arial_16X18_cyrillic.c.obj
LOAD CMakeFiles/gameBobPong.dir/Drivers/UGUI/Fonts/arial_20X23.c.obj
LOAD CMakeFiles/gameBobPong.dir/Drivers/UGUI/Fonts/arial_20X23_cyrillic.c.obj
LOAD CMakeFiles/gameBobPong.dir/Drivers/UGUI/Fonts/arial_25X28.c.obj
LOAD CMakeFiles/gameBobPong.dir/Drivers/UGUI/Fonts/arial_25X28_cyrillic.c.obj
LOAD CMakeFiles/gameBobPong.dir/Drivers/UGUI/Fonts/arial_29X35.c.obj
LOAD CMakeFiles/gameBobPong.dir/Drivers/UGUI/Fonts/arial_29X35_cyrillic.c.obj
LOAD CMakeFiles/gameBobPong.dir/Drivers/UGUI/Fonts/arial_35X40.c.obj
LOAD CMakeFiles/gameBobPong.dir/Drivers/UGUI/Fonts/arial_35X40_cyrillic.c.obj
LOAD CMakeFiles/gameBobPong.dir/Drivers/UGUI/Fonts/arial_39X45.c.obj
LOAD CMakeFiles/gameBobPong.dir/Drivers/UGUI/Fonts/arial_39X45_cyrillic.c.obj
LOAD CMakeFiles/gameBobPong.dir/Drivers/UGUI/Fonts/arial_45X52.c.obj
LOAD CMakeFiles/gameBobPong.dir/Drivers/UGUI/Fonts/arial_45X52_cyrillic.c.obj
LOAD CMakeFiles/gameBobPong.dir/Drivers/UGUI/Fonts/arial_49X57.c.obj
LOAD CMakeFiles/gameBobPong.dir/Drivers/UGUI/Fonts/arial_49X57_cyrillic.c.obj
LOAD CMakeFiles/gameBobPong.dir/Drivers/UGUI/Fonts/arial_6X6.c.obj
LOAD CMakeFiles/gameBobPong.dir/Drivers/UGUI/Fonts/arial_6X6_cyrillic.c.obj
LOAD CMakeFiles/gameBobPong.dir/Drivers/UGUI/Fonts/arial_9X10.c.obj
LOAD CMakeFiles/gameBobPong.dir/Drivers/UGUI/Fonts/arial_9X10_cyrillic.c.obj
LOAD CMakeFiles/gameBobPong.dir/Drivers/UGUI/Fonts/font_10x16.c.obj
LOAD CMakeFiles/gameBobPong.dir/Drivers/UGUI/Fonts/font_12x16.c.obj
LOAD CMakeFiles/gameBobPong.dir/Drivers/UGUI/Fonts/font_12x20.c.obj
LOAD CMakeFiles/gameBobPong.dir/Drivers/UGUI/Fonts/font_16x26.c.obj
LOAD CMakeFiles/gameBobPong.dir/Drivers/UGUI/Fonts/font_22x36.c.obj
LOAD CMakeFiles/gameBobPong.dir/Drivers/UGUI/Fonts/font_24x40.c.obj
LOAD CMakeFiles/gameBobPong.dir/Drivers/UGUI/Fonts/font_32x53.c.obj
LOAD CMakeFiles/gameBobPong.dir/Drivers/UGUI/Fonts/font_4x6.c.obj
LOAD CMakeFiles/gameBobPong.dir/Drivers/UGUI/Fonts/font_5x12.c.obj
LOAD CMakeFiles/gameBobPong.dir/Drivers/UGUI/Fonts/font_5x8.c.obj
LOAD CMakeFiles/gameBobPong.dir/Drivers/UGUI/Fonts/font_6x10.c.obj
LOAD CMakeFiles/gameBobPong.dir/Drivers/UGUI/Fonts/font_6x8.c.obj
LOAD CMakeFiles/gameBobPong.dir/Drivers/UGUI/Fonts/font_7x12.c.obj
LOAD CMakeFiles/gameBobPong.dir/Drivers/UGUI/Fonts/font_8x12.c.obj
LOAD CMakeFiles/gameBobPong.dir/Drivers/UGUI/Fonts/font_8x12_cyrillic.c.obj
LOAD CMakeFiles/gameBobPong.dir/Drivers/UGUI/Fonts/font_8x14.c.obj
LOAD CMakeFiles/gameBobPong.dir/Drivers/UGUI/Fonts/font_8x8.c.obj
LOAD CMakeFiles/gameBobPong.dir/Drivers/UGUI/ugui.c.obj
LOAD CMakeFiles/gameBobPong.dir/Drivers/UGUI/ugui_button.c.obj
LOAD CMakeFiles/gameBobPong.dir/Drivers/UGUI/ugui_checkbox.c.obj
LOAD CMakeFiles/gameBobPong.dir/Drivers/UGUI/ugui_image.c.obj
LOAD CMakeFiles/gameBobPong.dir/Drivers/UGUI/ugui_progress.c.obj
LOAD CMakeFiles/gameBobPong.dir/Drivers/UGUI/ugui_textbox.c.obj
LOAD CMakeFiles/gameBobPong.dir/ThirdParty/FreeRTOS/croutine.c.obj
LOAD CMakeFiles/gameBobPong.dir/ThirdParty/FreeRTOS/event_groups.c.obj
LOAD CMakeFiles/gameBobPong.dir/ThirdParty/FreeRTOS/list.c.obj
LOAD CMakeFiles/gameBobPong.dir/ThirdParty/FreeRTOS/portable/GCC/ARM_CM3/port.c.obj
LOAD CMakeFiles/gameBobPong.dir/ThirdParty/FreeRTOS/portable/MemMang/heap_4.c.obj
LOAD CMakeFiles/gameBobPong.dir/ThirdParty/FreeRTOS/queue.c.obj
LOAD CMakeFiles/gameBobPong.dir/ThirdParty/FreeRTOS/stream_buffer.c.obj
LOAD CMakeFiles/gameBobPong.dir/ThirdParty/FreeRTOS/tasks.c.obj
LOAD CMakeFiles/gameBobPong.dir/ThirdParty/FreeRTOS/timers.c.obj
LOAD C:/Users/Eryk/AppData/Local/stm32cube/bundles/gnu-tools-for-stm32/13.3.1+st.9/bin/../lib/gcc/arm-none-eabi/13.3.1/../../../../arm-none-eabi/lib/thumb/v7-m/nofp\libm.a
START GROUP
LOAD C:/Users/Eryk/AppData/Local/stm32cube/bundles/gnu-tools-for-stm32/13.3.1+st.9/bin/../lib/gcc/arm-none-eabi/13.3.1/thumb/v7-m/nofp\libgcc.a
LOAD C:/Users/Eryk/AppData/Local/stm32cube/bundles/gnu-tools-for-stm32/13.3.1+st.9/bin/../lib/gcc/arm-none-eabi/13.3.1/../../../../arm-none-eabi/lib/thumb/v7-m/nofp\libg_nano.a
LOAD C:/Users/Eryk/AppData/Local/stm32cube/bundles/gnu-tools-for-stm32/13.3.1+st.9/bin/../lib/gcc/arm-none-eabi/13.3.1/../../../../arm-none-eabi/lib/thumb/v7-m/nofp\libc_nano.a
END GROUP
START GROUP
LOAD C:/Users/Eryk/AppData/Local/stm32cube/bundles/gnu-tools-for-stm32/13.3.1+st.9/bin/../lib/gcc/arm-none-eabi/13.3.1/thumb/v7-m/nofp\libgcc.a
LOAD C:/Users/Eryk/AppData/Local/stm32cube/bundles/gnu-tools-for-stm32/13.3.1+st.9/bin/../lib/gcc/arm-none-eabi/13.3.1/../../../../arm-none-eabi/lib/thumb/v7-m/nofp\libc_nano.a
END GROUP
LOAD C:/Users/Eryk/AppData/Local/stm32cube/bundles/gnu-tools-for-stm32/13.3.1+st.9/bin/../lib/gcc/arm-none-eabi/13.3.1/thumb/v7-m/nofp/crtend.o
LOAD C:/Users/Eryk/AppData/Local/stm32cube/bundles/gnu-tools-for-stm32/13.3.1+st.9/bin/../lib/gcc/arm-none-eabi/13.3.1/thumb/v7-m/nofp/crtn.o
                0x20005000                        _estack = (ORIGIN (RAM) + LENGTH (RAM))
                0x00000200                        _Min_Heap_Size = 0x200
                0x00000400                        _Min_Stack_Size = 0x400

.isr_vector     0x08010000      0x10c
                0x08010000                        . = ALIGN (0x4)
 *(.isr_vector)
 .isr_vector    0x08010000      0x10c CMakeFiles/gameBobPong.dir/startup_stm32f103xb.s.obj
                0x08010000                g_pfnVectors
                0x0801010c                        . = ALIGN (0x4)

.text           0x08010110     0x697c
                0x08010110                        . = ALIGN (0x4)
 *(.text)
 .text          0x08010110       0x40 C:/Users/Eryk/AppData/Local/stm32cube/bundles/gnu-tools-for-stm32/13.3.1+st.9/bin/../lib/gcc/arm-none-eabi/13.3.1/thumb/v7-m/nofp/crtbegin.o
 *(.text*)
 .text.SystemInit
                0x08010150       0x10 cmake/stm32cubemx/CMakeFiles/STM32_Drivers.dir/__/__/Core/Src/system_stm32f1xx.c.obj
                0x08010150                SystemInit
 .text.TIM_OC1_SetConfig
                0x08010160       0x50 cmake/stm32cubemx/CMakeFiles/STM32_Drivers.dir/__/__/Drivers/STM32F1xx_HAL_Driver/Src/stm32f1xx_hal_tim.c.obj
 .text.TIM_OC3_SetConfig
                0x080101b0       0x54 cmake/stm32cubemx/CMakeFiles/STM32_Drivers.dir/__/__/Drivers/STM32F1xx_HAL_Driver/Src/stm32f1xx_hal_tim.c.obj
 .text.TIM_OC4_SetConfig
                0x08010204       0x44 cmake/stm32cubemx/CMakeFiles/STM32_Drivers.dir/__/__/Drivers/STM32F1xx_HAL_Driver/Src/stm32f1xx_hal_tim.c.obj
 .text.HAL_TIM_Base_MspInit
                0x08010248        0x2 cmake/stm32cubemx/CMakeFiles/STM32_Drivers.dir/__/__/Drivers/STM32F1xx_HAL_Driver/Src/stm32f1xx_hal_tim.c.obj
                0x08010248                HAL_TIM_Base_MspInit
 *fill*         0x0801024a        0x2 
 .text.HAL_TIM_Base_Start_IT
                0x0801024c       0x54 cmake/stm32cubemx/CMakeFiles/STM32_Drivers.dir/__/__/Drivers/STM32F1xx_HAL_Driver/Src/stm32f1xx_hal_tim.c.obj
                0x0801024c                HAL_TIM_Base_Start_IT
 .text.HAL_TIM_OC_DelayElapsedCallback
                0x080102a0        0x2 cmake/stm32cubemx/CMakeFiles/STM32_Drivers.dir/__/__/Drivers/STM32F1xx_HAL_Driver/Src/stm32f1xx_hal_tim.c.obj
                0x080102a0                HAL_TIM_OC_DelayElapsedCallback
 .text.HAL_TIM_IC_CaptureCallback
                0x080102a2        0x2 cmake/stm32cubemx/CMakeFiles/STM32_Drivers.dir/__/__/Drivers/STM32F1xx_HAL_Driver/Src/stm32f1xx_hal_tim.c.obj
                0x080102a2                HAL_TIM_IC_CaptureCallback
 .text.HAL_TIM_PWM_PulseFinishedCallback
                0x080102a4        0x2 cmake/stm32cubemx/CMakeFiles/STM32_Drivers.dir/__/__/Drivers/STM32F1xx_HAL_Driver/Src/stm32f1xx_hal_tim.c.obj
                0x080102a4                HAL_TIM_PWM_PulseFinishedCallback
 .text.HAL_TIM_TriggerCallback
                0x080102a6        0x2 cmake/stm32cubemx/CMakeFiles/STM32_Drivers.dir/__/__/Drivers/STM32F1xx_HAL_Driver/Src/stm32f1xx_hal_tim.c.obj
                0x080102a6                HAL_TIM_TriggerCallback
 .text.HAL_TIM_IRQHandler
                0x080102a8      0x128 cmake/stm32cubemx/CMakeFiles/STM32_Drivers.dir/__/__/Drivers/STM32F1xx_HAL_Driver/Src/stm32f1xx_hal_tim.c.obj
                0x080102a8                HAL_TIM_IRQHandler
 .text.TIM_Base_SetConfig
                0x080103d0       0x64 cmake/stm32cubemx/CMakeFiles/STM32_Drivers.dir/__/__/Drivers/STM32F1xx_HAL_Driver/Src/stm32f1xx_hal_tim.c.obj
                0x080103d0                TIM_Base_SetConfig
 .text.HAL_TIM_Base_Init
                0x08010434       0x58 cmake/stm32cubemx/CMakeFiles/STM32_Drivers.dir/__/__/Drivers/STM32F1xx_HAL_Driver/Src/stm32f1xx_hal_tim.c.obj
                0x08010434                HAL_TIM_Base_Init
 .text.HAL_TIM_PWM_Init
                0x0801048c       0x58 cmake/stm32cubemx/CMakeFiles/STM32_Drivers.dir/__/__/Drivers/STM32F1xx_HAL_Driver/Src/stm32f1xx_hal_tim.c.obj
                0x0801048c                HAL_TIM_PWM_Init
 .text.TIM_OC2_SetConfig
                0x080104e4       0x58 cmake/stm32cubemx/CMakeFiles/STM32_Drivers.dir/__/__/Drivers/STM32F1xx_HAL_Driver/Src/stm32f1xx_hal_tim.c.obj
                0x080104e4                TIM_OC2_SetConfig
 .text.HAL_TIM_PWM_ConfigChannel
                0x0801053c       0xb0 cmake/stm32cubemx/CMakeFiles/STM32_Drivers.dir/__/__/Drivers/STM32F1xx_HAL_Driver/Src/stm32f1xx_hal_tim.c.obj
                0x0801053c                HAL_TIM_PWM_ConfigChannel
 .text.TIM_CCxChannelCmd
                0x080105ec       0x1c cmake/stm32cubemx/CMakeFiles/STM32_Drivers.dir/__/__/Drivers/STM32F1xx_HAL_Driver/Src/stm32f1xx_hal_tim.c.obj
                0x080105ec                TIM_CCxChannelCmd
 .text.HAL_TIM_OC_Start
                0x08010608       0x9c cmake/stm32cubemx/CMakeFiles/STM32_Drivers.dir/__/__/Drivers/STM32F1xx_HAL_Driver/Src/stm32f1xx_hal_tim.c.obj
                0x08010608                HAL_TIM_OC_Start
 .text.HAL_TIM_PWM_Start
                0x080106a4        0x4 cmake/stm32cubemx/CMakeFiles/STM32_Drivers.dir/__/__/Drivers/STM32F1xx_HAL_Driver/Src/stm32f1xx_hal_tim.c.obj
                0x080106a4                HAL_TIM_PWM_Start
 .text.HAL_TIM_OC_Stop
                0x080106a8       0x74 cmake/stm32cubemx/CMakeFiles/STM32_Drivers.dir/__/__/Drivers/STM32F1xx_HAL_Driver/Src/stm32f1xx_hal_tim.c.obj
                0x080106a8                HAL_TIM_OC_Stop
 .text.HAL_TIM_PWM_Stop
                0x0801071c        0x4 cmake/stm32cubemx/CMakeFiles/STM32_Drivers.dir/__/__/Drivers/STM32F1xx_HAL_Driver/Src/stm32f1xx_hal_tim.c.obj
                0x0801071c                HAL_TIM_PWM_Stop
 .text.HAL_TIMEx_MasterConfigSynchronization
                0x08010720       0x5c cmake/stm32cubemx/CMakeFiles/STM32_Drivers.dir/__/__/Drivers/STM32F1xx_HAL_Driver/Src/stm32f1xx_hal_tim_ex.c.obj
                0x08010720                HAL_TIMEx_MasterConfigSynchronization
 .text.HAL_TIMEx_ConfigBreakDeadTime
                0x0801077c       0x4c cmake/stm32cubemx/CMakeFiles/STM32_Drivers.dir/__/__/Drivers/STM32F1xx_HAL_Driver/Src/stm32f1xx_hal_tim_ex.c.obj
                0x0801077c                HAL_TIMEx_ConfigBreakDeadTime
 .text.HAL_TIMEx_CommutCallback
                0x080107c8        0x2 cmake/stm32cubemx/CMakeFiles/STM32_Drivers.dir/__/__/Drivers/STM32F1xx_HAL_Driver/Src/stm32f1xx_hal_tim_ex.c.obj
                0x080107c8                HAL_TIMEx_CommutCallback
 .text.HAL_TIMEx_BreakCallback
                0x080107ca        0x2 cmake/stm32cubemx/CMakeFiles/STM32_Drivers.dir/__/__/Drivers/STM32F1xx_HAL_Driver/Src/stm32f1xx_hal_tim_ex.c.obj
                0x080107ca                HAL_TIMEx_BreakCallback
 .text.HAL_ADC_PollForConversion
                0x080107cc      0x148 cmake/stm32cubemx/CMakeFiles/STM32_Drivers.dir/__/__/Drivers/STM32F1xx_HAL_Driver/Src/stm32f1xx_hal_adc.c.obj
                0x080107cc                HAL_ADC_PollForConversion
 .text.HAL_ADC_GetValue
                0x08010914        0x6 cmake/stm32cubemx/CMakeFiles/STM32_Drivers.dir/__/__/Drivers/STM32F1xx_HAL_Driver/Src/stm32f1xx_hal_adc.c.obj
                0x08010914                HAL_ADC_GetValue
 *fill*         0x0801091a        0x2 
 .text.HAL_ADC_ConfigChannel
                0x0801091c       0xfc cmake/stm32cubemx/CMakeFiles/STM32_Drivers.dir/__/__/Drivers/STM32F1xx_HAL_Driver/Src/stm32f1xx_hal_adc.c.obj
                0x0801091c                HAL_ADC_ConfigChannel
 .text.ADC_Enable
                0x08010a18       0x78 cmake/stm32cubemx/CMakeFiles/STM32_Drivers.dir/__/__/Drivers/STM32F1xx_HAL_Driver/Src/stm32f1xx_hal_adc.c.obj
                0x08010a18                ADC_Enable
 .text.HAL_ADC_Start
                0x08010a90       0xc4 cmake/stm32cubemx/CMakeFiles/STM32_Drivers.dir/__/__/Drivers/STM32F1xx_HAL_Driver/Src/stm32f1xx_hal_adc.c.obj
                0x08010a90                HAL_ADC_Start
 .text.ADC_ConversionStop_Disable
                0x08010b54       0x4c cmake/stm32cubemx/CMakeFiles/STM32_Drivers.dir/__/__/Drivers/STM32F1xx_HAL_Driver/Src/stm32f1xx_hal_adc.c.obj
                0x08010b54                ADC_ConversionStop_Disable
 .text.HAL_ADC_Init
                0x08010ba0       0xfc cmake/stm32cubemx/CMakeFiles/STM32_Drivers.dir/__/__/Drivers/STM32F1xx_HAL_Driver/Src/stm32f1xx_hal_adc.c.obj
                0x08010ba0                HAL_ADC_Init
 .text.HAL_Init
                0x08010c9c       0x24 cmake/stm32cubemx/CMakeFiles/STM32_Drivers.dir/__/__/Drivers/STM32F1xx_HAL_Driver/Src/stm32f1xx_hal.c.obj
                0x08010c9c                HAL_Init
 .text.HAL_IncTick
                0x08010cc0       0x18 cmake/stm32cubemx/CMakeFiles/STM32_Drivers.dir/__/__/Drivers/STM32F1xx_HAL_Driver/Src/stm32f1xx_hal.c.obj
                0x08010cc0                HAL_IncTick
 .text.HAL_GetTick
                0x08010cd8        0xc cmake/stm32cubemx/CMakeFiles/STM32_Drivers.dir/__/__/Drivers/STM32F1xx_HAL_Driver/Src/stm32f1xx_hal.c.obj
                0x08010cd8                HAL_GetTick
 .text.HAL_Delay
                0x08010ce4       0x24 cmake/stm32cubemx/CMakeFiles/STM32_Drivers.dir/__/__/Drivers/STM32F1xx_HAL_Driver/Src/stm32f1xx_hal.c.obj
                0x08010ce4                HAL_Delay
 .text.HAL_RCC_OscConfig
                0x08010d08      0x338 cmake/stm32cubemx/CMakeFiles/STM32_Drivers.dir/__/__/Drivers/STM32F1xx_HAL_Driver/Src/stm32f1xx_hal_rcc.c.obj
                0x08010d08                HAL_RCC_OscConfig
 .text.HAL_RCC_GetSysClockFreq
                0x08011040       0x4c cmake/stm32cubemx/CMakeFiles/STM32_Drivers.dir/__/__/Drivers/STM32F1xx_HAL_Driver/Src/stm32f1xx_hal_rcc.c.obj
                0x08011040                HAL_RCC_GetSysClockFreq
 .text.HAL_RCC_ClockConfig
                0x0801108c      0x138 cmake/stm32cubemx/CMakeFiles/STM32_Drivers.dir/__/__/Drivers/STM32F1xx_HAL_Driver/Src/stm32f1xx_hal_rcc.c.obj
                0x0801108c                HAL_RCC_ClockConfig
 .text.HAL_RCC_GetPCLK1Freq
                0x080111c4       0x20 cmake/stm32cubemx/CMakeFiles/STM32_Drivers.dir/__/__/Drivers/STM32F1xx_HAL_Driver/Src/stm32f1xx_hal_rcc.c.obj
                0x080111c4                HAL_RCC_GetPCLK1Freq
 .text.HAL_RCC_GetPCLK2Freq
                0x080111e4       0x20 cmake/stm32cubemx/CMakeFiles/STM32_Drivers.dir/__/__/Drivers/STM32F1xx_HAL_Driver/Src/stm32f1xx_hal_rcc.c.obj
                0x080111e4                HAL_RCC_GetPCLK2Freq
 .text.HAL_RCC_GetClockConfig
                0x08011204       0x3c cmake/stm32cubemx/CMakeFiles/STM32_Drivers.dir/__/__/Drivers/STM32F1xx_HAL_Driver/Src/stm32f1xx_hal_rcc.c.obj
                0x08011204                HAL_RCC_GetClockConfig
 .text.HAL_RCCEx_PeriphCLKConfig
                0x08011240       0xf4 cmake/stm32cubemx/CMakeFiles/STM32_Drivers.dir/__/__/Drivers/STM32F1xx_HAL_Driver/Src/stm32f1xx_hal_rcc_ex.c.obj
                0x08011240                HAL_RCCEx_PeriphCLKConfig
 .text.HAL_RCCEx_GetPeriphCLKFreq
                0x08011334       0xbc cmake/stm32cubemx/CMakeFiles/STM32_Drivers.dir/__/__/Drivers/STM32F1xx_HAL_Driver/Src/stm32f1xx_hal_rcc_ex.c.obj
                0x08011334                HAL_RCCEx_GetPeriphCLKFreq
 .text.HAL_GPIO_Init
                0x080113f0      0x1a8 cmake/stm32cubemx/CMakeFiles/STM32_Drivers.dir/__/__/Drivers/STM32F1xx_HAL_Driver/Src/stm32f1xx_hal_gpio.c.obj
                0x080113f0                HAL_GPIO_Init
 .text.HAL_GPIO_ReadPin
                0x08011598        0xc cmake/stm32cubemx/CMakeFiles/STM32_Drivers.dir/__/__/Drivers/STM32F1xx_HAL_Driver/Src/stm32f1xx_hal_gpio.c.obj
                0x08011598                HAL_GPIO_ReadPin
 .text.HAL_GPIO_WritePin
                0x080115a4        0xa cmake/stm32cubemx/CMakeFiles/STM32_Drivers.dir/__/__/Drivers/STM32F1xx_HAL_Driver/Src/stm32f1xx_hal_gpio.c.obj
                0x080115a4                HAL_GPIO_WritePin
 *fill*         0x080115ae        0x2 
 .text.HAL_DMA_Init
                0x080115b0       0x60 cmake/stm32cubemx/CMakeFiles/STM32_Drivers.dir/__/__/Drivers/STM32F1xx_HAL_Driver/Src/stm32f1xx_hal_dma.c.obj
                0x080115b0                HAL_DMA_Init
 .text.HAL_DMA_Start_IT
                0x08011610       0x78 cmake/stm32cubemx/CMakeFiles/STM32_Drivers.dir/__/__/Drivers/STM32F1xx_HAL_Driver/Src/stm32f1xx_hal_dma.c.obj
                0x08011610                HAL_DMA_Start_IT
 .text.HAL_DMA_IRQHandler
                0x08011688      0x128 cmake/stm32cubemx/CMakeFiles/STM32_Drivers.dir/__/__/Drivers/STM32F1xx_HAL_Driver/Src/stm32f1xx_hal_dma.c.obj
                0x08011688                HAL_DMA_IRQHandler
 .text.HAL_DMA_GetState
                0x080117b0        0x6 cmake/stm32cubemx/CMakeFiles/STM32_Drivers.dir/__/__/Drivers/STM32F1xx_HAL_Driver/Src/stm32f1xx_hal_dma.c.obj
                0x080117b0                HAL_DMA_GetState
 *fill*         0x080117b6        0x2 
 .text.HAL_NVIC_SetPriorityGrouping
                0x080117b8       0x24 cmake/stm32cubemx/CMakeFiles/STM32_Drivers.dir/__/__/Drivers/STM32F1xx_HAL_Driver/Src/stm32f1xx_hal_cortex.c.obj
                0x080117b8                HAL_NVIC_SetPriorityGrouping
 .text.HAL_NVIC_SetPriority
                0x080117dc       0x60 cmake/stm32cubemx/CMakeFiles/STM32_Drivers.dir/__/__/Drivers/STM32F1xx_HAL_Driver/Src/stm32f1xx_hal_cortex.c.obj
                0x080117dc                HAL_NVIC_SetPriority
 .text.HAL_NVIC_EnableIRQ
                0x0801183c       0x1c cmake/stm32cubemx/CMakeFiles/STM32_Drivers.dir/__/__/Drivers/STM32F1xx_HAL_Driver/Src/stm32f1xx_hal_cortex.c.obj
                0x0801183c                HAL_NVIC_EnableIRQ
 .text.SPI_WaitFlagStateUntilTimeout
                0x08011858       0xb8 cmake/stm32cubemx/CMakeFiles/STM32_Drivers.dir/__/__/Drivers/STM32F1xx_HAL_Driver/Src/stm32f1xx_hal_spi.c.obj
 .text.SPI_EndRxTxTransaction
                0x08011910       0x38 cmake/stm32cubemx/CMakeFiles/STM32_Drivers.dir/__/__/Drivers/STM32F1xx_HAL_Driver/Src/stm32f1xx_hal_spi.c.obj
 .text.HAL_SPI_Init
                0x08011948       0xb0 cmake/stm32cubemx/CMakeFiles/STM32_Drivers.dir/__/__/Drivers/STM32F1xx_HAL_Driver/Src/stm32f1xx_hal_spi.c.obj
                0x08011948                HAL_SPI_Init
 .text.HAL_SPI_Transmit
                0x080119f8      0x160 cmake/stm32cubemx/CMakeFiles/STM32_Drivers.dir/__/__/Drivers/STM32F1xx_HAL_Driver/Src/stm32f1xx_hal_spi.c.obj
                0x080119f8                HAL_SPI_Transmit
 .text.HAL_SPI_Transmit_DMA
                0x08011b58       0xbc cmake/stm32cubemx/CMakeFiles/STM32_Drivers.dir/__/__/Drivers/STM32F1xx_HAL_Driver/Src/stm32f1xx_hal_spi.c.obj
                0x08011b58                HAL_SPI_Transmit_DMA
 .text.HAL_SPI_TxCpltCallback
                0x08011c14        0x2 cmake/stm32cubemx/CMakeFiles/STM32_Drivers.dir/__/__/Drivers/STM32F1xx_HAL_Driver/Src/stm32f1xx_hal_spi.c.obj
                0x08011c14                HAL_SPI_TxCpltCallback
 .text.HAL_SPI_TxHalfCpltCallback
                0x08011c16        0x2 cmake/stm32cubemx/CMakeFiles/STM32_Drivers.dir/__/__/Drivers/STM32F1xx_HAL_Driver/Src/stm32f1xx_hal_spi.c.obj
                0x08011c16                HAL_SPI_TxHalfCpltCallback
 .text.SPI_DMAHalfTransmitCplt
                0x08011c18        0xa cmake/stm32cubemx/CMakeFiles/STM32_Drivers.dir/__/__/Drivers/STM32F1xx_HAL_Driver/Src/stm32f1xx_hal_spi.c.obj
 .text.HAL_SPI_ErrorCallback
                0x08011c22        0x2 cmake/stm32cubemx/CMakeFiles/STM32_Drivers.dir/__/__/Drivers/STM32F1xx_HAL_Driver/Src/stm32f1xx_hal_spi.c.obj
                0x08011c22                HAL_SPI_ErrorCallback
 .text.SPI_DMAError
                0x08011c24       0x22 cmake/stm32cubemx/CMakeFiles/STM32_Drivers.dir/__/__/Drivers/STM32F1xx_HAL_Driver/Src/stm32f1xx_hal_spi.c.obj
 .text.SPI_DMATransmitCplt
                0x08011c46       0x6a cmake/stm32cubemx/CMakeFiles/STM32_Drivers.dir/__/__/Drivers/STM32F1xx_HAL_Driver/Src/stm32f1xx_hal_spi.c.obj
 .text.UART_SetConfig
                0x08011cb0       0x74 cmake/stm32cubemx/CMakeFiles/STM32_Drivers.dir/__/__/Drivers/STM32F1xx_HAL_Driver/Src/stm32f1xx_hal_uart.c.obj
 .text.HAL_UART_Init
                0x08011d24       0x5e cmake/stm32cubemx/CMakeFiles/STM32_Drivers.dir/__/__/Drivers/STM32F1xx_HAL_Driver/Src/stm32f1xx_hal_uart.c.obj
                0x08011d24                HAL_UART_Init
 *fill*         0x08011d82        0x2 
 .text.taskGameLogic
                0x08011d84       0x40 CMakeFiles/gameBobPong.dir/Core/Src/main.c.obj
 .text.SystemClock_Config
                0x08011dc4       0x7a CMakeFiles/gameBobPong.dir/Core/Src/main.c.obj
                0x08011dc4                SystemClock_Config
 .text.ADC_SetActiveChannel
                0x08011e3e       0x1e CMakeFiles/gameBobPong.dir/Core/Src/main.c.obj
                0x08011e3e                ADC_SetActiveChannel
 .text.taskGetUserInput
                0x08011e5c       0xe8 CMakeFiles/gameBobPong.dir/Core/Src/main.c.obj
 .text.startup.main
                0x08011f44      0x360 CMakeFiles/gameBobPong.dir/Core/Src/main.c.obj
                0x08011f44                main
 .text.vApplicationGetIdleTaskMemory
                0x080122a4       0x18 CMakeFiles/gameBobPong.dir/Core/Src/main.c.obj
                0x080122a4                vApplicationGetIdleTaskMemory
 .text.HAL_TIM_PeriodElapsedCallback
                0x080122bc        0xe CMakeFiles/gameBobPong.dir/Core/Src/main.c.obj
                0x080122bc                HAL_TIM_PeriodElapsedCallback
 .text.Error_Handler
                0x080122ca        0x4 CMakeFiles/gameBobPong.dir/Core/Src/main.c.obj
                0x080122ca                Error_Handler
 .text.NMI_Handler
                0x080122ce        0x2 CMakeFiles/gameBobPong.dir/Core/Src/stm32f1xx_it.c.obj
                0x080122ce                NMI_Handler
 .text.HardFault_Handler
                0x080122d0        0x2 CMakeFiles/gameBobPong.dir/Core/Src/stm32f1xx_it.c.obj
                0x080122d0                HardFault_Handler
 .text.MemManage_Handler
                0x080122d2        0x2 CMakeFiles/gameBobPong.dir/Core/Src/stm32f1xx_it.c.obj
                0x080122d2                MemManage_Handler
 .text.BusFault_Handler
                0x080122d4        0x2 CMakeFiles/gameBobPong.dir/Core/Src/stm32f1xx_it.c.obj
                0x080122d4                BusFault_Handler
 .text.UsageFault_Handler
                0x080122d6        0x2 CMakeFiles/gameBobPong.dir/Core/Src/stm32f1xx_it.c.obj
                0x080122d6                UsageFault_Handler
 .text.DebugMon_Handler
                0x080122d8        0x2 CMakeFiles/gameBobPong.dir/Core/Src/stm32f1xx_it.c.obj
                0x080122d8                DebugMon_Handler
 *fill*         0x080122da        0x2 
 .text.DMA1_Channel3_IRQHandler
                0x080122dc        0xc CMakeFiles/gameBobPong.dir/Core/Src/stm32f1xx_it.c.obj
                0x080122dc                DMA1_Channel3_IRQHandler
 .text.TIM2_IRQHandler
                0x080122e8        0xc CMakeFiles/gameBobPong.dir/Core/Src/stm32f1xx_it.c.obj
                0x080122e8                TIM2_IRQHandler
 .text.HAL_MspInit
                0x080122f4       0x44 CMakeFiles/gameBobPong.dir/Core/Src/stm32f1xx_hal_msp.c.obj
                0x080122f4                HAL_MspInit
 .text.HAL_ADC_MspInit
                0x08012338       0xa4 CMakeFiles/gameBobPong.dir/Core/Src/stm32f1xx_hal_msp.c.obj
                0x08012338                HAL_ADC_MspInit
 .text.HAL_SPI_MspInit
                0x080123dc       0xa4 CMakeFiles/gameBobPong.dir/Core/Src/stm32f1xx_hal_msp.c.obj
                0x080123dc                HAL_SPI_MspInit
 .text.HAL_TIM_PWM_MspInit
                0x08012480       0x28 CMakeFiles/gameBobPong.dir/Core/Src/stm32f1xx_hal_msp.c.obj
                0x08012480                HAL_TIM_PWM_MspInit
 .text.HAL_TIM_MspPostInit
                0x080124a8       0x50 CMakeFiles/gameBobPong.dir/Core/Src/stm32f1xx_hal_msp.c.obj
                0x080124a8                HAL_TIM_MspPostInit
 .text.HAL_UART_MspInit
                0x080124f8       0xd4 CMakeFiles/gameBobPong.dir/Core/Src/stm32f1xx_hal_msp.c.obj
                0x080124f8                HAL_UART_MspInit
 .text.HAL_InitTick
                0x080125cc       0x98 CMakeFiles/gameBobPong.dir/Core/Src/stm32f1xx_hal_timebase_tim.c.obj
                0x080125cc                HAL_InitTick
 .text._sbrk    0x08012664       0x40 CMakeFiles/gameBobPong.dir/Core/Src/sysmem.c.obj
                0x08012664                _sbrk
 .text._getpid  0x080126a4        0x4 CMakeFiles/gameBobPong.dir/Core/Src/syscalls.c.obj
                0x080126a4                _getpid
 .text._kill    0x080126a8       0x10 CMakeFiles/gameBobPong.dir/Core/Src/syscalls.c.obj
                0x080126a8                _kill
 .text._exit    0x080126b8        0xc CMakeFiles/gameBobPong.dir/Core/Src/syscalls.c.obj
                0x080126b8                _exit
 .text._read    0x080126c4       0x1c CMakeFiles/gameBobPong.dir/Core/Src/syscalls.c.obj
                0x080126c4                _read
 .text._write   0x080126e0       0x1c CMakeFiles/gameBobPong.dir/Core/Src/syscalls.c.obj
                0x080126e0                _write
 .text._close   0x080126fc        0x6 CMakeFiles/gameBobPong.dir/Core/Src/syscalls.c.obj
                0x080126fc                _close
 .text._fstat   0x08012702        0xa CMakeFiles/gameBobPong.dir/Core/Src/syscalls.c.obj
                0x08012702                _fstat
 .text._isatty  0x0801270c        0x4 CMakeFiles/gameBobPong.dir/Core/Src/syscalls.c.obj
                0x0801270c                _isatty
 .text._lseek   0x08012710        0x4 CMakeFiles/gameBobPong.dir/Core/Src/syscalls.c.obj
                0x08012710                _lseek
 .text.Reset_Handler
                0x08012714       0x48 CMakeFiles/gameBobPong.dir/startup_stm32f103xb.s.obj
                0x08012714                Reset_Handler
 .text.Default_Handler
                0x0801275c        0x2 CMakeFiles/gameBobPong.dir/startup_stm32f103xb.s.obj
                0x0801275c                RTC_Alarm_IRQHandler
                0x0801275c                EXTI2_IRQHandler
                0x0801275c                TIM1_CC_IRQHandler
                0x0801275c                PVD_IRQHandler
                0x0801275c                EXTI3_IRQHandler
                0x0801275c                EXTI0_IRQHandler
                0x0801275c                I2C2_EV_IRQHandler
                0x0801275c                ADC1_2_IRQHandler
                0x0801275c                SPI1_IRQHandler
                0x0801275c                TAMPER_IRQHandler
                0x0801275c                DMA1_Channel4_IRQHandler
                0x0801275c                USART3_IRQHandler
                0x0801275c                RTC_IRQHandler
                0x0801275c                DMA1_Channel7_IRQHandler
                0x0801275c                CAN1_RX1_IRQHandler
                0x0801275c                TIM4_IRQHandler
                0x0801275c                I2C1_EV_IRQHandler
                0x0801275c                DMA1_Channel6_IRQHandler
                0x0801275c                TIM3_IRQHandler
                0x0801275c                RCC_IRQHandler
                0x0801275c                TIM1_TRG_COM_IRQHandler
                0x0801275c                DMA1_Channel1_IRQHandler
                0x0801275c                Default_Handler
                0x0801275c                EXTI15_10_IRQHandler
                0x0801275c                EXTI9_5_IRQHandler
                0x0801275c                SPI2_IRQHandler
                0x0801275c                DMA1_Channel5_IRQHandler
                0x0801275c                EXTI4_IRQHandler
                0x0801275c                USB_LP_CAN1_RX0_IRQHandler
                0x0801275c                USB_HP_CAN1_TX_IRQHandler
                0x0801275c                TIM1_UP_IRQHandler
                0x0801275c                WWDG_IRQHandler
                0x0801275c                TIM1_BRK_IRQHandler
                0x0801275c                EXTI1_IRQHandler
                0x0801275c                USART2_IRQHandler
                0x0801275c                I2C2_ER_IRQHandler
                0x0801275c                DMA1_Channel2_IRQHandler
                0x0801275c                CAN1_SCE_IRQHandler
                0x0801275c                FLASH_IRQHandler
                0x0801275c                USART1_IRQHandler
                0x0801275c                I2C1_ER_IRQHandler
                0x0801275c                USBWakeUp_IRQHandler
 .text.clearDisplay
                0x0801275e       0x10 CMakeFiles/gameBobPong.dir/Core/Src/pong.c.obj
 *fill*         0x0801276e        0x2 
 .text.updateBallAngle
                0x08012770       0x30 CMakeFiles/gameBobPong.dir/Core/Src/pong.c.obj
 .text.drawPlayer
                0x080127a0       0xde CMakeFiles/gameBobPong.dir/Core/Src/pong.c.obj
 *fill*         0x0801287e        0x2 
 .text.drawScore
                0x08012880       0xc8 CMakeFiles/gameBobPong.dir/Core/Src/pong.c.obj
 .text.drawMainMenu
                0x08012948      0x220 CMakeFiles/gameBobPong.dir/Core/Src/pong.c.obj
 .text.updatePlayerPosition.part.0
                0x08012b68       0x4e CMakeFiles/gameBobPong.dir/Core/Src/pong.c.obj
 *fill*         0x08012bb6        0x2 
 .text.initGame
                0x08012bb8       0xa0 CMakeFiles/gameBobPong.dir/Core/Src/pong.c.obj
                0x08012bb8                initGame
 .text.gameInput
                0x08012c58       0x4c CMakeFiles/gameBobPong.dir/Core/Src/pong.c.obj
                0x08012c58                gameInput
 .text.gameLogic
                0x08012ca4      0x6d8 CMakeFiles/gameBobPong.dir/Core/Src/pong.c.obj
                0x08012ca4                gameLogic
 .text.LCD_WriteData
                0x0801337c       0x84 CMakeFiles/gameBobPong.dir/Drivers/LCD/lcd.c.obj
 .text.LCD_FillPixels
                0x08013400       0x46 CMakeFiles/gameBobPong.dir/Drivers/LCD/lcd.c.obj
                0x08013400                LCD_FillPixels
 *fill*         0x08013446        0x2 
 .text.setSPI_Size.part.0
                0x08013448       0x38 CMakeFiles/gameBobPong.dir/Drivers/LCD/lcd.c.obj
 .text.setDMAMemMode
                0x08013480       0x90 CMakeFiles/gameBobPong.dir/Drivers/LCD/lcd.c.obj
 .text.LCD_Update
                0x08013510        0x8 CMakeFiles/gameBobPong.dir/Drivers/LCD/lcd.c.obj
 .text.LCD_WriteCommand
                0x08013518       0x5c CMakeFiles/gameBobPong.dir/Drivers/LCD/lcd.c.obj
 .text.LCD_SetAddressWindow
                0x08013574       0x5c CMakeFiles/gameBobPong.dir/Drivers/LCD/lcd.c.obj
 .text.LCD_FillArea
                0x080135d0       0x34 CMakeFiles/gameBobPong.dir/Drivers/LCD/lcd.c.obj
                0x080135d0                LCD_FillArea
 .text.LCD_DrawPixel
                0x08013604       0x48 CMakeFiles/gameBobPong.dir/Drivers/LCD/lcd.c.obj
                0x08013604                LCD_DrawPixel
 .text.LCD_Fill
                0x0801364c       0x36 CMakeFiles/gameBobPong.dir/Drivers/LCD/lcd.c.obj
                0x0801364c                LCD_Fill
 .text.LCD_DrawLine
                0x08013682       0x38 CMakeFiles/gameBobPong.dir/Drivers/LCD/lcd.c.obj
                0x08013682                LCD_DrawLine
 .text.LCD_DrawImage
                0x080136ba       0x56 CMakeFiles/gameBobPong.dir/Drivers/LCD/lcd.c.obj
                0x080136ba                LCD_DrawImage
 .text.LCD_PutStr
                0x08013710       0x32 CMakeFiles/gameBobPong.dir/Drivers/LCD/lcd.c.obj
                0x08013710                LCD_PutStr
 .text.LCD_setPower
                0x08013742       0x1c CMakeFiles/gameBobPong.dir/Drivers/LCD/lcd.c.obj
                0x08013742                LCD_setPower
 *fill*         0x0801375e        0x2 
 .text.LCD_init
                0x08013760       0xa4 CMakeFiles/gameBobPong.dir/Drivers/LCD/lcd.c.obj
                0x08013760                LCD_init
 .text._UG_GetCharData
                0x08013804      0x11c CMakeFiles/gameBobPong.dir/Drivers/UGUI/ugui.c.obj
 .text._UG_FontSelect
                0x08013920       0x64 CMakeFiles/gameBobPong.dir/Drivers/UGUI/ugui.c.obj
 .text._UG_PutChar
                0x08013984      0x378 CMakeFiles/gameBobPong.dir/Drivers/UGUI/ugui.c.obj
 .text._UG_DecodeUTF8
                0x08013cfc       0x74 CMakeFiles/gameBobPong.dir/Drivers/UGUI/ugui.c.obj
 .text.UG_Init  0x08013d70       0x70 CMakeFiles/gameBobPong.dir/Drivers/UGUI/ugui.c.obj
                0x08013d70                UG_Init
 .text.UG_FontSelect
                0x08013de0        0xc CMakeFiles/gameBobPong.dir/Drivers/UGUI/ugui.c.obj
                0x08013de0                UG_FontSelect
 .text.UG_FillFrame
                0x08013dec       0x80 CMakeFiles/gameBobPong.dir/Drivers/UGUI/ugui.c.obj
                0x08013dec                UG_FillFrame
 .text.UG_FillScreen
                0x08013e6c       0x28 CMakeFiles/gameBobPong.dir/Drivers/UGUI/ugui.c.obj
                0x08013e6c                UG_FillScreen
 .text.UG_DrawCircle
                0x08013e94      0x138 CMakeFiles/gameBobPong.dir/Drivers/UGUI/ugui.c.obj
                0x08013e94                UG_DrawCircle
 .text.UG_DrawLine
                0x08013fcc      0x118 CMakeFiles/gameBobPong.dir/Drivers/UGUI/ugui.c.obj
                0x08013fcc                UG_DrawLine
 .text.UG_FillCircle
                0x080140e4       0xea CMakeFiles/gameBobPong.dir/Drivers/UGUI/ugui.c.obj
                0x080140e4                UG_FillCircle
 *fill*         0x080141ce        0x2 
 .text.UG_PutString
                0x080141d0       0xb4 CMakeFiles/gameBobPong.dir/Drivers/UGUI/ugui.c.obj
                0x080141d0                UG_PutString
 .text.UG_SetForecolor
                0x08014284       0x10 CMakeFiles/gameBobPong.dir/Drivers/UGUI/ugui.c.obj
                0x08014284                UG_SetForecolor
 .text.UG_SetBackcolor
                0x08014294       0x10 CMakeFiles/gameBobPong.dir/Drivers/UGUI/ugui.c.obj
                0x08014294                UG_SetBackcolor
 .text.UG_FontSetHSpace
                0x080142a4       0x10 CMakeFiles/gameBobPong.dir/Drivers/UGUI/ugui.c.obj
                0x080142a4                UG_FontSetHSpace
 .text.UG_FontSetVSpace
                0x080142b4       0x10 CMakeFiles/gameBobPong.dir/Drivers/UGUI/ugui.c.obj
                0x080142b4                UG_FontSetVSpace
 .text._UG_PutText
                0x080142c4      0x15c CMakeFiles/gameBobPong.dir/Drivers/UGUI/ugui.c.obj
                0x080142c4                _UG_PutText
 .text._UG_WindowDrawTitle.isra.0
                0x08014420       0xd4 CMakeFiles/gameBobPong.dir/Drivers/UGUI/ugui.c.obj
 .text._UG_DrawObjectFrame
                0x080144f4      0x12e CMakeFiles/gameBobPong.dir/Drivers/UGUI/ugui.c.obj
                0x080144f4                _UG_DrawObjectFrame
 *fill*         0x08014622        0x2 
 .text.UG_DriverRegister
                0x08014624       0x1c CMakeFiles/gameBobPong.dir/Drivers/UGUI/ugui.c.obj
                0x08014624                UG_DriverRegister
 .text.UG_Update
                0x08014640      0x2a0 CMakeFiles/gameBobPong.dir/Drivers/UGUI/ugui.c.obj
                0x08014640                UG_Update
 .text.vListInitialise
                0x080148e0       0x16 CMakeFiles/gameBobPong.dir/ThirdParty/FreeRTOS/list.c.obj
                0x080148e0                vListInitialise
 .text.vListInitialiseItem
                0x080148f6        0x6 CMakeFiles/gameBobPong.dir/ThirdParty/FreeRTOS/list.c.obj
                0x080148f6                vListInitialiseItem
 .text.vListInsert
                0x080148fc       0x2e CMakeFiles/gameBobPong.dir/ThirdParty/FreeRTOS/list.c.obj
                0x080148fc                vListInsert
 .text.uxListRemove
                0x0801492a       0x20 CMakeFiles/gameBobPong.dir/ThirdParty/FreeRTOS/list.c.obj
                0x0801492a                uxListRemove
 *fill*         0x0801494a        0x2 
 .text.prvPortStartFirstTask
                0x0801494c       0x20 CMakeFiles/gameBobPong.dir/ThirdParty/FreeRTOS/portable/GCC/ARM_CM3/port.c.obj
 .text.prvTaskExitError
                0x0801496c       0x40 CMakeFiles/gameBobPong.dir/ThirdParty/FreeRTOS/portable/GCC/ARM_CM3/port.c.obj
 .text.pxPortInitialiseStack
                0x080149ac       0x24 CMakeFiles/gameBobPong.dir/ThirdParty/FreeRTOS/portable/GCC/ARM_CM3/port.c.obj
                0x080149ac                pxPortInitialiseStack
 .text.SVC_Handler
                0x080149d0       0x24 CMakeFiles/gameBobPong.dir/ThirdParty/FreeRTOS/portable/GCC/ARM_CM3/port.c.obj
                0x080149d0                SVC_Handler
 .text.vPortEnterCritical
                0x080149f4       0x40 CMakeFiles/gameBobPong.dir/ThirdParty/FreeRTOS/portable/GCC/ARM_CM3/port.c.obj
                0x080149f4                vPortEnterCritical
 .text.vPortExitCritical
                0x08014a34       0x28 CMakeFiles/gameBobPong.dir/ThirdParty/FreeRTOS/portable/GCC/ARM_CM3/port.c.obj
                0x08014a34                vPortExitCritical
 *fill*         0x08014a5c        0x4 
 .text.PendSV_Handler
                0x08014a60       0x44 CMakeFiles/gameBobPong.dir/ThirdParty/FreeRTOS/portable/GCC/ARM_CM3/port.c.obj
                0x08014a60                PendSV_Handler
 .text.SysTick_Handler
                0x08014aa4       0x2c CMakeFiles/gameBobPong.dir/ThirdParty/FreeRTOS/portable/GCC/ARM_CM3/port.c.obj
                0x08014aa4                SysTick_Handler
 .text.vPortSetupTimerInterrupt
                0x08014ad0       0x24 CMakeFiles/gameBobPong.dir/ThirdParty/FreeRTOS/portable/GCC/ARM_CM3/port.c.obj
                0x08014ad0                vPortSetupTimerInterrupt
 .text.xPortStartScheduler
                0x08014af4       0xb0 CMakeFiles/gameBobPong.dir/ThirdParty/FreeRTOS/portable/GCC/ARM_CM3/port.c.obj
                0x08014af4                xPortStartScheduler
 .text.prvInsertBlockIntoFreeList
                0x08014ba4       0x4c CMakeFiles/gameBobPong.dir/ThirdParty/FreeRTOS/portable/MemMang/heap_4.c.obj
 .text.pvPortMalloc
                0x08014bf0      0x120 CMakeFiles/gameBobPong.dir/ThirdParty/FreeRTOS/portable/MemMang/heap_4.c.obj
                0x08014bf0                pvPortMalloc
 .text.vPortFree
                0x08014d10       0x74 CMakeFiles/gameBobPong.dir/ThirdParty/FreeRTOS/portable/MemMang/heap_4.c.obj
                0x08014d10                vPortFree
 .text.prvAddNewTaskToReadyList
                0x08014d84      0x10c CMakeFiles/gameBobPong.dir/ThirdParty/FreeRTOS/tasks.c.obj
 .text.prvAddCurrentTaskToDelayedList
                0x08014e90       0xa0 CMakeFiles/gameBobPong.dir/ThirdParty/FreeRTOS/tasks.c.obj
 .text.prvResetNextTaskUnblockTime
                0x08014f30       0x24 CMakeFiles/gameBobPong.dir/ThirdParty/FreeRTOS/tasks.c.obj
 .text.prvDeleteTCB
                0x08014f54       0x44 CMakeFiles/gameBobPong.dir/ThirdParty/FreeRTOS/tasks.c.obj
 .text.prvIdleTask
                0x08014f98       0x60 CMakeFiles/gameBobPong.dir/ThirdParty/FreeRTOS/tasks.c.obj
 .text.prvInitialiseNewTask.constprop.0
                0x08014ff8       0xd8 CMakeFiles/gameBobPong.dir/ThirdParty/FreeRTOS/tasks.c.obj
 .text.xTaskCreateStatic
                0x080150d0       0x94 CMakeFiles/gameBobPong.dir/ThirdParty/FreeRTOS/tasks.c.obj
                0x080150d0                xTaskCreateStatic
 .text.xTaskCreate
                0x08015164       0x62 CMakeFiles/gameBobPong.dir/ThirdParty/FreeRTOS/tasks.c.obj
                0x08015164                xTaskCreate
 *fill*         0x080151c6        0x2 
 .text.vTaskStartScheduler
                0x080151c8       0x84 CMakeFiles/gameBobPong.dir/ThirdParty/FreeRTOS/tasks.c.obj
                0x080151c8                vTaskStartScheduler
 .text.vTaskSuspendAll
                0x0801524c       0x10 CMakeFiles/gameBobPong.dir/ThirdParty/FreeRTOS/tasks.c.obj
                0x0801524c                vTaskSuspendAll
 .text.xTaskIncrementTick
                0x0801525c      0x16c CMakeFiles/gameBobPong.dir/ThirdParty/FreeRTOS/tasks.c.obj
                0x0801525c                xTaskIncrementTick
 .text.xTaskResumeAll
                0x080153c8      0x13c CMakeFiles/gameBobPong.dir/ThirdParty/FreeRTOS/tasks.c.obj
                0x080153c8                xTaskResumeAll
 .text.vTaskDelay
                0x08015504       0x48 CMakeFiles/gameBobPong.dir/ThirdParty/FreeRTOS/tasks.c.obj
                0x08015504                vTaskDelay
 .text.vTaskSwitchContext
                0x0801554c       0x84 CMakeFiles/gameBobPong.dir/ThirdParty/FreeRTOS/tasks.c.obj
                0x0801554c                vTaskSwitchContext
 .text.srand    0x080155d0       0x5c C:/Users/Eryk/AppData/Local/stm32cube/bundles/gnu-tools-for-stm32/13.3.1+st.9/bin/../lib/gcc/arm-none-eabi/13.3.1/../../../../arm-none-eabi/lib/thumb/v7-m/nofp\libg_nano.a(libc_a-rand.o)
                0x080155d0                srand
 .text.rand     0x0801562c       0x7c C:/Users/Eryk/AppData/Local/stm32cube/bundles/gnu-tools-for-stm32/13.3.1+st.9/bin/../lib/gcc/arm-none-eabi/13.3.1/../../../../arm-none-eabi/lib/thumb/v7-m/nofp\libg_nano.a(libc_a-rand.o)
                0x0801562c                rand
 .text.std      0x080156a8       0x6c C:/Users/Eryk/AppData/Local/stm32cube/bundles/gnu-tools-for-stm32/13.3.1+st.9/bin/../lib/gcc/arm-none-eabi/13.3.1/../../../../arm-none-eabi/lib/thumb/v7-m/nofp\libg_nano.a(libc_a-findfp.o)
 .text.stdio_exit_handler
                0x08015714       0x18 C:/Users/Eryk/AppData/Local/stm32cube/bundles/gnu-tools-for-stm32/13.3.1+st.9/bin/../lib/gcc/arm-none-eabi/13.3.1/../../../../arm-none-eabi/lib/thumb/v7-m/nofp\libg_nano.a(libc_a-findfp.o)
 .text.cleanup_stdio
                0x0801572c       0x40 C:/Users/Eryk/AppData/Local/stm32cube/bundles/gnu-tools-for-stm32/13.3.1+st.9/bin/../lib/gcc/arm-none-eabi/13.3.1/../../../../arm-none-eabi/lib/thumb/v7-m/nofp\libg_nano.a(libc_a-findfp.o)
 .text.global_stdio_init.part.0
                0x0801576c       0x3c C:/Users/Eryk/AppData/Local/stm32cube/bundles/gnu-tools-for-stm32/13.3.1+st.9/bin/../lib/gcc/arm-none-eabi/13.3.1/../../../../arm-none-eabi/lib/thumb/v7-m/nofp\libg_nano.a(libc_a-findfp.o)
 .text.__sfp_lock_acquire
                0x080157a8        0xc C:/Users/Eryk/AppData/Local/stm32cube/bundles/gnu-tools-for-stm32/13.3.1+st.9/bin/../lib/gcc/arm-none-eabi/13.3.1/../../../../arm-none-eabi/lib/thumb/v7-m/nofp\libg_nano.a(libc_a-findfp.o)
                0x080157a8                __sfp_lock_acquire
 .text.__sfp_lock_release
                0x080157b4        0xc C:/Users/Eryk/AppData/Local/stm32cube/bundles/gnu-tools-for-stm32/13.3.1+st.9/bin/../lib/gcc/arm-none-eabi/13.3.1/../../../../arm-none-eabi/lib/thumb/v7-m/nofp\libg_nano.a(libc_a-findfp.o)
                0x080157b4                __sfp_lock_release
 .text.__sinit  0x080157c0       0x30 C:/Users/Eryk/AppData/Local/stm32cube/bundles/gnu-tools-for-stm32/13.3.1+st.9/bin/../lib/gcc/arm-none-eabi/13.3.1/../../../../arm-none-eabi/lib/thumb/v7-m/nofp\libg_nano.a(libc_a-findfp.o)
                0x080157c0                __sinit
 .text._fwalk_sglue
                0x080157f0       0x3c C:/Users/Eryk/AppData/Local/stm32cube/bundles/gnu-tools-for-stm32/13.3.1+st.9/bin/../lib/gcc/arm-none-eabi/13.3.1/../../../../arm-none-eabi/lib/thumb/v7-m/nofp\libg_nano.a(libc_a-fwalk.o)
                0x080157f0                _fwalk_sglue
 .text.sprintf  0x0801582c       0x44 C:/Users/Eryk/AppData/Local/stm32cube/bundles/gnu-tools-for-stm32/13.3.1+st.9/bin/../lib/gcc/arm-none-eabi/13.3.1/../../../../arm-none-eabi/lib/thumb/v7-m/nofp\libg_nano.a(libc_a-sprintf.o)
                0x0801582c                siprintf
                0x0801582c                sprintf
 .text.__sread  0x08015870       0x22 C:/Users/Eryk/AppData/Local/stm32cube/bundles/gnu-tools-for-stm32/13.3.1+st.9/bin/../lib/gcc/arm-none-eabi/13.3.1/../../../../arm-none-eabi/lib/thumb/v7-m/nofp\libg_nano.a(libc_a-stdio.o)
                0x08015870                __sread
 .text.__swrite
                0x08015892       0x38 C:/Users/Eryk/AppData/Local/stm32cube/bundles/gnu-tools-for-stm32/13.3.1+st.9/bin/../lib/gcc/arm-none-eabi/13.3.1/../../../../arm-none-eabi/lib/thumb/v7-m/nofp\libg_nano.a(libc_a-stdio.o)
                0x08015892                __swrite
 .text.__sseek  0x080158ca       0x24 C:/Users/Eryk/AppData/Local/stm32cube/bundles/gnu-tools-for-stm32/13.3.1+st.9/bin/../lib/gcc/arm-none-eabi/13.3.1/../../../../arm-none-eabi/lib/thumb/v7-m/nofp\libg_nano.a(libc_a-stdio.o)
                0x080158ca                __sseek
 .text.__sclose
                0x080158ee        0x8 C:/Users/Eryk/AppData/Local/stm32cube/bundles/gnu-tools-for-stm32/13.3.1+st.9/bin/../lib/gcc/arm-none-eabi/13.3.1/../../../../arm-none-eabi/lib/thumb/v7-m/nofp\libg_nano.a(libc_a-stdio.o)
                0x080158ee                __sclose
 .text.memset   0x080158f6       0x10 C:/Users/Eryk/AppData/Local/stm32cube/bundles/gnu-tools-for-stm32/13.3.1+st.9/bin/../lib/gcc/arm-none-eabi/13.3.1/../../../../arm-none-eabi/lib/thumb/v7-m/nofp\libg_nano.a(libc_a-memset.o)
                0x080158f6                memset
 *fill*         0x08015906        0x2 
 .text._close_r
                0x08015908       0x20 C:/Users/Eryk/AppData/Local/stm32cube/bundles/gnu-tools-for-stm32/13.3.1+st.9/bin/../lib/gcc/arm-none-eabi/13.3.1/../../../../arm-none-eabi/lib/thumb/v7-m/nofp\libg_nano.a(libc_a-closer.o)
                0x08015908                _close_r
 .text._reclaim_reent
                0x08015928       0xbc C:/Users/Eryk/AppData/Local/stm32cube/bundles/gnu-tools-for-stm32/13.3.1+st.9/bin/../lib/gcc/arm-none-eabi/13.3.1/../../../../arm-none-eabi/lib/thumb/v7-m/nofp\libg_nano.a(libc_a-reent.o)
                0x08015928                _reclaim_reent
 .text._lseek_r
                0x080159e4       0x24 C:/Users/Eryk/AppData/Local/stm32cube/bundles/gnu-tools-for-stm32/13.3.1+st.9/bin/../lib/gcc/arm-none-eabi/13.3.1/../../../../arm-none-eabi/lib/thumb/v7-m/nofp\libg_nano.a(libc_a-lseekr.o)
                0x080159e4                _lseek_r
 .text._read_r  0x08015a08       0x24 C:/Users/Eryk/AppData/Local/stm32cube/bundles/gnu-tools-for-stm32/13.3.1+st.9/bin/../lib/gcc/arm-none-eabi/13.3.1/../../../../arm-none-eabi/lib/thumb/v7-m/nofp\libg_nano.a(libc_a-readr.o)
                0x08015a08                _read_r
 .text._write_r
                0x08015a2c       0x24 C:/Users/Eryk/AppData/Local/stm32cube/bundles/gnu-tools-for-stm32/13.3.1+st.9/bin/../lib/gcc/arm-none-eabi/13.3.1/../../../../arm-none-eabi/lib/thumb/v7-m/nofp\libg_nano.a(libc_a-writer.o)
                0x08015a2c                _write_r
 .text.__errno  0x08015a50        0xc C:/Users/Eryk/AppData/Local/stm32cube/bundles/gnu-tools-for-stm32/13.3.1+st.9/bin/../lib/gcc/arm-none-eabi/13.3.1/../../../../arm-none-eabi/lib/thumb/v7-m/nofp\libg_nano.a(libc_a-errno.o)
                0x08015a50                __errno
 .text.__libc_init_array
                0x08015a5c       0x48 C:/Users/Eryk/AppData/Local/stm32cube/bundles/gnu-tools-for-stm32/13.3.1+st.9/bin/../lib/gcc/arm-none-eabi/13.3.1/../../../../arm-none-eabi/lib/thumb/v7-m/nofp\libg_nano.a(libc_a-init.o)
                0x08015a5c                __libc_init_array
 .text.__retarget_lock_init_recursive
                0x08015aa4        0x2 C:/Users/Eryk/AppData/Local/stm32cube/bundles/gnu-tools-for-stm32/13.3.1+st.9/bin/../lib/gcc/arm-none-eabi/13.3.1/../../../../arm-none-eabi/lib/thumb/v7-m/nofp\libg_nano.a(libc_a-lock.o)
                0x08015aa4                __retarget_lock_init_recursive
 .text.__retarget_lock_acquire_recursive
                0x08015aa6        0x2 C:/Users/Eryk/AppData/Local/stm32cube/bundles/gnu-tools-for-stm32/13.3.1+st.9/bin/../lib/gcc/arm-none-eabi/13.3.1/../../../../arm-none-eabi/lib/thumb/v7-m/nofp\libg_nano.a(libc_a-lock.o)
                0x08015aa6                __retarget_lock_acquire_recursive
 .text.__retarget_lock_release_recursive
                0x08015aa8        0x2 C:/Users/Eryk/AppData/Local/stm32cube/bundles/gnu-tools-for-stm32/13.3.1+st.9/bin/../lib/gcc/arm-none-eabi/13.3.1/../../../../arm-none-eabi/lib/thumb/v7-m/nofp\libg_nano.a(libc_a-lock.o)
                0x08015aa8                __retarget_lock_release_recursive
 .text.strcpy   0x08015aaa       0x10 C:/Users/Eryk/AppData/Local/stm32cube/bundles/gnu-tools-for-stm32/13.3.1+st.9/bin/../lib/gcc/arm-none-eabi/13.3.1/../../../../arm-none-eabi/lib/thumb/v7-m/nofp\libg_nano.a(libc_a-strcpy.o)
                0x08015aaa                strcpy
 .text.memcpy   0x08015aba       0x1c C:/Users/Eryk/AppData/Local/stm32cube/bundles/gnu-tools-for-stm32/13.3.1+st.9/bin/../lib/gcc/arm-none-eabi/13.3.1/../../../../arm-none-eabi/lib/thumb/v7-m/nofp\libg_nano.a(libc_a-memcpy-stub.o)
                0x08015aba                memcpy
 *fill*         0x08015ad6        0x2 
 .text.__assert_func
                0x08015ad8       0x3c C:/Users/Eryk/AppData/Local/stm32cube/bundles/gnu-tools-for-stm32/13.3.1+st.9/bin/../lib/gcc/arm-none-eabi/13.3.1/../../../../arm-none-eabi/lib/thumb/v7-m/nofp\libg_nano.a(libc_a-assert.o)
                0x08015ad8                __assert_func
 .text._free_r  0x08015b14       0x90 C:/Users/Eryk/AppData/Local/stm32cube/bundles/gnu-tools-for-stm32/13.3.1+st.9/bin/../lib/gcc/arm-none-eabi/13.3.1/../../../../arm-none-eabi/lib/thumb/v7-m/nofp\libg_nano.a(libc_a-freer.o)
                0x08015b14                _free_r
 .text.malloc   0x08015ba4       0x10 C:/Users/Eryk/AppData/Local/stm32cube/bundles/gnu-tools-for-stm32/13.3.1+st.9/bin/../lib/gcc/arm-none-eabi/13.3.1/../../../../arm-none-eabi/lib/thumb/v7-m/nofp\libg_nano.a(libc_a-malloc.o)
                0x08015ba4                malloc
 .text.sbrk_aligned
                0x08015bb4       0x44 C:/Users/Eryk/AppData/Local/stm32cube/bundles/gnu-tools-for-stm32/13.3.1+st.9/bin/../lib/gcc/arm-none-eabi/13.3.1/../../../../arm-none-eabi/lib/thumb/v7-m/nofp\libg_nano.a(libc_a-mallocr.o)
 .text._malloc_r
                0x08015bf8      0x100 C:/Users/Eryk/AppData/Local/stm32cube/bundles/gnu-tools-for-stm32/13.3.1+st.9/bin/../lib/gcc/arm-none-eabi/13.3.1/../../../../arm-none-eabi/lib/thumb/v7-m/nofp\libg_nano.a(libc_a-mallocr.o)
                0x08015bf8                _malloc_r
 .text.__malloc_lock
                0x08015cf8        0xc C:/Users/Eryk/AppData/Local/stm32cube/bundles/gnu-tools-for-stm32/13.3.1+st.9/bin/../lib/gcc/arm-none-eabi/13.3.1/../../../../arm-none-eabi/lib/thumb/v7-m/nofp\libg_nano.a(libc_a-mlock.o)
                0x08015cf8                __malloc_lock
 .text.__malloc_unlock
                0x08015d04        0xc C:/Users/Eryk/AppData/Local/stm32cube/bundles/gnu-tools-for-stm32/13.3.1+st.9/bin/../lib/gcc/arm-none-eabi/13.3.1/../../../../arm-none-eabi/lib/thumb/v7-m/nofp\libg_nano.a(libc_a-mlock.o)
                0x08015d04                __malloc_unlock
 .text.__ssputs_r
                0x08015d10       0xb6 C:/Users/Eryk/AppData/Local/stm32cube/bundles/gnu-tools-for-stm32/13.3.1+st.9/bin/../lib/gcc/arm-none-eabi/13.3.1/../../../../arm-none-eabi/lib/thumb/v7-m/nofp\libg_nano.a(libc_a-nano-svfprintf.o)
                0x08015d10                __ssputs_r
 *fill*         0x08015dc6        0x2 
 .text._svfprintf_r
                0x08015dc8      0x1f8 C:/Users/Eryk/AppData/Local/stm32cube/bundles/gnu-tools-for-stm32/13.3.1+st.9/bin/../lib/gcc/arm-none-eabi/13.3.1/../../../../arm-none-eabi/lib/thumb/v7-m/nofp\libg_nano.a(libc_a-nano-svfprintf.o)
                0x08015dc8                _svfiprintf_r
                0x08015dc8                _svfprintf_r
 .text._printf_common
                0x08015fc0       0xe4 C:/Users/Eryk/AppData/Local/stm32cube/bundles/gnu-tools-for-stm32/13.3.1+st.9/bin/../lib/gcc/arm-none-eabi/13.3.1/../../../../arm-none-eabi/lib/thumb/v7-m/nofp\libg_nano.a(libc_a-nano-vfprintf_i.o)
                0x08015fc0                _printf_common
 .text._printf_i
                0x080160a4      0x23c C:/Users/Eryk/AppData/Local/stm32cube/bundles/gnu-tools-for-stm32/13.3.1+st.9/bin/../lib/gcc/arm-none-eabi/13.3.1/../../../../arm-none-eabi/lib/thumb/v7-m/nofp\libg_nano.a(libc_a-nano-vfprintf_i.o)
                0x080160a4                _printf_i
 .text.__sflush_r
                0x080162e0      0x100 C:/Users/Eryk/AppData/Local/stm32cube/bundles/gnu-tools-for-stm32/13.3.1+st.9/bin/../lib/gcc/arm-none-eabi/13.3.1/../../../../arm-none-eabi/lib/thumb/v7-m/nofp\libg_nano.a(libc_a-fflush.o)
                0x080162e0                __sflush_r
 .text._fflush_r
                0x080163e0       0x50 C:/Users/Eryk/AppData/Local/stm32cube/bundles/gnu-tools-for-stm32/13.3.1+st.9/bin/../lib/gcc/arm-none-eabi/13.3.1/../../../../arm-none-eabi/lib/thumb/v7-m/nofp\libg_nano.a(libc_a-fflush.o)
                0x080163e0                _fflush_r
 .text.fprintf  0x08016430       0x24 C:/Users/Eryk/AppData/Local/stm32cube/bundles/gnu-tools-for-stm32/13.3.1+st.9/bin/../lib/gcc/arm-none-eabi/13.3.1/../../../../arm-none-eabi/lib/thumb/v7-m/nofp\libg_nano.a(libc_a-fprintf.o)
                0x08016430                fiprintf
                0x08016430                fprintf
 .text.memmove  0x08016454       0x34 C:/Users/Eryk/AppData/Local/stm32cube/bundles/gnu-tools-for-stm32/13.3.1+st.9/bin/../lib/gcc/arm-none-eabi/13.3.1/../../../../arm-none-eabi/lib/thumb/v7-m/nofp\libg_nano.a(libc_a-memmove.o)
                0x08016454                memmove
 .text._sbrk_r  0x08016488       0x20 C:/Users/Eryk/AppData/Local/stm32cube/bundles/gnu-tools-for-stm32/13.3.1+st.9/bin/../lib/gcc/arm-none-eabi/13.3.1/../../../../arm-none-eabi/lib/thumb/v7-m/nofp\libg_nano.a(libc_a-sbrkr.o)
                0x08016488                _sbrk_r
 .text.memchr   0x080164a8       0x1c C:/Users/Eryk/AppData/Local/stm32cube/bundles/gnu-tools-for-stm32/13.3.1+st.9/bin/../lib/gcc/arm-none-eabi/13.3.1/../../../../arm-none-eabi/lib/thumb/v7-m/nofp\libg_nano.a(libc_a-memchr-stub.o)
                0x080164a8                memchr
 .text.abort    0x080164c4        0xe C:/Users/Eryk/AppData/Local/stm32cube/bundles/gnu-tools-for-stm32/13.3.1+st.9/bin/../lib/gcc/arm-none-eabi/13.3.1/../../../../arm-none-eabi/lib/thumb/v7-m/nofp\libg_nano.a(libc_a-abort.o)
                0x080164c4                abort
 .text._realloc_r
                0x080164d2       0x5c C:/Users/Eryk/AppData/Local/stm32cube/bundles/gnu-tools-for-stm32/13.3.1+st.9/bin/../lib/gcc/arm-none-eabi/13.3.1/../../../../arm-none-eabi/lib/thumb/v7-m/nofp\libg_nano.a(libc_a-reallocr.o)
                0x080164d2                _realloc_r
 .text.__sfputc_r
                0x0801652e       0x2a C:/Users/Eryk/AppData/Local/stm32cube/bundles/gnu-tools-for-stm32/13.3.1+st.9/bin/../lib/gcc/arm-none-eabi/13.3.1/../../../../arm-none-eabi/lib/thumb/v7-m/nofp\libg_nano.a(libc_a-nano-vfprintf.o)
 .text.__sfputs_r
                0x08016558       0x24 C:/Users/Eryk/AppData/Local/stm32cube/bundles/gnu-tools-for-stm32/13.3.1+st.9/bin/../lib/gcc/arm-none-eabi/13.3.1/../../../../arm-none-eabi/lib/thumb/v7-m/nofp\libg_nano.a(libc_a-nano-vfprintf.o)
                0x08016558                __sfputs_r
 .text._vfprintf_r
                0x0801657c      0x230 C:/Users/Eryk/AppData/Local/stm32cube/bundles/gnu-tools-for-stm32/13.3.1+st.9/bin/../lib/gcc/arm-none-eabi/13.3.1/../../../../arm-none-eabi/lib/thumb/v7-m/nofp\libg_nano.a(libc_a-nano-vfprintf.o)
                0x0801657c                _vfprintf_r
                0x0801657c                _vfiprintf_r
 .text.__swbuf_r
                0x080167ac       0x7c C:/Users/Eryk/AppData/Local/stm32cube/bundles/gnu-tools-for-stm32/13.3.1+st.9/bin/../lib/gcc/arm-none-eabi/13.3.1/../../../../arm-none-eabi/lib/thumb/v7-m/nofp\libg_nano.a(libc_a-wbuf.o)
                0x080167ac                __swbuf_r
 .text.__swsetup_r
                0x08016828       0xac C:/Users/Eryk/AppData/Local/stm32cube/bundles/gnu-tools-for-stm32/13.3.1+st.9/bin/../lib/gcc/arm-none-eabi/13.3.1/../../../../arm-none-eabi/lib/thumb/v7-m/nofp\libg_nano.a(libc_a-wsetup.o)
                0x08016828                __swsetup_r
 .text._raise_r
                0x080168d4       0x50 C:/Users/Eryk/AppData/Local/stm32cube/bundles/gnu-tools-for-stm32/13.3.1+st.9/bin/../lib/gcc/arm-none-eabi/13.3.1/../../../../arm-none-eabi/lib/thumb/v7-m/nofp\libg_nano.a(libc_a-signal.o)
                0x080168d4                _raise_r
 .text.raise    0x08016924       0x10 C:/Users/Eryk/AppData/Local/stm32cube/bundles/gnu-tools-for-stm32/13.3.1+st.9/bin/../lib/gcc/arm-none-eabi/13.3.1/../../../../arm-none-eabi/lib/thumb/v7-m/nofp\libg_nano.a(libc_a-signal.o)
                0x08016924                raise
 .text._kill_r  0x08016934       0x24 C:/Users/Eryk/AppData/Local/stm32cube/bundles/gnu-tools-for-stm32/13.3.1+st.9/bin/../lib/gcc/arm-none-eabi/13.3.1/../../../../arm-none-eabi/lib/thumb/v7-m/nofp\libg_nano.a(libc_a-signalr.o)
                0x08016934                _kill_r
 .text._getpid_r
                0x08016958        0x4 C:/Users/Eryk/AppData/Local/stm32cube/bundles/gnu-tools-for-stm32/13.3.1+st.9/bin/../lib/gcc/arm-none-eabi/13.3.1/../../../../arm-none-eabi/lib/thumb/v7-m/nofp\libg_nano.a(libc_a-signalr.o)
                0x08016958                _getpid_r
 .text._malloc_usable_size_r
                0x0801695c       0x10 C:/Users/Eryk/AppData/Local/stm32cube/bundles/gnu-tools-for-stm32/13.3.1+st.9/bin/../lib/gcc/arm-none-eabi/13.3.1/../../../../arm-none-eabi/lib/thumb/v7-m/nofp\libg_nano.a(libc_a-msizer.o)
                0x0801695c                _malloc_usable_size_r
 .text.__swhatbuf_r
                0x0801696c       0x4a C:/Users/Eryk/AppData/Local/stm32cube/bundles/gnu-tools-for-stm32/13.3.1+st.9/bin/../lib/gcc/arm-none-eabi/13.3.1/../../../../arm-none-eabi/lib/thumb/v7-m/nofp\libg_nano.a(libc_a-makebuf.o)
                0x0801696c                __swhatbuf_r
 .text.__smakebuf_r
                0x080169b6       0x78 C:/Users/Eryk/AppData/Local/stm32cube/bundles/gnu-tools-for-stm32/13.3.1+st.9/bin/../lib/gcc/arm-none-eabi/13.3.1/../../../../arm-none-eabi/lib/thumb/v7-m/nofp\libg_nano.a(libc_a-makebuf.o)
                0x080169b6                __smakebuf_r
 *fill*         0x08016a2e        0x2 
 .text._fstat_r
                0x08016a30       0x24 C:/Users/Eryk/AppData/Local/stm32cube/bundles/gnu-tools-for-stm32/13.3.1+st.9/bin/../lib/gcc/arm-none-eabi/13.3.1/../../../../arm-none-eabi/lib/thumb/v7-m/nofp\libg_nano.a(libc_a-fstatr.o)
                0x08016a30                _fstat_r
 .text._isatty_r
                0x08016a54       0x20 C:/Users/Eryk/AppData/Local/stm32cube/bundles/gnu-tools-for-stm32/13.3.1+st.9/bin/../lib/gcc/arm-none-eabi/13.3.1/../../../../arm-none-eabi/lib/thumb/v7-m/nofp\libg_nano.a(libc_a-isattyr.o)
                0x08016a54                _isatty_r
 *(.glue_7)
 .glue_7        0x08016a74        0x0 linker stubs
 *(.glue_7t)
 .glue_7t       0x08016a74        0x0 linker stubs
 *(.eh_frame)
 .eh_frame      0x08016a74        0x0 C:/Users/Eryk/AppData/Local/stm32cube/bundles/gnu-tools-for-stm32/13.3.1+st.9/bin/../lib/gcc/arm-none-eabi/13.3.1/thumb/v7-m/nofp/crtbegin.o
 *(.init)
 .init          0x08016a74        0x4 C:/Users/Eryk/AppData/Local/stm32cube/bundles/gnu-tools-for-stm32/13.3.1+st.9/bin/../lib/gcc/arm-none-eabi/13.3.1/thumb/v7-m/nofp/crti.o
                0x08016a74                _init
 .init          0x08016a78        0x8 C:/Users/Eryk/AppData/Local/stm32cube/bundles/gnu-tools-for-stm32/13.3.1+st.9/bin/../lib/gcc/arm-none-eabi/13.3.1/thumb/v7-m/nofp/crtn.o
 *(.fini)
 .fini          0x08016a80        0x4 C:/Users/Eryk/AppData/Local/stm32cube/bundles/gnu-tools-for-stm32/13.3.1+st.9/bin/../lib/gcc/arm-none-eabi/13.3.1/thumb/v7-m/nofp/crti.o
                0x08016a80                _fini
 .fini          0x08016a84        0x8 C:/Users/Eryk/AppData/Local/stm32cube/bundles/gnu-tools-for-stm32/13.3.1+st.9/bin/../lib/gcc/arm-none-eabi/13.3.1/thumb/v7-m/nofp/crtn.o
                0x08016a8c                        . = ALIGN (0x4)
                0x08016a8c                        _etext = .

.vfp11_veneer   0x08016a8c        0x0
 .vfp11_veneer  0x08016a8c        0x0 linker stubs

.v4_bx          0x08016a8c        0x0
 .v4_bx         0x08016a8c        0x0 linker stubs

.iplt           0x08016a8c        0x0
 .iplt          0x08016a8c        0x0 C:/Users/Eryk/AppData/Local/stm32cube/bundles/gnu-tools-for-stm32/13.3.1+st.9/bin/../lib/gcc/arm-none-eabi/13.3.1/thumb/v7-m/nofp/crtbegin.o

.rodata         0x08016a8c     0x8b58
                0x08016a8c                        . = ALIGN (0x4)
 *(.rodata)
 .rodata        0x08016a8c       0x10 CMakeFiles/gameBobPong.dir/Core/Src/main.c.obj
 .rodata        0x08016a9c       0xb0 CMakeFiles/gameBobPong.dir/Core/Src/pong.c.obj
 *(.rodata*)
 .rodata.APBPrescTable
                0x08016b4c        0x8 cmake/stm32cubemx/CMakeFiles/STM32_Drivers.dir/__/__/Core/Src/system_stm32f1xx.c.obj
                0x08016b4c                APBPrescTable
 .rodata.AHBPrescTable
                0x08016b54       0x10 cmake/stm32cubemx/CMakeFiles/STM32_Drivers.dir/__/__/Core/Src/system_stm32f1xx.c.obj
                0x08016b54                AHBPrescTable
 .rodata.aPredivFactorTable.0
                0x08016b64        0x2 cmake/stm32cubemx/CMakeFiles/STM32_Drivers.dir/__/__/Drivers/STM32F1xx_HAL_Driver/Src/stm32f1xx_hal_rcc.c.obj
 .rodata.aPLLMULFactorTable.1
                0x08016b66       0x10 cmake/stm32cubemx/CMakeFiles/STM32_Drivers.dir/__/__/Drivers/STM32F1xx_HAL_Driver/Src/stm32f1xx_hal_rcc.c.obj
 .rodata.aPredivFactorTable.0
                0x08016b76        0x2 cmake/stm32cubemx/CMakeFiles/STM32_Drivers.dir/__/__/Drivers/STM32F1xx_HAL_Driver/Src/stm32f1xx_hal_rcc_ex.c.obj
 .rodata.aPLLMULFactorTable.1
                0x08016b78       0x10 cmake/stm32cubemx/CMakeFiles/STM32_Drivers.dir/__/__/Drivers/STM32F1xx_HAL_Driver/Src/stm32f1xx_hal_rcc_ex.c.obj
 .rodata.main.str1.1
                0x08016b88      0x1bb CMakeFiles/gameBobPong.dir/Core/Src/main.c.obj
                                 0x1f (size before relaxing)
 .rodata.drawScore.str1.1
                0x08016d43        0x0 CMakeFiles/gameBobPong.dir/Core/Src/pong.c.obj
                                 0x32 (size before relaxing)
 .rodata.drawMainMenu.str1.1
                0x08016d43        0x0 CMakeFiles/gameBobPong.dir/Core/Src/pong.c.obj
                                 0x2d (size before relaxing)
 .rodata.gameLogic.str1.1
                0x08016d43        0x0 CMakeFiles/gameBobPong.dir/Core/Src/pong.c.obj
                                 0x5e (size before relaxing)
 .rodata.init_cmd
                0x08016d43       0x4c CMakeFiles/gameBobPong.dir/Drivers/LCD/lcd.c.obj
                0x08016d43                init_cmd
 .rodata.FONT_12X16
                0x08016d8f     0x200e CMakeFiles/gameBobPong.dir/Drivers/UGUI/Fonts/font_12x16.c.obj
                0x08016d8f                FONT_12X16
 .rodata.FONT_12X20
                0x08018d9d     0x280e CMakeFiles/gameBobPong.dir/Drivers/UGUI/Fonts/font_12x20.c.obj
                0x08018d9d                FONT_12X20
 .rodata.FONT_16X26
                0x0801b5ab     0x340e CMakeFiles/gameBobPong.dir/Drivers/UGUI/Fonts/font_16x26.c.obj
                0x0801b5ab                FONT_16X26
 .rodata.FONT_7X12
                0x0801e9b9      0xc0e CMakeFiles/gameBobPong.dir/Drivers/UGUI/Fonts/font_7x12.c.obj
                0x0801e9b9                FONT_7X12
 *fill*         0x0801f5c7        0x1 
 .rodata.pal_window
                0x0801f5c8       0x18 CMakeFiles/gameBobPong.dir/Drivers/UGUI/ugui.c.obj
 .rodata.vTaskStartScheduler.str1.1
                0x0801f5e0        0x0 CMakeFiles/gameBobPong.dir/ThirdParty/FreeRTOS/tasks.c.obj
                                  0x5 (size before relaxing)
 .rodata.uxTopUsedPriority
                0x0801f5e0        0x4 CMakeFiles/gameBobPong.dir/ThirdParty/FreeRTOS/tasks.c.obj
                0x0801f5e0                uxTopUsedPriority
 .rodata.srand.str1.1
                0x0801f5e4        0x0 C:/Users/Eryk/AppData/Local/stm32cube/bundles/gnu-tools-for-stm32/13.3.1+st.9/bin/../lib/gcc/arm-none-eabi/13.3.1/../../../../arm-none-eabi/lib/thumb/v7-m/nofp\libg_nano.a(libc_a-rand.o)
                                 0x6f (size before relaxing)
 .rodata.__assert_func.str1.1
                0x0801f5e4        0x0 C:/Users/Eryk/AppData/Local/stm32cube/bundles/gnu-tools-for-stm32/13.3.1+st.9/bin/../lib/gcc/arm-none-eabi/13.3.1/../../../../arm-none-eabi/lib/thumb/v7-m/nofp\libg_nano.a(libc_a-assert.o)
                                 0x3d (size before relaxing)
 .rodata._svfprintf_r.str1.1
                0x0801f5e4        0x0 C:/Users/Eryk/AppData/Local/stm32cube/bundles/gnu-tools-for-stm32/13.3.1+st.9/bin/../lib/gcc/arm-none-eabi/13.3.1/../../../../arm-none-eabi/lib/thumb/v7-m/nofp\libg_nano.a(libc_a-nano-svfprintf.o)
                                 0x11 (size before relaxing)
 .rodata._printf_i.str1.1
                0x0801f5e4        0x0 C:/Users/Eryk/AppData/Local/stm32cube/bundles/gnu-tools-for-stm32/13.3.1+st.9/bin/../lib/gcc/arm-none-eabi/13.3.1/../../../../arm-none-eabi/lib/thumb/v7-m/nofp\libg_nano.a(libc_a-nano-vfprintf_i.o)
                                 0x22 (size before relaxing)
 .rodata._vfprintf_r.str1.1
                0x0801f5e4        0x0 C:/Users/Eryk/AppData/Local/stm32cube/bundles/gnu-tools-for-stm32/13.3.1+st.9/bin/../lib/gcc/arm-none-eabi/13.3.1/../../../../arm-none-eabi/lib/thumb/v7-m/nofp\libg_nano.a(libc_a-nano-vfprintf.o)
                                 0x11 (size before relaxing)
                0x0801f5e4                        . = ALIGN (0x4)

.ARM.extab      0x0801f5e4        0x0
                0x0801f5e4                        . = ALIGN (0x4)
 *(.ARM.extab* .gnu.linkonce.armextab.*)
                0x0801f5e4                        . = ALIGN (0x4)

.ARM            0x0801f5e4        0x0
                0x0801f5e4                        . = ALIGN (0x4)
                0x0801f5e4                        __exidx_start = .
 *(.ARM.exidx*)
                0x0801f5e4                        __exidx_end = .
                0x0801f5e4                        . = ALIGN (0x4)

.preinit_array  0x0801f5e4        0x0
                0x0801f5e4                        . = ALIGN (0x4)
                0x0801f5e4                        PROVIDE (__preinit_array_start = .)
 *(.preinit_array*)
                0x0801f5e4                        PROVIDE (__preinit_array_end = .)
                0x0801f5e4                        . = ALIGN (0x4)

.init_array     0x0801f5e4        0x4
                0x0801f5e4                        . = ALIGN (0x4)
                0x0801f5e4                        PROVIDE (__init_array_start = .)
 *(SORT_BY_NAME(.init_array.*))
 *(.init_array*)
 .init_array    0x0801f5e4        0x4 C:/Users/Eryk/AppData/Local/stm32cube/bundles/gnu-tools-for-stm32/13.3.1+st.9/bin/../lib/gcc/arm-none-eabi/13.3.1/thumb/v7-m/nofp/crtbegin.o
                0x0801f5e8                        PROVIDE (__init_array_end = .)
                0x0801f5e8                        . = ALIGN (0x4)

.fini_array     0x0801f5e8        0x4
                0x0801f5e8                        . = ALIGN (0x4)
                [!provide]                        PROVIDE (__fini_array_start = .)
 *(SORT_BY_NAME(.fini_array.*))
 *(.fini_array*)
 .fini_array    0x0801f5e8        0x4 C:/Users/Eryk/AppData/Local/stm32cube/bundles/gnu-tools-for-stm32/13.3.1+st.9/bin/../lib/gcc/arm-none-eabi/13.3.1/thumb/v7-m/nofp/crtbegin.o
                [!provide]                        PROVIDE (__fini_array_end = .)
                0x0801f5ec                        . = ALIGN (0x4)
                0x0801f5ec                        _sidata = LOADADDR (.data)

.rel.dyn        0x0801f5ec        0x0
 .rel.iplt      0x0801f5ec        0x0 C:/Users/Eryk/AppData/Local/stm32cube/bundles/gnu-tools-for-stm32/13.3.1+st.9/bin/../lib/gcc/arm-none-eabi/13.3.1/thumb/v7-m/nofp/crtbegin.o

.data           0x20000000       0x80 load address 0x0801f5ec
                0x20000000                        . = ALIGN (0x4)
                0x20000000                        _sdata = .
 *(.data)
 *(.data*)
 .data.SystemCoreClock
                0x20000000        0x4 cmake/stm32cubemx/CMakeFiles/STM32_Drivers.dir/__/__/Core/Src/system_stm32f1xx.c.obj
                0x20000000                SystemCoreClock
 .data.uwTickFreq
                0x20000004        0x1 cmake/stm32cubemx/CMakeFiles/STM32_Drivers.dir/__/__/Drivers/STM32F1xx_HAL_Driver/Src/stm32f1xx_hal.c.obj
                0x20000004                uwTickFreq
 *fill*         0x20000005        0x3 
 .data.uwTickPrio
                0x20000008        0x4 cmake/stm32cubemx/CMakeFiles/STM32_Drivers.dir/__/__/Drivers/STM32F1xx_HAL_Driver/Src/stm32f1xx_hal.c.obj
                0x20000008                uwTickPrio
 .data.option_changed_flag
                0x2000000c        0x1 CMakeFiles/gameBobPong.dir/Core/Src/pong.c.obj
                0x2000000c                option_changed_flag
 .data.difficulty
                0x2000000d        0x1 CMakeFiles/gameBobPong.dir/Core/Src/pong.c.obj
 .data.ball_speed
                0x2000000e        0x2 CMakeFiles/gameBobPong.dir/Core/Src/pong.c.obj
 .data.device   0x20000010        0xc CMakeFiles/gameBobPong.dir/Drivers/LCD/lcd.c.obj
 .data.config   0x2000001c        0x3 CMakeFiles/gameBobPong.dir/Drivers/LCD/lcd.c.obj
                0x2000001c                config
 *fill*         0x2000001f        0x1 
 .data.uxCriticalNesting
                0x20000020        0x4 CMakeFiles/gameBobPong.dir/ThirdParty/FreeRTOS/portable/GCC/ARM_CM3/port.c.obj
 .data.__sglue  0x20000024        0xc C:/Users/Eryk/AppData/Local/stm32cube/bundles/gnu-tools-for-stm32/13.3.1+st.9/bin/../lib/gcc/arm-none-eabi/13.3.1/../../../../arm-none-eabi/lib/thumb/v7-m/nofp\libg_nano.a(libc_a-findfp.o)
                0x20000024                __sglue
 .data._impure_ptr
                0x20000030        0x4 C:/Users/Eryk/AppData/Local/stm32cube/bundles/gnu-tools-for-stm32/13.3.1+st.9/bin/../lib/gcc/arm-none-eabi/13.3.1/../../../../arm-none-eabi/lib/thumb/v7-m/nofp\libg_nano.a(libc_a-impure.o)
                0x20000030                _impure_ptr
 .data._impure_data
                0x20000034       0x4c C:/Users/Eryk/AppData/Local/stm32cube/bundles/gnu-tools-for-stm32/13.3.1+st.9/bin/../lib/gcc/arm-none-eabi/13.3.1/../../../../arm-none-eabi/lib/thumb/v7-m/nofp\libg_nano.a(libc_a-impure.o)
                0x20000034                _impure_data
 *(.RamFunc)
 *(.RamFunc*)
                0x20000080                        . = ALIGN (0x4)

.igot.plt       0x20000080        0x0 load address 0x0801f66c
 .igot.plt      0x20000080        0x0 C:/Users/Eryk/AppData/Local/stm32cube/bundles/gnu-tools-for-stm32/13.3.1+st.9/bin/../lib/gcc/arm-none-eabi/13.3.1/thumb/v7-m/nofp/crtbegin.o

.tdata          0x20000080        0x0 load address 0x0801f66c
 *(.tdata .tdata.* .gnu.linkonce.td.*)
                0x20000080                        . = ALIGN (0x4)
                0x20000080                        _edata = .
                [!provide]                        PROVIDE (__data_end = .)
                [!provide]                        PROVIDE (__tdata_end = .)
                [!provide]                        PROVIDE (__tdata_start = ADDR (.tdata))
                [!provide]                        PROVIDE (__tdata_size = (__tdata_end - __tdata_start))
                [!provide]                        PROVIDE (__data_start = ADDR (.data))
                [!provide]                        PROVIDE (__data_size = (__data_end - __data_start))
                [!provide]                        PROVIDE (__tdata_source = LOADADDR (.tdata))
                [!provide]                        PROVIDE (__tdata_source_end = (LOADADDR (.tdata) + SIZEOF (.tdata)))
                [!provide]                        PROVIDE (__tdata_source_size = (__tdata_source_end - __tdata_source))
                [!provide]                        PROVIDE (__data_source = LOADADDR (.data))
                [!provide]                        PROVIDE (__data_source_end = __tdata_source_end)
                [!provide]                        PROVIDE (__data_source_size = (__data_source_end - __data_source))

.tbss           0x20000080        0x0 load address 0x0801f66c
                0x20000080                        _sbss = .
                0x20000080                        __bss_start__ = _sbss
 *(.tbss .tbss.*)
                0x20000080                        . = ALIGN (0x4)
                [!provide]                        PROVIDE (__tbss_end = .)
                [!provide]                        PROVIDE (__tbss_start = ADDR (.tbss))
                [!provide]                        PROVIDE (__tbss_size = (__tbss_end - __tbss_start))
                [!provide]                        PROVIDE (__tbss_offset = (ADDR (.tbss) - ADDR (.tdata)))
                [!provide]                        PROVIDE (__tls_base = __tdata_start)
                [!provide]                        PROVIDE (__tls_end = __tbss_end)
                [!provide]                        PROVIDE (__tls_size = (__tls_end - __tls_base))
                [!provide]                        PROVIDE (__tls_align = MAX (ALIGNOF (.tdata), ALIGNOF (.tbss)))
                [!provide]                        PROVIDE (__tls_size_align = (((__tls_size + __tls_align) - 0x1) & ~ ((__tls_align - 0x1))))
                [!provide]                        PROVIDE (__arm32_tls_tcb_offset = MAX (0x8, __tls_align))
                [!provide]                        PROVIDE (__arm64_tls_tcb_offset = MAX (0x10, __tls_align))

.bss            0x20000080     0x2154 load address 0x0801f66c
 *(.bss)
 .bss           0x20000080       0x1c C:/Users/Eryk/AppData/Local/stm32cube/bundles/gnu-tools-for-stm32/13.3.1+st.9/bin/../lib/gcc/arm-none-eabi/13.3.1/thumb/v7-m/nofp/crtbegin.o
 *(.bss*)
 .bss.uwTick    0x2000009c        0x4 cmake/stm32cubemx/CMakeFiles/STM32_Drivers.dir/__/__/Drivers/STM32F1xx_HAL_Driver/Src/stm32f1xx_hal.c.obj
                0x2000009c                uwTick
 .bss.xIdleStack
                0x200000a0      0x200 CMakeFiles/gameBobPong.dir/Core/Src/main.c.obj
 .bss.xIdleTaskTCBBuffer
                0x200002a0      0x198 CMakeFiles/gameBobPong.dir/Core/Src/main.c.obj
 .bss.uInput    0x20000438       0x14 CMakeFiles/gameBobPong.dir/Core/Src/main.c.obj
 .bss.huart3    0x2000044c       0x48 CMakeFiles/gameBobPong.dir/Core/Src/main.c.obj
                0x2000044c                huart3
 .bss.huart2    0x20000494       0x48 CMakeFiles/gameBobPong.dir/Core/Src/main.c.obj
                0x20000494                huart2
 .bss.htim1     0x200004dc       0x48 CMakeFiles/gameBobPong.dir/Core/Src/main.c.obj
                0x200004dc                htim1
 .bss.hdma_spi1_tx
                0x20000524       0x44 CMakeFiles/gameBobPong.dir/Core/Src/main.c.obj
                0x20000524                hdma_spi1_tx
 .bss.hspi1     0x20000568       0x58 CMakeFiles/gameBobPong.dir/Core/Src/main.c.obj
                0x20000568                hspi1
 .bss.hadc1     0x200005c0       0x30 CMakeFiles/gameBobPong.dir/Core/Src/main.c.obj
                0x200005c0                hadc1
 .bss.htim2     0x200005f0       0x48 CMakeFiles/gameBobPong.dir/Core/Src/stm32f1xx_hal_timebase_tim.c.obj
                0x200005f0                htim2
 .bss.__sbrk_heap_end
                0x20000638        0x4 CMakeFiles/gameBobPong.dir/Core/Src/sysmem.c.obj
 .bss.htim      0x2000063c        0x4 CMakeFiles/gameBobPong.dir/Core/Src/pong.c.obj
                0x2000063c                htim
 .bss.game_mode
                0x20000640        0x1 CMakeFiles/gameBobPong.dir/Core/Src/pong.c.obj
 .bss.settings_option
                0x20000641        0x1 CMakeFiles/gameBobPong.dir/Core/Src/pong.c.obj
 .bss.menu_option
                0x20000642        0x1 CMakeFiles/gameBobPong.dir/Core/Src/pong.c.obj
 .bss.screen    0x20000643        0x1 CMakeFiles/gameBobPong.dir/Core/Src/pong.c.obj
 .bss.game_pause
                0x20000644        0x1 CMakeFiles/gameBobPong.dir/Core/Src/pong.c.obj
 *fill*         0x20000645        0x1 
 .bss.coop_score
                0x20000646        0x2 CMakeFiles/gameBobPong.dir/Core/Src/pong.c.obj
 .bss.first_ball
                0x20000648        0x1 CMakeFiles/gameBobPong.dir/Core/Src/pong.c.obj
 *fill*         0x20000649        0x1 
 .bss.uInputOld
                0x2000064a       0x14 CMakeFiles/gameBobPong.dir/Core/Src/pong.c.obj
 .bss.uInput    0x2000065e       0x14 CMakeFiles/gameBobPong.dir/Core/Src/pong.c.obj
 .bss.ball      0x20000672        0xe CMakeFiles/gameBobPong.dir/Core/Src/pong.c.obj
 .bss.player2   0x20000680       0x16 CMakeFiles/gameBobPong.dir/Core/Src/pong.c.obj
 .bss.player1   0x20000696       0x16 CMakeFiles/gameBobPong.dir/Core/Src/pong.c.obj
 .bss.gui       0x200006ac       0x74 CMakeFiles/gameBobPong.dir/Drivers/LCD/lcd.c.obj
 .bss.msg.0     0x20000720        0x8 CMakeFiles/gameBobPong.dir/Drivers/UGUI/ugui.c.obj
 .bss.last_width.1
                0x20000728        0x2 CMakeFiles/gameBobPong.dir/Drivers/UGUI/ugui.c.obj
 *fill*         0x2000072a        0x2 
 .bss.last_p.2  0x2000072c        0x4 CMakeFiles/gameBobPong.dir/Drivers/UGUI/ugui.c.obj
 .bss.last_encoding.3
                0x20000730        0x2 CMakeFiles/gameBobPong.dir/Drivers/UGUI/ugui.c.obj
 *fill*         0x20000732        0x2 
 .bss.last_font.4
                0x20000734        0x4 CMakeFiles/gameBobPong.dir/Drivers/UGUI/ugui.c.obj
 .bss.gui       0x20000738        0x4 CMakeFiles/gameBobPong.dir/Drivers/UGUI/ugui.c.obj
 .bss.ulMaxPRIGROUPValue
                0x2000073c        0x4 CMakeFiles/gameBobPong.dir/ThirdParty/FreeRTOS/portable/GCC/ARM_CM3/port.c.obj
 .bss.ucMaxSysCallPriority
                0x20000740        0x1 CMakeFiles/gameBobPong.dir/ThirdParty/FreeRTOS/portable/GCC/ARM_CM3/port.c.obj
 *fill*         0x20000741        0x3 
 .bss.xNumberOfSuccessfulFrees
                0x20000744        0x4 CMakeFiles/gameBobPong.dir/ThirdParty/FreeRTOS/portable/MemMang/heap_4.c.obj
 .bss.xNumberOfSuccessfulAllocations
                0x20000748        0x4 CMakeFiles/gameBobPong.dir/ThirdParty/FreeRTOS/portable/MemMang/heap_4.c.obj
 .bss.xMinimumEverFreeBytesRemaining
                0x2000074c        0x4 CMakeFiles/gameBobPong.dir/ThirdParty/FreeRTOS/portable/MemMang/heap_4.c.obj
 .bss.xFreeBytesRemaining
                0x20000750        0x4 CMakeFiles/gameBobPong.dir/ThirdParty/FreeRTOS/portable/MemMang/heap_4.c.obj
 .bss.pxEnd     0x20000754        0x4 CMakeFiles/gameBobPong.dir/ThirdParty/FreeRTOS/portable/MemMang/heap_4.c.obj
 .bss.xStart    0x20000758        0x8 CMakeFiles/gameBobPong.dir/ThirdParty/FreeRTOS/portable/MemMang/heap_4.c.obj
 .bss.ucHeap    0x20000760     0x1800 CMakeFiles/gameBobPong.dir/ThirdParty/FreeRTOS/portable/MemMang/heap_4.c.obj
 .bss.uxSchedulerSuspended
                0x20001f60        0x4 CMakeFiles/gameBobPong.dir/ThirdParty/FreeRTOS/tasks.c.obj
 .bss.xNextTaskUnblockTime
                0x20001f64        0x4 CMakeFiles/gameBobPong.dir/ThirdParty/FreeRTOS/tasks.c.obj
 .bss.uxTaskNumber
                0x20001f68        0x4 CMakeFiles/gameBobPong.dir/ThirdParty/FreeRTOS/tasks.c.obj
 .bss.xNumOfOverflows
                0x20001f6c        0x4 CMakeFiles/gameBobPong.dir/ThirdParty/FreeRTOS/tasks.c.obj
 .bss.xYieldPending
                0x20001f70        0x4 CMakeFiles/gameBobPong.dir/ThirdParty/FreeRTOS/tasks.c.obj
 .bss.xPendedTicks
                0x20001f74        0x4 CMakeFiles/gameBobPong.dir/ThirdParty/FreeRTOS/tasks.c.obj
 .bss.xSchedulerRunning
                0x20001f78        0x4 CMakeFiles/gameBobPong.dir/ThirdParty/FreeRTOS/tasks.c.obj
 .bss.uxTopReadyPriority
                0x20001f7c        0x4 CMakeFiles/gameBobPong.dir/ThirdParty/FreeRTOS/tasks.c.obj
 .bss.xTickCount
                0x20001f80        0x4 CMakeFiles/gameBobPong.dir/ThirdParty/FreeRTOS/tasks.c.obj
 .bss.uxCurrentNumberOfTasks
                0x20001f84        0x4 CMakeFiles/gameBobPong.dir/ThirdParty/FreeRTOS/tasks.c.obj
 .bss.xSuspendedTaskList
                0x20001f88       0x14 CMakeFiles/gameBobPong.dir/ThirdParty/FreeRTOS/tasks.c.obj
 .bss.uxDeletedTasksWaitingCleanUp
                0x20001f9c        0x4 CMakeFiles/gameBobPong.dir/ThirdParty/FreeRTOS/tasks.c.obj
 .bss.xTasksWaitingTermination
                0x20001fa0       0x14 CMakeFiles/gameBobPong.dir/ThirdParty/FreeRTOS/tasks.c.obj
 .bss.xPendingReadyList
                0x20001fb4       0x14 CMakeFiles/gameBobPong.dir/ThirdParty/FreeRTOS/tasks.c.obj
 .bss.pxOverflowDelayedTaskList
                0x20001fc8        0x4 CMakeFiles/gameBobPong.dir/ThirdParty/FreeRTOS/tasks.c.obj
 .bss.pxDelayedTaskList
                0x20001fcc        0x4 CMakeFiles/gameBobPong.dir/ThirdParty/FreeRTOS/tasks.c.obj
 .bss.xDelayedTaskList2
                0x20001fd0       0x14 CMakeFiles/gameBobPong.dir/ThirdParty/FreeRTOS/tasks.c.obj
 .bss.xDelayedTaskList1
                0x20001fe4       0x14 CMakeFiles/gameBobPong.dir/ThirdParty/FreeRTOS/tasks.c.obj
 .bss.pxReadyTasksLists
                0x20001ff8       0x8c CMakeFiles/gameBobPong.dir/ThirdParty/FreeRTOS/tasks.c.obj
 .bss.pxCurrentTCB
                0x20002084        0x4 CMakeFiles/gameBobPong.dir/ThirdParty/FreeRTOS/tasks.c.obj
                0x20002084                pxCurrentTCB
 .bss.__sf      0x20002088      0x138 C:/Users/Eryk/AppData/Local/stm32cube/bundles/gnu-tools-for-stm32/13.3.1+st.9/bin/../lib/gcc/arm-none-eabi/13.3.1/../../../../arm-none-eabi/lib/thumb/v7-m/nofp\libg_nano.a(libc_a-findfp.o)
                0x20002088                __sf
 .bss.__stdio_exit_handler
                0x200021c0        0x4 C:/Users/Eryk/AppData/Local/stm32cube/bundles/gnu-tools-for-stm32/13.3.1+st.9/bin/../lib/gcc/arm-none-eabi/13.3.1/../../../../arm-none-eabi/lib/thumb/v7-m/nofp\libg_nano.a(libc_a-findfp.o)
                0x200021c0                __stdio_exit_handler
 .bss.errno     0x200021c4        0x4 C:/Users/Eryk/AppData/Local/stm32cube/bundles/gnu-tools-for-stm32/13.3.1+st.9/bin/../lib/gcc/arm-none-eabi/13.3.1/../../../../arm-none-eabi/lib/thumb/v7-m/nofp\libg_nano.a(libc_a-reent.o)
                0x200021c4                errno
 .bss.__lock___malloc_recursive_mutex
                0x200021c8        0x1 C:/Users/Eryk/AppData/Local/stm32cube/bundles/gnu-tools-for-stm32/13.3.1+st.9/bin/../lib/gcc/arm-none-eabi/13.3.1/../../../../arm-none-eabi/lib/thumb/v7-m/nofp\libg_nano.a(libc_a-lock.o)
                0x200021c8                __lock___malloc_recursive_mutex
 .bss.__lock___sfp_recursive_mutex
                0x200021c9        0x1 C:/Users/Eryk/AppData/Local/stm32cube/bundles/gnu-tools-for-stm32/13.3.1+st.9/bin/../lib/gcc/arm-none-eabi/13.3.1/../../../../arm-none-eabi/lib/thumb/v7-m/nofp\libg_nano.a(libc_a-lock.o)
                0x200021c9                __lock___sfp_recursive_mutex
 *fill*         0x200021ca        0x2 
 .bss.__malloc_sbrk_start
                0x200021cc        0x4 C:/Users/Eryk/AppData/Local/stm32cube/bundles/gnu-tools-for-stm32/13.3.1+st.9/bin/../lib/gcc/arm-none-eabi/13.3.1/../../../../arm-none-eabi/lib/thumb/v7-m/nofp\libg_nano.a(libc_a-mallocr.o)
                0x200021cc                __malloc_sbrk_start
 .bss.__malloc_free_list
                0x200021d0        0x4 C:/Users/Eryk/AppData/Local/stm32cube/bundles/gnu-tools-for-stm32/13.3.1+st.9/bin/../lib/gcc/arm-none-eabi/13.3.1/../../../../arm-none-eabi/lib/thumb/v7-m/nofp\libg_nano.a(libc_a-mallocr.o)
                0x200021d0                __malloc_free_list
 *(COMMON)
                0x200021d4                        . = ALIGN (0x4)
                0x200021d4                        _ebss = .
                0x200021d4                        __bss_end__ = _ebss
                [!provide]                        PROVIDE (__bss_end = .)
                [!provide]                        PROVIDE (__non_tls_bss_start = ADDR (.bss))
                [!provide]                        PROVIDE (__bss_start = __tbss_start)
                [!provide]                        PROVIDE (__bss_size = (__bss_end - __bss_start))

._user_heap_stack
                0x200021d4      0x604 load address 0x0801f66c
                0x200021d8                        . = ALIGN (0x8)
 *fill*         0x200021d4        0x4 
                [!provide]                        PROVIDE (end = .)
                0x200021d8                        PROVIDE (_end = .)
                0x200023d8                        . = (. + _Min_Heap_Size)
 *fill*         0x200021d8      0x200 
                0x200027d8                        . = (. + _Min_Stack_Size)
 *fill*         0x200023d8      0x400 
                0x200027d8                        . = ALIGN (0x8)

/DISCARD/
 libc.a:*(*)
 libm.a:*(*)
 libgcc.a:*(*)
OUTPUT(gameBobPong.elf elf32-littlearm)
LOAD linker stubs

.ARM.attributes
                0x00000000       0x29
 .ARM.attributes
                0x00000000       0x1d C:/Users/Eryk/AppData/Local/stm32cube/bundles/gnu-tools-for-stm32/13.3.1+st.9/bin/../lib/gcc/arm-none-eabi/13.3.1/thumb/v7-m/nofp/crti.o
 .ARM.attributes
                0x0000001d       0x2d C:/Users/Eryk/AppData/Local/stm32cube/bundles/gnu-tools-for-stm32/13.3.1+st.9/bin/../lib/gcc/arm-none-eabi/13.3.1/thumb/v7-m/nofp/crtbegin.o
 .ARM.attributes
                0x0000004a       0x2d cmake/stm32cubemx/CMakeFiles/STM32_Drivers.dir/__/__/Core/Src/system_stm32f1xx.c.obj
 .ARM.attributes
                0x00000077       0x2d cmake/stm32cubemx/CMakeFiles/STM32_Drivers.dir/__/__/Drivers/STM32F1xx_HAL_Driver/Src/stm32f1xx_hal_tim.c.obj
 .ARM.attributes
                0x000000a4       0x2d cmake/stm32cubemx/CMakeFiles/STM32_Drivers.dir/__/__/Drivers/STM32F1xx_HAL_Driver/Src/stm32f1xx_hal_tim_ex.c.obj
 .ARM.attributes
                0x000000d1       0x2d cmake/stm32cubemx/CMakeFiles/STM32_Drivers.dir/__/__/Drivers/STM32F1xx_HAL_Driver/Src/stm32f1xx_hal_adc.c.obj
 .ARM.attributes
                0x000000fe       0x2d cmake/stm32cubemx/CMakeFiles/STM32_Drivers.dir/__/__/Drivers/STM32F1xx_HAL_Driver/Src/stm32f1xx_hal.c.obj
 .ARM.attributes
                0x0000012b       0x2d cmake/stm32cubemx/CMakeFiles/STM32_Drivers.dir/__/__/Drivers/STM32F1xx_HAL_Driver/Src/stm32f1xx_hal_rcc.c.obj
 .ARM.attributes
                0x00000158       0x2d cmake/stm32cubemx/CMakeFiles/STM32_Drivers.dir/__/__/Drivers/STM32F1xx_HAL_Driver/Src/stm32f1xx_hal_rcc_ex.c.obj
 .ARM.attributes
                0x00000185       0x2d cmake/stm32cubemx/CMakeFiles/STM32_Drivers.dir/__/__/Drivers/STM32F1xx_HAL_Driver/Src/stm32f1xx_hal_gpio.c.obj
 .ARM.attributes
                0x000001b2       0x2d cmake/stm32cubemx/CMakeFiles/STM32_Drivers.dir/__/__/Drivers/STM32F1xx_HAL_Driver/Src/stm32f1xx_hal_dma.c.obj
 .ARM.attributes
                0x000001df       0x2d cmake/stm32cubemx/CMakeFiles/STM32_Drivers.dir/__/__/Drivers/STM32F1xx_HAL_Driver/Src/stm32f1xx_hal_cortex.c.obj
 .ARM.attributes
                0x0000020c       0x2d cmake/stm32cubemx/CMakeFiles/STM32_Drivers.dir/__/__/Drivers/STM32F1xx_HAL_Driver/Src/stm32f1xx_hal_spi.c.obj
 .ARM.attributes
                0x00000239       0x2d cmake/stm32cubemx/CMakeFiles/STM32_Drivers.dir/__/__/Drivers/STM32F1xx_HAL_Driver/Src/stm32f1xx_hal_uart.c.obj
 .ARM.attributes
                0x00000266       0x2d CMakeFiles/gameBobPong.dir/Core/Src/main.c.obj
 .ARM.attributes
                0x00000293       0x2d CMakeFiles/gameBobPong.dir/Core/Src/stm32f1xx_it.c.obj
 .ARM.attributes
                0x000002c0       0x2d CMakeFiles/gameBobPong.dir/Core/Src/stm32f1xx_hal_msp.c.obj
 .ARM.attributes
                0x000002ed       0x2d CMakeFiles/gameBobPong.dir/Core/Src/stm32f1xx_hal_timebase_tim.c.obj
 .ARM.attributes
                0x0000031a       0x2d CMakeFiles/gameBobPong.dir/Core/Src/sysmem.c.obj
 .ARM.attributes
                0x00000347       0x2d CMakeFiles/gameBobPong.dir/Core/Src/syscalls.c.obj
 .ARM.attributes
                0x00000374       0x21 CMakeFiles/gameBobPong.dir/startup_stm32f103xb.s.obj
 .ARM.attributes
                0x00000395       0x2d CMakeFiles/gameBobPong.dir/Core/Src/pong.c.obj
 .ARM.attributes
                0x000003c2       0x2d CMakeFiles/gameBobPong.dir/Drivers/LCD/lcd.c.obj
 .ARM.attributes
                0x000003ef       0x2d CMakeFiles/gameBobPong.dir/Drivers/UGUI/Fonts/font_12x16.c.obj
 .ARM.attributes
                0x0000041c       0x2d CMakeFiles/gameBobPong.dir/Drivers/UGUI/Fonts/font_12x20.c.obj
 .ARM.attributes
                0x00000449       0x2d CMakeFiles/gameBobPong.dir/Drivers/UGUI/Fonts/font_16x26.c.obj
 .ARM.attributes
                0x00000476       0x2d CMakeFiles/gameBobPong.dir/Drivers/UGUI/Fonts/font_7x12.c.obj
 .ARM.attributes
                0x000004a3       0x2d CMakeFiles/gameBobPong.dir/Drivers/UGUI/ugui.c.obj
 .ARM.attributes
                0x000004d0       0x2d CMakeFiles/gameBobPong.dir/ThirdParty/FreeRTOS/list.c.obj
 .ARM.attributes
                0x000004fd       0x2d CMakeFiles/gameBobPong.dir/ThirdParty/FreeRTOS/portable/GCC/ARM_CM3/port.c.obj
 .ARM.attributes
                0x0000052a       0x2d CMakeFiles/gameBobPong.dir/ThirdParty/FreeRTOS/portable/MemMang/heap_4.c.obj
 .ARM.attributes
                0x00000557       0x2d CMakeFiles/gameBobPong.dir/ThirdParty/FreeRTOS/tasks.c.obj
 .ARM.attributes
                0x00000584       0x2d C:/Users/Eryk/AppData/Local/stm32cube/bundles/gnu-tools-for-stm32/13.3.1+st.9/bin/../lib/gcc/arm-none-eabi/13.3.1/../../../../arm-none-eabi/lib/thumb/v7-m/nofp\libg_nano.a(libc_a-rand.o)
 .ARM.attributes
                0x000005b1       0x2d C:/Users/Eryk/AppData/Local/stm32cube/bundles/gnu-tools-for-stm32/13.3.1+st.9/bin/../lib/gcc/arm-none-eabi/13.3.1/../../../../arm-none-eabi/lib/thumb/v7-m/nofp\libg_nano.a(libc_a-findfp.o)
 .ARM.attributes
                0x000005de       0x2d C:/Users/Eryk/AppData/Local/stm32cube/bundles/gnu-tools-for-stm32/13.3.1+st.9/bin/../lib/gcc/arm-none-eabi/13.3.1/../../../../arm-none-eabi/lib/thumb/v7-m/nofp\libg_nano.a(libc_a-fwalk.o)
 .ARM.attributes