Archive member included to satisfy reference by file (symbol)

C:/ST/STM32CubeIDE_1.13.2/STM32CubeIDE/plugins/com.st.stm32cube.ide.mcu.externaltools.gnu-tools-for-stm32.11.3.rel1.win32_1.1.1.202309131626/tools/bin/../lib/gcc/arm-none-eabi/11.3.1/../../../../arm-none-eabi/lib/thumb/v7-m/nofp\libc_nano.a(libc_a-exit.o)
                              C:/ST/STM32CubeIDE_1.13.2/STM32CubeIDE/plugins/com.st.stm32cube.ide.mcu.externaltools.gnu-tools-for-stm32.11.3.rel1.win32_1.1.1.202309131626/tools/bin/../lib/gcc/arm-none-eabi/11.3.1/../../../../arm-none-eabi/lib/thumb/v7-m/nofp/crt0.o (exit)
C:/ST/STM32CubeIDE_1.13.2/STM32CubeIDE/plugins/com.st.stm32cube.ide.mcu.externaltools.gnu-tools-for-stm32.11.3.rel1.win32_1.1.1.202309131626/tools/bin/../lib/gcc/arm-none-eabi/11.3.1/../../../../arm-none-eabi/lib/thumb/v7-m/nofp\libc_nano.a(libc_a-rand.o)
                              ./Core/Src/pong.o (srand)
C:/ST/STM32CubeIDE_1.13.2/STM32CubeIDE/plugins/com.st.stm32cube.ide.mcu.externaltools.gnu-tools-for-stm32.11.3.rel1.win32_1.1.1.202309131626/tools/bin/../lib/gcc/arm-none-eabi/11.3.1/../../../../arm-none-eabi/lib/thumb/v7-m/nofp\libc_nano.a(libc_a-findfp.o)
                              ./ThirdParty/FreeRTOS/tasks.o (__sf)
C:/ST/STM32CubeIDE_1.13.2/STM32CubeIDE/plugins/com.st.stm32cube.ide.mcu.externaltools.gnu-tools-for-stm32.11.3.rel1.win32_1.1.1.202309131626/tools/bin/../lib/gcc/arm-none-eabi/11.3.1/../../../../arm-none-eabi/lib/thumb/v7-m/nofp\libc_nano.a(libc_a-fwalk.o)
                              C:/ST/STM32CubeIDE_1.13.2/STM32CubeIDE/plugins/com.st.stm32cube.ide.mcu.externaltools.gnu-tools-for-stm32.11.3.rel1.win32_1.1.1.202309131626/tools/bin/../lib/gcc/arm-none-eabi/11.3.1/../../../../arm-none-eabi/lib/thumb/v7-m/nofp\libc_nano.a(libc_a-findfp.o) (_fwalk_sglue)
C:/ST/STM32CubeIDE_1.13.2/STM32CubeIDE/plugins/com.st.stm32cube.ide.mcu.externaltools.gnu-tools-for-stm32.11.3.rel1.win32_1.1.1.202309131626/tools/bin/../lib/gcc/arm-none-eabi/11.3.1/../../../../arm-none-eabi/lib/thumb/v7-m/nofp\libc_nano.a(libc_a-sprintf.o)
                              ./Core/Src/pong.o (sprintf)
C:/ST/STM32CubeIDE_1.13.2/STM32CubeIDE/plugins/com.st.stm32cube.ide.mcu.externaltools.gnu-tools-for-stm32.11.3.rel1.win32_1.1.1.202309131626/tools/bin/../lib/gcc/arm-none-eabi/11.3.1/../../../../arm-none-eabi/lib/thumb/v7-m/nofp\libc_nano.a(libc_a-stdio.o)
                              C:/ST/STM32CubeIDE_1.13.2/STM32CubeIDE/plugins/com.st.stm32cube.ide.mcu.externaltools.gnu-tools-for-stm32.11.3.rel1.win32_1.1.1.202309131626/tools/bin/../lib/gcc/arm-none-eabi/11.3.1/../../../../arm-none-eabi/lib/thumb/v7-m/nofp\libc_nano.a(libc_a-findfp.o) (__sread)
C:/ST/STM32CubeIDE_1.13.2/STM32CubeIDE/plugins/com.st.stm32cube.ide.mcu.externaltools.gnu-tools-for-stm32.11.3.rel1.win32_1.1.1.202309131626/tools/bin/../lib/gcc/arm-none-eabi/11.3.1/../../../../arm-none-eabi/lib/thumb/v7-m/nofp\libc_nano.a(libc_a-memset.o)
                              C:/ST/STM32CubeIDE_1.13.2/STM32CubeIDE/plugins/com.st.stm32cube.ide.mcu.externaltools.gnu-tools-for-stm32.11.3.rel1.win32_1.1.1.202309131626/tools/bin/../lib/gcc/arm-none-eabi/11.3.1/../../../../arm-none-eabi/lib/thumb/v7-m/nofp/crt0.o (memset)
C:/ST/STM32CubeIDE_1.13.2/STM32CubeIDE/plugins/com.st.stm32cube.ide.mcu.externaltools.gnu-tools-for-stm32.11.3.rel1.win32_1.1.1.202309131626/tools/bin/../lib/gcc/arm-none-eabi/11.3.1/../../../../arm-none-eabi/lib/thumb/v7-m/nofp\libc_nano.a(libc_a-closer.o)
                              C:/ST/STM32CubeIDE_1.13.2/STM32CubeIDE/plugins/com.st.stm32cube.ide.mcu.externaltools.gnu-tools-for-stm32.11.3.rel1.win32_1.1.1.202309131626/tools/bin/../lib/gcc/arm-none-eabi/11.3.1/../../../../arm-none-eabi/lib/thumb/v7-m/nofp\libc_nano.a(libc_a-stdio.o) (_close_r)
C:/ST/STM32CubeIDE_1.13.2/STM32CubeIDE/plugins/com.st.stm32cube.ide.mcu.externaltools.gnu-tools-for-stm32.11.3.rel1.win32_1.1.1.202309131626/tools/bin/../lib/gcc/arm-none-eabi/11.3.1/../../../../arm-none-eabi/lib/thumb/v7-m/nofp\libc_nano.a(libc_a-reent.o)
                              ./ThirdParty/FreeRTOS/tasks.o (_reclaim_reent)
C:/ST/STM32CubeIDE_1.13.2/STM32CubeIDE/plugins/com.st.stm32cube.ide.mcu.externaltools.gnu-tools-for-stm32.11.3.rel1.win32_1.1.1.202309131626/tools/bin/../lib/gcc/arm-none-eabi/11.3.1/../../../../arm-none-eabi/lib/thumb/v7-m/nofp\libc_nano.a(libc_a-impure.o)
                              ./ThirdParty/FreeRTOS/tasks.o (_impure_ptr)
C:/ST/STM32CubeIDE_1.13.2/STM32CubeIDE/plugins/com.st.stm32cube.ide.mcu.externaltools.gnu-tools-for-stm32.11.3.rel1.win32_1.1.1.202309131626/tools/bin/../lib/gcc/arm-none-eabi/11.3.1/../../../../arm-none-eabi/lib/thumb/v7-m/nofp\libc_nano.a(libc_a-lseekr.o)
                              C:/ST/STM32CubeIDE_1.13.2/STM32CubeIDE/plugins/com.st.stm32cube.ide.mcu.externaltools.gnu-tools-for-stm32.11.3.rel1.win32_1.1.1.202309131626/tools/bin/../lib/gcc/arm-none-eabi/11.3.1/../../../../arm-none-eabi/lib/thumb/v7-m/nofp\libc_nano.a(libc_a-stdio.o) (_lseek_r)
[...]
Memory Configuration

Name             Origin             Length             Attributes
RAM              0x0000000020000000 0x0000000000005000 xrw
FLASH            0x0000000008010000 0x0000000000010000 xr
*default*        0x0000000000000000 0xffffffffffffffff

Linker script and memory map

LOAD C:/ST/STM32CubeIDE_1.13.2/STM32CubeIDE/plugins/com.st.stm32cube.ide.mcu.externaltools.gnu-tools-for-stm32.11.3.rel1.win32_1.1.1.202309131626/tools/bin/../lib/gcc/arm-none-eabi/11.3.1/thumb/v7-m/nofp/crti.o
LOAD C:/ST/STM32CubeIDE_1.13.2/STM32CubeIDE/plugins/com.st.stm32cube.ide.mcu.externaltools.gnu-tools-for-stm32.11.3.rel1.win32_1.1.1.202309131626/tools/bin/../lib/gcc/arm-none-eabi/11.3.1/thumb/v7-m/nofp/crtbegin.o
LOAD C:/ST/STM32CubeIDE_1.13.2/STM32CubeIDE/plugins/com.st.stm32cube.ide.mcu.externaltools.gnu-tools-for-stm32.11.3.rel1.win32_1.1.1.202309131626/tools/bin/../lib/gcc/arm-none-eabi/11.3.1/../../../../arm-none-eabi/lib/thumb/v7-m/nofp/crt0.o
LOAD ./Core/Src/main.o
LOAD ./Core/Src/pong.o
LOAD ./Core/Src/stm32f1xx_hal_msp.o
LOAD ./Core/Src/stm32f1xx_hal_timebase_tim.o
LOAD ./Core/Src/stm32f1xx_it.o
LOAD ./Core/Src/syscalls.o
LOAD ./Core/Src/sysmem.o
LOAD ./Core/Src/system_stm32f1xx.o
LOAD ./Core/Startup/startup_stm32f103rbtx.o
LOAD ./Drivers/LCD/images.o
LOAD ./Drivers/LCD/lcd.o
LOAD ./Drivers/LCD/load_game_pic.o
LOAD ./Drivers/LCD/play_game_pic.o
LOAD ./Drivers/LCD/power_off_pic.o
LOAD ./Drivers/STM32F1xx_HAL_Driver/Src/stm32f1xx_hal.o
LOAD ./Drivers/STM32F1xx_HAL_Driver/Src/stm32f1xx_hal_adc.o
LOAD ./Drivers/STM32F1xx_HAL_Driver/Src/stm32f1xx_hal_adc_ex.o
LOAD ./Drivers/STM32F1xx_HAL_Driver/Src/stm32f1xx_hal_cortex.o
LOAD ./Drivers/STM32F1xx_HAL_Driver/Src/stm32f1xx_hal_dma.o
LOAD ./Drivers/STM32F1xx_HAL_Driver/Src/stm32f1xx_hal_exti.o
LOAD ./Drivers/STM32F1xx_HAL_Driver/Src/stm32f1xx_hal_flash.o
LOAD ./Drivers/STM32F1xx_HAL_Driver/Src/stm32f1xx_hal_flash_ex.o
LOAD ./Drivers/STM32F1xx_HAL_Driver/Src/stm32f1xx_hal_gpio.o
LOAD ./Drivers/STM32F1xx_HAL_Driver/Src/stm32f1xx_hal_gpio_ex.o
LOAD ./Drivers/STM32F1xx_HAL_Driver/Src/stm32f1xx_hal_pwr.o
LOAD ./Drivers/STM32F1xx_HAL_Driver/Src/stm32f1xx_hal_rcc.o
LOAD ./Drivers/STM32F1xx_HAL_Driver/Src/stm32f1xx_hal_rcc_ex.o
LOAD ./Drivers/STM32F1xx_HAL_Driver/Src/stm32f1xx_hal_spi.o
LOAD ./Drivers/STM32F1xx_HAL_Driver/Src/stm32f1xx_hal_tim.o
LOAD ./Drivers/STM32F1xx_HAL_Driver/Src/stm32f1xx_hal_tim_ex.o
LOAD ./Drivers/UGUI/Fonts/arial_10X13.o
LOAD ./Drivers/UGUI/Fonts/arial_10X13_cyrillic.o
LOAD ./Drivers/UGUI/Fonts/arial_12X15.o
LOAD ./Drivers/UGUI/Fonts/arial_12X15_cyrillic.o
LOAD ./Drivers/UGUI/Fonts/arial_16X18.o
LOAD ./Drivers/UGUI/Fonts/arial_16X18_cyrillic.o
LOAD ./Drivers/UGUI/Fonts/arial_20X23.o
LOAD ./Drivers/UGUI/Fonts/arial_20X23_cyrillic.o
LOAD ./Drivers/UGUI/Fonts/arial_25X28.o
LOAD ./Drivers/UGUI/Fonts/arial_25X28_cyrillic.o
LOAD ./Drivers/UGUI/Fonts/arial_29X35.o
LOAD ./Drivers/UGUI/Fonts/arial_29X35_cyrillic.o
LOAD ./Drivers/UGUI/Fonts/arial_35X40.o
LOAD ./Drivers/UGUI/Fonts/arial_35X40_cyrillic.o
LOAD ./Drivers/UGUI/Fonts/arial_39X45.o
LOAD ./Drivers/UGUI/Fonts/arial_39X45_cyrillic.o
LOAD ./Drivers/UGUI/Fonts/arial_45X52.o
LOAD ./Drivers/UGUI/Fonts/arial_45X52_cyrillic.o
LOAD ./Drivers/UGUI/Fonts/arial_49X57.o
LOAD ./Drivers/UGUI/Fonts/arial_49X57_cyrillic.o
LOAD ./Drivers/UGUI/Fonts/arial_6X6.o
LOAD ./Drivers/UGUI/Fonts/arial_6X6_cyrillic.o
LOAD ./Drivers/UGUI/Fonts/arial_9X10.o
LOAD ./Drivers/UGUI/Fonts/arial_9X10_cyrillic.o
LOAD ./Drivers/UGUI/Fonts/font_10x16.o
LOAD ./Drivers/UGUI/Fonts/font_12x16.o
LOAD ./Drivers/UGUI/Fonts/font_12x20.o
LOAD ./Drivers/UGUI/Fonts/font_16x26.o
LOAD ./Drivers/UGUI/Fonts/font_22x36.o
LOAD ./Drivers/UGUI/Fonts/font_24x40.o
LOAD ./Drivers/UGUI/Fonts/font_32x53.o
LOAD ./Drivers/UGUI/Fonts/font_4x6.o
LOAD ./Drivers/UGUI/Fonts/font_5x12.o
LOAD ./Drivers/UGUI/Fonts/font_5x8.o
LOAD ./Drivers/UGUI/Fonts/font_6x10.o
LOAD ./Drivers/UGUI/Fonts/font_6x8.o
LOAD ./Drivers/UGUI/Fonts/font_7x12.o
LOAD ./Drivers/UGUI/Fonts/font_8x12.o
LOAD ./Drivers/UGUI/Fonts/font_8x12_cyrillic.o
LOAD ./Drivers/UGUI/Fonts/font_8x14.o
LOAD ./Drivers/UGUI/Fonts/font_8x8.o
LOAD ./Drivers/UGUI/ugui.o
LOAD ./Drivers/UGUI/ugui_button.o
LOAD ./Drivers/UGUI/ugui_checkbox.o
LOAD ./Drivers/UGUI/ugui_image.o
LOAD ./Drivers/UGUI/ugui_progress.o
LOAD ./Drivers/UGUI/ugui_textbox.o
LOAD ./ThirdParty/FreeRTOS/croutine.o
LOAD ./ThirdParty/FreeRTOS/event_groups.o
LOAD ./ThirdParty/FreeRTOS/list.o
LOAD ./ThirdParty/FreeRTOS/queue.o
LOAD ./ThirdParty/FreeRTOS/stream_buffer.o
LOAD ./ThirdParty/FreeRTOS/tasks.o
LOAD ./ThirdParty/FreeRTOS/timers.o
LOAD ./ThirdParty/FreeRTOS/portable/GCC/ARM_CM3/port.o
LOAD ./ThirdParty/FreeRTOS/portable/MemMang/heap_4.o
START GROUP
LOAD C:/ST/STM32CubeIDE_1.13.2/STM32CubeIDE/plugins/com.st.stm32cube.ide.mcu.externaltools.gnu-tools-for-stm32.11.3.rel1.win32_1.1.1.202309131626/tools/bin/../lib/gcc/arm-none-eabi/11.3.1/../../../../arm-none-eabi/lib/thumb/v7-m/nofp\libc_nano.a
LOAD C:/ST/STM32CubeIDE_1.13.2/STM32CubeIDE/plugins/com.st.stm32cube.ide.mcu.externaltools.gnu-tools-for-stm32.11.3.rel1.win32_1.1.1.202309131626/tools/bin/../lib/gcc/arm-none-eabi/11.3.1/../../../../arm-none-eabi/lib/thumb/v7-m/nofp\libm.a
END GROUP
START GROUP
LOAD C:/ST/STM32CubeIDE_1.13.2/STM32CubeIDE/plugins/com.st.stm32cube.ide.mcu.externaltools.gnu-tools-for-stm32.11.3.rel1.win32_1.1.1.202309131626/tools/bin/../lib/gcc/arm-none-eabi/11.3.1/thumb/v7-m/nofp\libgcc.a
LOAD C:/ST/STM32CubeIDE_1.13.2/STM32CubeIDE/plugins/com.st.stm32cube.ide.mcu.externaltools.gnu-tools-for-stm32.11.3.rel1.win32_1.1.1.202309131626/tools/bin/../lib/gcc/arm-none-eabi/11.3.1/../../../../arm-none-eabi/lib/thumb/v7-m/nofp\libc_nano.a
END GROUP
START GROUP
LOAD C:/ST/STM32CubeIDE_1.13.2/STM32CubeIDE/plugins/com.st.stm32cube.ide.mcu.externaltools.gnu-tools-for-stm32.11.3.rel1.win32_1.1.1.202309131626/tools/bin/../lib/gcc/arm-none-eabi/11.3.1/thumb/v7-m/nofp\libgcc.a
LOAD C:/ST/STM32CubeIDE_1.13.2/STM32CubeIDE/plugins/com.st.stm32cube.ide.mcu.externaltools.gnu-tools-for-stm32.11.3.rel1.win32_1.1.1.202309131626/tools/bin/../lib/gcc/arm-none-eabi/11.3.1/../../../../arm-none-eabi/lib/thumb/v7-m/nofp\libc_nano.a
LOAD C:/ST/STM32CubeIDE_1.13.2/STM32CubeIDE/plugins/com.st.stm32cube.ide.mcu.externaltools.gnu-tools-for-stm32.11.3.rel1.win32_1.1.1.202309131626/tools/bin/../lib/gcc/arm-none-eabi/11.3.1/../../../../arm-none-eabi/lib/thumb/v7-m/nofp\libnosys.a
END GROUP
START GROUP
LOAD C:/ST/STM32CubeIDE_1.13.2/STM32CubeIDE/plugins/com.st.stm32cube.ide.mcu.externaltools.gnu-tools-for-stm32.11.3.rel1.win32_1.1.1.202309131626/tools/bin/../lib/gcc/arm-none-eabi/11.3.1/thumb/v7-m/nofp\libgcc.a
LOAD C:/ST/STM32CubeIDE_1.13.2/STM32CubeIDE/plugins/com.st.stm32cube.ide.mcu.externaltools.gnu-tools-for-stm32.11.3.rel1.win32_1.1.1.202309131626/tools/bin/../lib/gcc/arm-none-eabi/11.3.1/../../../../arm-none-eabi/lib/thumb/v7-m/nofp\libc_nano.a
LOAD C:/ST/STM32CubeIDE_1.13.2/STM32CubeIDE/plugins/com.st.stm32cube.ide.mcu.externaltools.gnu-tools-for-stm32.11.3.rel1.win32_1.1.1.202309131626/tools/bin/../lib/gcc/arm-none-eabi/11.3.1/../../../../arm-none-eabi/lib/thumb/v7-m/nofp\libnosys.a
END GROUP
LOAD C:/ST/STM32CubeIDE_1.13.2/STM32CubeIDE/plugins/com.st.stm32cube.ide.mcu.externaltools.gnu-tools-for-stm32.11.3.rel1.win32_1.1.1.202309131626/tools/bin/../lib/gcc/arm-none-eabi/11.3.1/thumb/v7-m/nofp/crtend.o
LOAD C:/ST/STM32CubeIDE_1.13.2/STM32CubeIDE/plugins/com.st.stm32cube.ide.mcu.externaltools.gnu-tools-for-stm32.11.3.rel1.win32_1.1.1.202309131626/tools/bin/../lib/gcc/arm-none-eabi/11.3.1/thumb/v7-m/nofp/crtn.o
                0x0000000020005000                _estack = (ORIGIN (RAM) + LENGTH (RAM))
                0x0000000000000200                _Min_Heap_Size = 0x200
                0x0000000000000400                _Min_Stack_Size = 0x400

.isr_vector     0x0000000008010000      0x10c
                0x0000000008010000                . = ALIGN (0x4)
 *(.isr_vector)
 .isr_vector    0x0000000008010000      0x10c ./Core/Startup/startup_stm32f103rbtx.o
                0x0000000008010000                g_pfnVectors
                0x000000000801010c                . = ALIGN (0x4)

.text           0x0000000008010110     0x6754
                0x0000000008010110                . = ALIGN (0x4)
 *(.text)
 .text          0x0000000008010110       0x40 C:/ST/STM32CubeIDE_1.13.2/STM32CubeIDE/plugins/com.st.stm32cube.ide.mcu.externaltools.gnu-tools-for-stm32.11.3.rel1.win32_1.1.1.202309131626/tools/bin/../lib/gcc/arm-none-eabi/11.3.1/thumb/v7-m/nofp/crtbegin.o
 *(.text*)
 .text.taskGameLogic
                0x0000000008010150       0x40 ./Core/Src/main.o
 .text.SystemClock_Config
                0x0000000008010190       0x7a ./Core/Src/main.o
                0x0000000008010190                SystemClock_Config
 .text.ADC_SetActiveChannel
                0x000000000801020a       0x1e ./Core/Src/main.o
                0x000000000801020a                ADC_SetActiveChannel
 .text.taskGetUserInput
                0x0000000008010228       0xe8 ./Core/Src/main.o
 .text.startup.main
                0x0000000008010310      0x2c8 ./Core/Src/main.o
                0x0000000008010310                main
 .text.vApplicationGetIdleTaskMemory
                0x00000000080105d8       0x18 ./Core/Src/main.o
                0x00000000080105d8                vApplicationGetIdleTaskMemory
 .text.HAL_TIM_PeriodElapsedCallback
                0x00000000080105f0        0xe ./Core/Src/main.o
                0x00000000080105f0                HAL_TIM_PeriodElapsedCallback
 .text.Error_Handler
                0x00000000080105fe        0x4 ./Core/Src/main.o
                0x00000000080105fe                Error_Handler
 .text.clearDisplay
                0x0000000008010602       0x10 ./Core/Src/pong.o
 *fill*         0x0000000008010612        0x2 
 .text.updateBallAngle
                0x0000000008010614       0x30 ./Core/Src/pong.o
 .text.drawPlayer
                0x0000000008010644       0xde ./Core/Src/pong.o
 *fill*         0x0000000008010722        0x2 
 .text.drawScore
                0x0000000008010724       0xc8 ./Core/Src/pong.o
 .text.drawMainMenu
                0x00000000080107ec      0x220 ./Core/Src/pong.o
 .text.updatePlayerPosition.part.0
                0x0000000008010a0c       0x4c ./Core/Src/pong.o
 .text.initGame
                0x0000000008010a58       0xa0 ./Core/Src/pong.o
                0x0000000008010a58                initGame
 .text.gameInput
                0x0000000008010af8       0x4c ./Core/Src/pong.o
                0x0000000008010af8                gameInput
 .text.gameLogic
                0x0000000008010b44      0x6c8 ./Core/Src/pong.o
                0x0000000008010b44                gameLogic
 .text.HAL_MspInit
                0x000000000801120c       0x44 ./Core/Src/stm32f1xx_hal_msp.o
                0x000000000801120c                HAL_MspInit
 .text.HAL_ADC_MspInit
                0x0000000008011250       0xa4 ./Core/Src/stm32f1xx_hal_msp.o
                0x0000000008011250                HAL_ADC_MspInit
 .text.HAL_SPI_MspInit
                0x00000000080112f4       0xa4 ./Core/Src/stm32f1xx_hal_msp.o
                0x00000000080112f4                HAL_SPI_MspInit
 .text.HAL_TIM_PWM_MspInit
                0x0000000008011398       0x28 ./Core/Src/stm32f1xx_hal_msp.o
                0x0000000008011398                HAL_TIM_PWM_MspInit
 .text.HAL_TIM_MspPostInit
                0x00000000080113c0       0x50 ./Core/Src/stm32f1xx_hal_msp.o
                0x00000000080113c0                HAL_TIM_MspPostInit
 .text.HAL_InitTick
                0x0000000008011410       0x98 ./Core/Src/stm32f1xx_hal_timebase_tim.o
                0x0000000008011410                HAL_InitTick
 .text.NMI_Handler
                0x00000000080114a8        0x2 ./Core/Src/stm32f1xx_it.o
                0x00000000080114a8                NMI_Handler
 .text.HardFault_Handler
                0x00000000080114aa        0x2 ./Core/Src/stm32f1xx_it.o
                0x00000000080114aa                HardFault_Handler
 .text.MemManage_Handler
                0x00000000080114ac        0x2 ./Core/Src/stm32f1xx_it.o
                0x00000000080114ac                MemManage_Handler
 .text.BusFault_Handler
                0x00000000080114ae        0x2 ./Core/Src/stm32f1xx_it.o
                0x00000000080114ae                BusFault_Handler
 .text.UsageFault_Handler
                0x00000000080114b0        0x2 ./Core/Src/stm32f1xx_it.o
                0x00000000080114b0                UsageFault_Handler
 .text.DebugMon_Handler
                0x00000000080114b2        0x2 ./Core/Src/stm32f1xx_it.o
                0x00000000080114b2                DebugMon_Handler
 .text.DMA1_Channel3_IRQHandler
                0x00000000080114b4        0xc ./Core/Src/stm32f1xx_it.o
                0x00000000080114b4                DMA1_Channel3_IRQHandler
 .text.TIM2_IRQHandler
                0x00000000080114c0        0xc ./Core/Src/stm32f1xx_it.o
                0x00000000080114c0                TIM2_IRQHandler
 .text._getpid  0x00000000080114cc        0x4 ./Core/Src/syscalls.o
                0x00000000080114cc                _getpid
 .text._kill    0x00000000080114d0       0x10 ./Core/Src/syscalls.o
                0x00000000080114d0                _kill
 .text._exit    0x00000000080114e0        0xc ./Core/Src/syscalls.o
                0x00000000080114e0                _exit
 .text._read    0x00000000080114ec       0x1c ./Core/Src/syscalls.o
                0x00000000080114ec                _read
 .text._write   0x0000000008011508       0x1c ./Core/Src/syscalls.o
                0x0000000008011508                _write
 .text._close   0x0000000008011524        0x6 ./Core/Src/syscalls.o
                0x0000000008011524                _close
 .text._fstat   0x000000000801152a        0xa ./Core/Src/syscalls.o
                0x000000000801152a                _fstat
 .text._isatty  0x0000000008011534        0x4 ./Core/Src/syscalls.o
                0x0000000008011534                _isatty
 .text._lseek   0x0000000008011538        0x4 ./Core/Src/syscalls.o
                0x0000000008011538                _lseek
 .text._sbrk    0x000000000801153c       0x40 ./Core/Src/sysmem.o
                0x000000000801153c                _sbrk
 .text.SystemInit
                0x000000000801157c       0x10 ./Core/Src/system_stm32f1xx.o
                0x000000000801157c                SystemInit
 .text.Reset_Handler
                0x000000000801158c       0x48 ./Core/Startup/startup_stm32f103rbtx.o
                0x000000000801158c                Reset_Handler
 .text.Default_Handler
                0x00000000080115d4        0x2 ./Core/Startup/startup_stm32f103rbtx.o
                0x00000000080115d4                RTC_Alarm_IRQHandler
                0x00000000080115d4                EXTI2_IRQHandler
                0x00000000080115d4                TIM1_CC_IRQHandler
                0x00000000080115d4                PVD_IRQHandler
                0x00000000080115d4                EXTI3_IRQHandler
                0x00000000080115d4                EXTI0_IRQHandler
                0x00000000080115d4                I2C2_EV_IRQHandler
                0x00000000080115d4                ADC1_2_IRQHandler
                0x00000000080115d4                SPI1_IRQHandler
                0x00000000080115d4                TAMPER_IRQHandler
                0x00000000080115d4                DMA1_Channel4_IRQHandler
                0x00000000080115d4                USART3_IRQHandler
                0x00000000080115d4                RTC_IRQHandler
                0x00000000080115d4                DMA1_Channel7_IRQHandler
                0x00000000080115d4                CAN1_RX1_IRQHandler
                0x00000000080115d4                TIM4_IRQHandler
                0x00000000080115d4                I2C1_EV_IRQHandler
                0x00000000080115d4                DMA1_Channel6_IRQHandler
                0x00000000080115d4                TIM3_IRQHandler
                0x00000000080115d4                RCC_IRQHandler
                0x00000000080115d4                TIM1_TRG_COM_IRQHandler
                0x00000000080115d4                DMA1_Channel1_IRQHandler
                0x00000000080115d4                Default_Handler
                0x00000000080115d4                EXTI15_10_IRQHandler
                0x00000000080115d4                EXTI9_5_IRQHandler
                0x00000000080115d4                SPI2_IRQHandler
                0x00000000080115d4                DMA1_Channel5_IRQHandler
                0x00000000080115d4                EXTI4_IRQHandler
                0x00000000080115d4                USB_LP_CAN1_RX0_IRQHandler
                0x00000000080115d4                USB_HP_CAN1_TX_IRQHandler
                0x00000000080115d4                TIM1_UP_IRQHandler
                0x00000000080115d4                WWDG_IRQHandler
                0x00000000080115d4                TIM1_BRK_IRQHandler
                0x00000000080115d4                EXTI1_IRQHandler
                0x00000000080115d4                USART2_IRQHandler
                0x00000000080115d4                I2C2_ER_IRQHandler
                0x00000000080115d4                DMA1_Channel2_IRQHandler
                0x00000000080115d4                CAN1_SCE_IRQHandler
                0x00000000080115d4                FLASH_IRQHandler
                0x00000000080115d4                USART1_IRQHandler
                0x00000000080115d4                I2C1_ER_IRQHandler
                0x00000000080115d4                USBWakeUp_IRQHandler
 *fill*         0x00000000080115d6        0x2 
 .text.LCD_WriteData
                0x00000000080115d8       0x84 ./Drivers/LCD/lcd.o
 .text.LCD_FillPixels
                0x000000000801165c       0x46 ./Drivers/LCD/lcd.o
                0x000000000801165c                LCD_FillPixels
 *fill*         0x00000000080116a2        0x2 
 .text.setSPI_Size.part.0
                0x00000000080116a4       0x38 ./Drivers/LCD/lcd.o
 .text.setDMAMemMode
                0x00000000080116dc       0x90 ./Drivers/LCD/lcd.o
 .text.LCD_Update
                0x000000000801176c        0x8 ./Drivers/LCD/lcd.o
 .text.LCD_WriteCommand
                0x0000000008011774       0x5c ./Drivers/LCD/lcd.o
 .text.LCD_SetAddressWindow
                0x00000000080117d0       0x5c ./Drivers/LCD/lcd.o
 .text.LCD_FillArea
                0x000000000801182c       0x34 ./Drivers/LCD/lcd.o
                0x000000000801182c                LCD_FillArea
 .text.LCD_DrawPixel
                0x0000000008011860       0x48 ./Drivers/LCD/lcd.o
                0x0000000008011860                LCD_DrawPixel
 .text.LCD_Fill
                0x00000000080118a8       0x36 ./Drivers/LCD/lcd.o
                0x00000000080118a8                LCD_Fill
 .text.LCD_DrawLine
                0x00000000080118de       0x38 ./Drivers/LCD/lcd.o
                0x00000000080118de                LCD_DrawLine
 .text.LCD_DrawImage
                0x0000000008011916       0x56 ./Drivers/LCD/lcd.o
                0x0000000008011916                LCD_DrawImage
 .text.LCD_PutStr
                0x000000000801196c       0x32 ./Drivers/LCD/lcd.o
                0x000000000801196c                LCD_PutStr
 .text.LCD_setPower
                0x000000000801199e       0x1c ./Drivers/LCD/lcd.o
                0x000000000801199e                LCD_setPower
 *fill*         0x00000000080119ba        0x2 
 .text.LCD_init
                0x00000000080119bc       0xa4 ./Drivers/LCD/lcd.o
                0x00000000080119bc                LCD_init
 .text.HAL_Init
                0x0000000008011a60       0x24 ./Drivers/STM32F1xx_HAL_Driver/Src/stm32f1xx_hal.o
                0x0000000008011a60                HAL_Init
 .text.HAL_IncTick
                0x0000000008011a84       0x18 ./Drivers/STM32F1xx_HAL_Driver/Src/stm32f1xx_hal.o
                0x0000000008011a84                HAL_IncTick
 .text.HAL_GetTick
                0x0000000008011a9c        0xc ./Drivers/STM32F1xx_HAL_Driver/Src/stm32f1xx_hal.o
                0x0000000008011a9c                HAL_GetTick
 .text.HAL_Delay
                0x0000000008011aa8       0x24 ./Drivers/STM32F1xx_HAL_Driver/Src/stm32f1xx_hal.o
                0x0000000008011aa8                HAL_Delay
 .text.HAL_ADC_PollForConversion
                0x0000000008011acc      0x158 ./Drivers/STM32F1xx_HAL_Driver/Src/stm32f1xx_hal_adc.o
                0x0000000008011acc                HAL_ADC_PollForConversion
 .text.HAL_ADC_GetValue
                0x0000000008011c24        0x6 ./Drivers/STM32F1xx_HAL_Driver/Src/stm32f1xx_hal_adc.o
                0x0000000008011c24                HAL_ADC_GetValue
 *fill*         0x0000000008011c2a        0x2 
 .text.HAL_ADC_ConfigChannel
                0x0000000008011c2c       0xfc ./Drivers/STM32F1xx_HAL_Driver/Src/stm32f1xx_hal_adc.o
                0x0000000008011c2c                HAL_ADC_ConfigChannel
 .text.ADC_Enable
                0x0000000008011d28       0x78 ./Drivers/STM32F1xx_HAL_Driver/Src/stm32f1xx_hal_adc.o
                0x0000000008011d28                ADC_Enable
 .text.HAL_ADC_Start
                0x0000000008011da0       0xc4 ./Drivers/STM32F1xx_HAL_Driver/Src/stm32f1xx_hal_adc.o
                0x0000000008011da0                HAL_ADC_Start
 .text.ADC_ConversionStop_Disable
                0x0000000008011e64       0x4c ./Drivers/STM32F1xx_HAL_Driver/Src/stm32f1xx_hal_adc.o
                0x0000000008011e64                ADC_ConversionStop_Disable
 .text.HAL_ADC_Init
                0x0000000008011eb0       0xfc ./Drivers/STM32F1xx_HAL_Driver/Src/stm32f1xx_hal_adc.o
                0x0000000008011eb0                HAL_ADC_Init
 .text.HAL_NVIC_SetPriorityGrouping
                0x0000000008011fac       0x24 ./Drivers/STM32F1xx_HAL_Driver/Src/stm32f1xx_hal_cortex.o
                0x0000000008011fac                HAL_NVIC_SetPriorityGrouping
 .text.HAL_NVIC_SetPriority
                0x0000000008011fd0       0x60 ./Drivers/STM32F1xx_HAL_Driver/Src/stm32f1xx_hal_cortex.o
                0x0000000008011fd0                HAL_NVIC_SetPriority
 .text.HAL_NVIC_EnableIRQ
                0x0000000008012030       0x1c ./Drivers/STM32F1xx_HAL_Driver/Src/stm32f1xx_hal_cortex.o
                0x0000000008012030                HAL_NVIC_EnableIRQ
 .text.HAL_DMA_Init
                0x000000000801204c       0x64 ./Drivers/STM32F1xx_HAL_Driver/Src/stm32f1xx_hal_dma.o
                0x000000000801204c                HAL_DMA_Init
 .text.HAL_DMA_Start_IT
                0x00000000080120b0       0x7e ./Drivers/STM32F1xx_HAL_Driver/Src/stm32f1xx_hal_dma.o
                0x00000000080120b0                HAL_DMA_Start_IT
 *fill*         0x000000000801212e        0x2 
 .text.HAL_DMA_IRQHandler
                0x0000000008012130      0x128 ./Drivers/STM32F1xx_HAL_Driver/Src/stm32f1xx_hal_dma.o
                0x0000000008012130                HAL_DMA_IRQHandler
 .text.HAL_DMA_GetState
                0x0000000008012258        0x6 ./Drivers/STM32F1xx_HAL_Driver/Src/stm32f1xx_hal_dma.o
                0x0000000008012258                HAL_DMA_GetState
 *fill*         0x000000000801225e        0x2 
 .text.HAL_GPIO_Init
                0x0000000008012260      0x1b4 ./Drivers/STM32F1xx_HAL_Driver/Src/stm32f1xx_hal_gpio.o
                0x0000000008012260                HAL_GPIO_Init
 .text.HAL_GPIO_ReadPin
                0x0000000008012414        0xc ./Drivers/STM32F1xx_HAL_Driver/Src/stm32f1xx_hal_gpio.o
                0x0000000008012414                HAL_GPIO_ReadPin
 .text.HAL_GPIO_WritePin
                0x0000000008012420        0xa ./Drivers/STM32F1xx_HAL_Driver/Src/stm32f1xx_hal_gpio.o
                0x0000000008012420                HAL_GPIO_WritePin
 *fill*         0x000000000801242a        0x2 
 .text.HAL_RCC_OscConfig
                0x000000000801242c      0x338 ./Drivers/STM32F1xx_HAL_Driver/Src/stm32f1xx_hal_rcc.o
                0x000000000801242c                HAL_RCC_OscConfig
 .text.HAL_RCC_GetSysClockFreq
                0x0000000008012764       0x4c ./Drivers/STM32F1xx_HAL_Driver/Src/stm32f1xx_hal_rcc.o
                0x0000000008012764                HAL_RCC_GetSysClockFreq
 .text.HAL_RCC_ClockConfig
                0x00000000080127b0      0x138 ./Drivers/STM32F1xx_HAL_Driver/Src/stm32f1xx_hal_rcc.o
                0x00000000080127b0                HAL_RCC_ClockConfig
 .text.HAL_RCC_GetPCLK1Freq
                0x00000000080128e8       0x20 ./Drivers/STM32F1xx_HAL_Driver/Src/stm32f1xx_hal_rcc.o
                0x00000000080128e8                HAL_RCC_GetPCLK1Freq
 .text.HAL_RCC_GetPCLK2Freq
                0x0000000008012908       0x20 ./Drivers/STM32F1xx_HAL_Driver/Src/stm32f1xx_hal_rcc.o
                0x0000000008012908                HAL_RCC_GetPCLK2Freq
 .text.HAL_RCC_GetClockConfig
                0x0000000008012928       0x3c ./Drivers/STM32F1xx_HAL_Driver/Src/stm32f1xx_hal_rcc.o
                0x0000000008012928                HAL_RCC_GetClockConfig
 .text.HAL_RCCEx_PeriphCLKConfig
                0x0000000008012964       0xf4 ./Drivers/STM32F1xx_HAL_Driver/Src/stm32f1xx_hal_rcc_ex.o
                0x0000000008012964                HAL_RCCEx_PeriphCLKConfig
 .text.HAL_RCCEx_GetPeriphCLKFreq
                0x0000000008012a58       0xbc ./Drivers/STM32F1xx_HAL_Driver/Src/stm32f1xx_hal_rcc_ex.o
                0x0000000008012a58                HAL_RCCEx_GetPeriphCLKFreq
 .text.SPI_WaitFlagStateUntilTimeout
                0x0000000008012b14       0xb8 ./Drivers/STM32F1xx_HAL_Driver/Src/stm32f1xx_hal_spi.o
 .text.SPI_EndRxTxTransaction
                0x0000000008012bcc       0x38 ./Drivers/STM32F1xx_HAL_Driver/Src/stm32f1xx_hal_spi.o
 .text.HAL_SPI_Init
                0x0000000008012c04       0xb0 ./Drivers/STM32F1xx_HAL_Driver/Src/stm32f1xx_hal_spi.o
                0x0000000008012c04                HAL_SPI_Init
 .text.HAL_SPI_Transmit
                0x0000000008012cb4      0x162 ./Drivers/STM32F1xx_HAL_Driver/Src/stm32f1xx_hal_spi.o
                0x0000000008012cb4                HAL_SPI_Transmit
 *fill*         0x0000000008012e16        0x2 
 .text.HAL_SPI_Transmit_DMA
                0x0000000008012e18       0xbc ./Drivers/STM32F1xx_HAL_Driver/Src/stm32f1xx_hal_spi.o
                0x0000000008012e18                HAL_SPI_Transmit_DMA
 .text.HAL_SPI_TxCpltCallback
                0x0000000008012ed4        0x2 ./Drivers/STM32F1xx_HAL_Driver/Src/stm32f1xx_hal_spi.o
                0x0000000008012ed4                HAL_SPI_TxCpltCallback
 .text.HAL_SPI_TxHalfCpltCallback
                0x0000000008012ed6        0x2 ./Drivers/STM32F1xx_HAL_Driver/Src/stm32f1xx_hal_spi.o
                0x0000000008012ed6                HAL_SPI_TxHalfCpltCallback
 .text.SPI_DMAHalfTransmitCplt
                0x0000000008012ed8        0xa ./Drivers/STM32F1xx_HAL_Driver/Src/stm32f1xx_hal_spi.o
 .text.HAL_SPI_ErrorCallback
                0x0000000008012ee2        0x2 ./Drivers/STM32F1xx_HAL_Driver/Src/stm32f1xx_hal_spi.o
                0x0000000008012ee2                HAL_SPI_ErrorCallback
 .text.SPI_DMAError
                0x0000000008012ee4       0x22 ./Drivers/STM32F1xx_HAL_Driver/Src/stm32f1xx_hal_spi.o
 .text.SPI_DMATransmitCplt
                0x0000000008012f06       0x6a ./Drivers/STM32F1xx_HAL_Driver/Src/stm32f1xx_hal_spi.o
 .text.TIM_OC1_SetConfig
                0x0000000008012f70       0x50 ./Drivers/STM32F1xx_HAL_Driver/Src/stm32f1xx_hal_tim.o
 .text.TIM_OC3_SetConfig
                0x0000000008012fc0       0x54 ./Drivers/STM32F1xx_HAL_Driver/Src/stm32f1xx_hal_tim.o
 .text.TIM_OC4_SetConfig
                0x0000000008013014       0x44 ./Drivers/STM32F1xx_HAL_Driver/Src/stm32f1xx_hal_tim.o
 .text.HAL_TIM_Base_MspInit
                0x0000000008013058        0x2 ./Drivers/STM32F1xx_HAL_Driver/Src/stm32f1xx_hal_tim.o
                0x0000000008013058                HAL_TIM_Base_MspInit
 *fill*         0x000000000801305a        0x2 
 .text.HAL_TIM_Base_Start_IT
                0x000000000801305c       0x54 ./Drivers/STM32F1xx_HAL_Driver/Src/stm32f1xx_hal_tim.o
                0x000000000801305c                HAL_TIM_Base_Start_IT
 .text.HAL_TIM_OC_DelayElapsedCallback
                0x00000000080130b0        0x2 ./Drivers/STM32F1xx_HAL_Driver/Src/stm32f1xx_hal_tim.o
                0x00000000080130b0                HAL_TIM_OC_DelayElapsedCallback
 .text.HAL_TIM_IC_CaptureCallback
                0x00000000080130b2        0x2 ./Drivers/STM32F1xx_HAL_Driver/Src/stm32f1xx_hal_tim.o
                0x00000000080130b2                HAL_TIM_IC_CaptureCallback
 .text.HAL_TIM_PWM_PulseFinishedCallback
                0x00000000080130b4        0x2 ./Drivers/STM32F1xx_HAL_Driver/Src/stm32f1xx_hal_tim.o
                0x00000000080130b4                HAL_TIM_PWM_PulseFinishedCallback
 .text.HAL_TIM_TriggerCallback
                0x00000000080130b6        0x2 ./Drivers/STM32F1xx_HAL_Driver/Src/stm32f1xx_hal_tim.o
                0x00000000080130b6                HAL_TIM_TriggerCallback
 .text.HAL_TIM_IRQHandler
                0x00000000080130b8      0x128 ./Drivers/STM32F1xx_HAL_Driver/Src/stm32f1xx_hal_tim.o
                0x00000000080130b8                HAL_TIM_IRQHandler
 .text.TIM_Base_SetConfig
                0x00000000080131e0       0x80 ./Drivers/STM32F1xx_HAL_Driver/Src/stm32f1xx_hal_tim.o
                0x00000000080131e0                TIM_Base_SetConfig
 .text.HAL_TIM_Base_Init
                0x0000000008013260       0x58 ./Drivers/STM32F1xx_HAL_Driver/Src/stm32f1xx_hal_tim.o
                0x0000000008013260                HAL_TIM_Base_Init
 .text.HAL_TIM_PWM_Init
                0x00000000080132b8       0x58 ./Drivers/STM32F1xx_HAL_Driver/Src/stm32f1xx_hal_tim.o
                0x00000000080132b8                HAL_TIM_PWM_Init
 .text.TIM_OC2_SetConfig
                0x0000000008013310       0x58 ./Drivers/STM32F1xx_HAL_Driver/Src/stm32f1xx_hal_tim.o
                0x0000000008013310                TIM_OC2_SetConfig
 .text.HAL_TIM_PWM_ConfigChannel
                0x0000000008013368       0xb2 ./Drivers/STM32F1xx_HAL_Driver/Src/stm32f1xx_hal_tim.o
                0x0000000008013368                HAL_TIM_PWM_ConfigChannel
 .text.TIM_CCxChannelCmd
                0x000000000801341a       0x1c ./Drivers/STM32F1xx_HAL_Driver/Src/stm32f1xx_hal_tim.o
                0x000000000801341a                TIM_CCxChannelCmd
 *fill*         0x0000000008013436        0x2 
 .text.HAL_TIM_OC_Start
                0x0000000008013438       0xa0 ./Drivers/STM32F1xx_HAL_Driver/Src/stm32f1xx_hal_tim.o
                0x0000000008013438                HAL_TIM_OC_Start
 .text.HAL_TIM_PWM_Start
                0x00000000080134d8        0x4 ./Drivers/STM32F1xx_HAL_Driver/Src/stm32f1xx_hal_tim.o
                0x00000000080134d8                HAL_TIM_PWM_Start
 .text.HAL_TIM_OC_Stop
                0x00000000080134dc       0x74 ./Drivers/STM32F1xx_HAL_Driver/Src/stm32f1xx_hal_tim.o
                0x00000000080134dc                HAL_TIM_OC_Stop
 .text.HAL_TIM_PWM_Stop
                0x0000000008013550        0x4 ./Drivers/STM32F1xx_HAL_Driver/Src/stm32f1xx_hal_tim.o
                0x0000000008013550                HAL_TIM_PWM_Stop
 .text.HAL_TIMEx_MasterConfigSynchronization
                0x0000000008013554       0x5c ./Drivers/STM32F1xx_HAL_Driver/Src/stm32f1xx_hal_tim_ex.o
                0x0000000008013554                HAL_TIMEx_MasterConfigSynchronization
 .text.HAL_TIMEx_ConfigBreakDeadTime
                0x00000000080135b0       0x4c ./Drivers/STM32F1xx_HAL_Driver/Src/stm32f1xx_hal_tim_ex.o
                0x00000000080135b0                HAL_TIMEx_ConfigBreakDeadTime
 .text.HAL_TIMEx_CommutCallback
                0x00000000080135fc        0x2 ./Drivers/STM32F1xx_HAL_Driver/Src/stm32f1xx_hal_tim_ex.o
                0x00000000080135fc                HAL_TIMEx_CommutCallback
 .text.HAL_TIMEx_BreakCallback
                0x00000000080135fe        0x2 ./Drivers/STM32F1xx_HAL_Driver/Src/stm32f1xx_hal_tim_ex.o
                0x00000000080135fe                HAL_TIMEx_BreakCallback
 .text._UG_GetCharData
                0x0000000008013600      0x11c ./Drivers/UGUI/ugui.o
 .text._UG_FontSelect
                0x000000000801371c       0x64 ./Drivers/UGUI/ugui.o
 .text._UG_PutChar
                0x0000000008013780      0x364 ./Drivers/UGUI/ugui.o
 .text._UG_DecodeUTF8
                0x0000000008013ae4       0x7a ./Drivers/UGUI/ugui.o
 *fill*         0x0000000008013b5e        0x2 
 .text.UG_Init  0x0000000008013b60       0x70 ./Drivers/UGUI/ugui.o
                0x0000000008013b60                UG_Init
 .text.UG_FontSelect
                0x0000000008013bd0        0xc ./Drivers/UGUI/ugui.o
                0x0000000008013bd0                UG_FontSelect
 .text.UG_FillFrame
                0x0000000008013bdc       0x80 ./Drivers/UGUI/ugui.o
                0x0000000008013bdc                UG_FillFrame
 .text.UG_FillScreen
                0x0000000008013c5c       0x28 ./Drivers/UGUI/ugui.o
                0x0000000008013c5c                UG_FillScreen
 .text.UG_DrawCircle
                0x0000000008013c84      0x12c ./Drivers/UGUI/ugui.o
                0x0000000008013c84                UG_DrawCircle
 .text.UG_DrawLine
                0x0000000008013db0      0x118 ./Drivers/UGUI/ugui.o
                0x0000000008013db0                UG_DrawLine
 .text.UG_FillCircle
                0x0000000008013ec8       0xf0 ./Drivers/UGUI/ugui.o
                0x0000000008013ec8                UG_FillCircle
 .text.UG_PutString
                0x0000000008013fb8       0xb8 ./Drivers/UGUI/ugui.o
                0x0000000008013fb8                UG_PutString
 .text.UG_SetForecolor
                0x0000000008014070       0x10 ./Drivers/UGUI/ugui.o
                0x0000000008014070                UG_SetForecolor
 .text.UG_SetBackcolor
                0x0000000008014080       0x10 ./Drivers/UGUI/ugui.o
                0x0000000008014080                UG_SetBackcolor
 .text.UG_FontSetHSpace
                0x0000000008014090       0x10 ./Drivers/UGUI/ugui.o
                0x0000000008014090                UG_FontSetHSpace
 .text.UG_FontSetVSpace
                0x00000000080140a0       0x10 ./Drivers/UGUI/ugui.o
                0x00000000080140a0                UG_FontSetVSpace
 .text._UG_PutText
                0x00000000080140b0      0x164 ./Drivers/UGUI/ugui.o
                0x00000000080140b0                _UG_PutText
 .text._UG_WindowDrawTitle.isra.0
                0x0000000008014214       0xd4 ./Drivers/UGUI/ugui.o
 .text._UG_DrawObjectFrame
                0x00000000080142e8      0x12a ./Drivers/UGUI/ugui.o
                0x00000000080142e8                _UG_DrawObjectFrame
 *fill*         0x0000000008014412        0x2 
 .text.UG_DriverRegister
                0x0000000008014414       0x1c ./Drivers/UGUI/ugui.o
                0x0000000008014414                UG_DriverRegister
 .text.UG_Update
                0x0000000008014430      0x2a0 ./Drivers/UGUI/ugui.o
                0x0000000008014430                UG_Update
 .text.vListInitialise
                0x00000000080146d0       0x16 ./ThirdParty/FreeRTOS/list.o
                0x00000000080146d0                vListInitialise
 .text.vListInitialiseItem
                0x00000000080146e6        0x6 ./ThirdParty/FreeRTOS/list.o
                0x00000000080146e6                vListInitialiseItem
 .text.vListInsert
                0x00000000080146ec       0x2e ./ThirdParty/FreeRTOS/list.o
                0x00000000080146ec                vListInsert
 .text.uxListRemove
                0x000000000801471a       0x20 ./ThirdParty/FreeRTOS/list.o
                0x000000000801471a                uxListRemove
 *fill*         0x000000000801473a        0x2 
 .text.prvAddNewTaskToReadyList
                0x000000000801473c      0x110 ./ThirdParty/FreeRTOS/tasks.o
 .text.prvAddCurrentTaskToDelayedList
                0x000000000801484c       0xa4 ./ThirdParty/FreeRTOS/tasks.o
 .text.prvResetNextTaskUnblockTime
                0x00000000080148f0       0x24 ./ThirdParty/FreeRTOS/tasks.o
 .text.prvDeleteTCB
                0x0000000008014914       0x44 ./ThirdParty/FreeRTOS/tasks.o
 .text.prvIdleTask
                0x0000000008014958       0x60 ./ThirdParty/FreeRTOS/tasks.o
 .text.prvInitialiseNewTask.constprop.0
                0x00000000080149b8       0xac ./ThirdParty/FreeRTOS/tasks.o
 .text.xTaskCreateStatic
                0x0000000008014a64       0x92 ./ThirdParty/FreeRTOS/tasks.o
                0x0000000008014a64                xTaskCreateStatic
 .text.xTaskCreate
                0x0000000008014af6       0x5c ./ThirdParty/FreeRTOS/tasks.o
                0x0000000008014af6                xTaskCreate
 *fill*         0x0000000008014b52        0x2 
 .text.vTaskStartScheduler
                0x0000000008014b54       0x84 ./ThirdParty/FreeRTOS/tasks.o
                0x0000000008014b54                vTaskStartScheduler
 .text.vTaskSuspendAll
                0x0000000008014bd8       0x10 ./ThirdParty/FreeRTOS/tasks.o
                0x0000000008014bd8                vTaskSuspendAll
 .text.xTaskIncrementTick
                0x0000000008014be8      0x178 ./ThirdParty/FreeRTOS/tasks.o
                0x0000000008014be8                xTaskIncrementTick
 .text.xTaskResumeAll
                0x0000000008014d60      0x13c ./ThirdParty/FreeRTOS/tasks.o
                0x0000000008014d60                xTaskResumeAll
 .text.vTaskDelay
                0x0000000008014e9c       0x48 ./ThirdParty/FreeRTOS/tasks.o
                0x0000000008014e9c                vTaskDelay
 .text.vTaskSwitchContext
                0x0000000008014ee4       0x84 ./ThirdParty/FreeRTOS/tasks.o
                0x0000000008014ee4                vTaskSwitchContext
 .text.prvPortStartFirstTask
                0x0000000008014f68       0x20 ./ThirdParty/FreeRTOS/portable/GCC/ARM_CM3/port.o
 .text.prvTaskExitError
                0x0000000008014f88       0x40 ./ThirdParty/FreeRTOS/portable/GCC/ARM_CM3/port.o
 .text.pxPortInitialiseStack
                0x0000000008014fc8       0x24 ./ThirdParty/FreeRTOS/portable/GCC/ARM_CM3/port.o
                0x0000000008014fc8                pxPortInitialiseStack
 *fill*         0x0000000008014fec        0x4 
 .text.SVC_Handler
                0x0000000008014ff0       0x24 ./ThirdParty/FreeRTOS/portable/GCC/ARM_CM3/port.o
                0x0000000008014ff0                SVC_Handler
 .text.vPortEnterCritical
                0x0000000008015014       0x40 ./ThirdParty/FreeRTOS/portable/GCC/ARM_CM3/port.o
                0x0000000008015014                vPortEnterCritical
 .text.vPortExitCritical
                0x0000000008015054       0x28 ./ThirdParty/FreeRTOS/portable/GCC/ARM_CM3/port.o
                0x0000000008015054                vPortExitCritical
 *fill*         0x000000000801507c        0x4 
 .text.PendSV_Handler
                0x0000000008015080       0x44 ./ThirdParty/FreeRTOS/portable/GCC/ARM_CM3/port.o
                0x0000000008015080                PendSV_Handler
 .text.SysTick_Handler
                0x00000000080150c4       0x2c ./ThirdParty/FreeRTOS/portable/GCC/ARM_CM3/port.o
                0x00000000080150c4                SysTick_Handler
 .text.vPortSetupTimerInterrupt
                0x00000000080150f0       0x24 ./ThirdParty/FreeRTOS/portable/GCC/ARM_CM3/port.o
                0x00000000080150f0                vPortSetupTimerInterrupt
 .text.xPortStartScheduler
                0x0000000008015114       0xb8 ./ThirdParty/FreeRTOS/portable/GCC/ARM_CM3/port.o
                0x0000000008015114                xPortStartScheduler
 .text.prvInsertBlockIntoFreeList
                0x00000000080151cc       0x4c ./ThirdParty/FreeRTOS/portable/MemMang/heap_4.o
 .text.pvPortMalloc
                0x0000000008015218      0x11c ./ThirdParty/FreeRTOS/portable/MemMang/heap_4.o
                0x0000000008015218                pvPortMalloc
 .text.vPortFree
                0x0000000008015334       0x74 ./ThirdParty/FreeRTOS/portable/MemMang/heap_4.o
                0x0000000008015334                vPortFree
 .text.srand    0x00000000080153a8       0x5c C:/ST/STM32CubeIDE_1.13.2/STM32CubeIDE/plugins/com.st.stm32cube.ide.mcu.externaltools.gnu-tools-for-stm32.11.3.rel1.win32_1.1.1.202309131626/tools/bin/../lib/gcc/arm-none-eabi/11.3.1/../../../../arm-none-eabi/lib/thumb/v7-m/nofp\libc_nano.a(libc_a-rand.o)
                0x00000000080153a8                srand
 .text.rand     0x0000000008015404       0x7c C:/ST/STM32CubeIDE_1.13.2/STM32CubeIDE/plugins/com.st.stm32cube.ide.mcu.externaltools.gnu-tools-for-stm32.11.3.rel1.win32_1.1.1.202309131626/tools/bin/../lib/gcc/arm-none-eabi/11.3.1/../../../../arm-none-eabi/lib/thumb/v7-m/nofp\libc_nano.a(libc_a-rand.o)
                0x0000000008015404                rand
 .text.std      0x0000000008015480       0x6c C:/ST/STM32CubeIDE_1.13.2/STM32CubeIDE/plugins/com.st.stm32cube.ide.mcu.externaltools.gnu-tools-for-stm32.11.3.rel1.win32_1.1.1.202309131626/tools/bin/../lib/gcc/arm-none-eabi/11.3.1/../../../../arm-none-eabi/lib/thumb/v7-m/nofp\libc_nano.a(libc_a-findfp.o)
 .text.stdio_exit_handler
                0x00000000080154ec       0x18 C:/ST/STM32CubeIDE_1.13.2/STM32CubeIDE/plugins/com.st.stm32cube.ide.mcu.externaltools.gnu-tools-for-stm32.11.3.rel1.win32_1.1.1.202309131626/tools/bin/../lib/gcc/arm-none-eabi/11.3.1/../../../../arm-none-eabi/lib/thumb/v7-m/nofp\libc_nano.a(libc_a-findfp.o)
 .text.cleanup_stdio
                0x0000000008015504       0x40 C:/ST/STM32CubeIDE_1.13.2/STM32CubeIDE/plugins/com.st.stm32cube.ide.mcu.externaltools.gnu-tools-for-stm32.11.3.rel1.win32_1.1.1.202309131626/tools/bin/../lib/gcc/arm-none-eabi/11.3.1/../../../../arm-none-eabi/lib/thumb/v7-m/nofp\libc_nano.a(libc_a-findfp.o)
 .text.global_stdio_init.part.0
                0x0000000008015544       0x3c C:/ST/STM32CubeIDE_1.13.2/STM32CubeIDE/plugins/com.st.stm32cube.ide.mcu.externaltools.gnu-tools-for-stm32.11.3.rel1.win32_1.1.1.202309131626/tools/bin/../lib/gcc/arm-none-eabi/11.3.1/../../../../arm-none-eabi/lib/thumb/v7-m/nofp\libc_nano.a(libc_a-findfp.o)
 .text.__sfp_lock_acquire
                0x0000000008015580        0xc C:/ST/STM32CubeIDE_1.13.2/STM32CubeIDE/plugins/com.st.stm32cube.ide.mcu.externaltools.gnu-tools-for-stm32.11.3.rel1.win32_1.1.1.202309131626/tools/bin/../lib/gcc/arm-none-eabi/11.3.1/../../../../arm-none-eabi/lib/thumb/v7-m/nofp\libc_nano.a(libc_a-findfp.o)
                0x0000000008015580                __sfp_lock_acquire
 .text.__sfp_lock_release
                0x000000000801558c        0xc C:/ST/STM32CubeIDE_1.13.2/STM32CubeIDE/plugins/com.st.stm32cube.ide.mcu.externaltools.gnu-tools-for-stm32.11.3.rel1.win32_1.1.1.202309131626/tools/bin/../lib/gcc/arm-none-eabi/11.3.1/../../../../arm-none-eabi/lib/thumb/v7-m/nofp\libc_nano.a(libc_a-findfp.o)
                0x000000000801558c                __sfp_lock_release
 .text.__sinit  0x0000000008015598       0x30 C:/ST/STM32CubeIDE_1.13.2/STM32CubeIDE/plugins/com.st.stm32cube.ide.mcu.externaltools.gnu-tools-for-stm32.11.3.rel1.win32_1.1.1.202309131626/tools/bin/../lib/gcc/arm-none-eabi/11.3.1/../../../../arm-none-eabi/lib/thumb/v7-m/nofp\libc_nano.a(libc_a-findfp.o)
                0x0000000008015598                __sinit
 .text._fwalk_sglue
                0x00000000080155c8       0x3c C:/ST/STM32CubeIDE_1.13.2/STM32CubeIDE/plugins/com.st.stm32cube.ide.mcu.externaltools.gnu-tools-for-stm32.11.3.rel1.win32_1.1.1.202309131626/tools/bin/../lib/gcc/arm-none-eabi/11.3.1/../../../../arm-none-eabi/lib/thumb/v7-m/nofp\libc_nano.a(libc_a-fwalk.o)
                0x00000000080155c8                _fwalk_sglue
 .text.sprintf  0x0000000008015604       0x40 C:/ST/STM32CubeIDE_1.13.2/STM32CubeIDE/plugins/com.st.stm32cube.ide.mcu.externaltools.gnu-tools-for-stm32.11.3.rel1.win32_1.1.1.202309131626/tools/bin/../lib/gcc/arm-none-eabi/11.3.1/../../../../arm-none-eabi/lib/thumb/v7-m/nofp\libc_nano.a(libc_a-sprintf.o)
                0x0000000008015604                siprintf
                0x0000000008015604                sprintf
 .text.__sread  0x0000000008015644       0x22 C:/ST/STM32CubeIDE_1.13.2/STM32CubeIDE/plugins/com.st.stm32cube.ide.mcu.externaltools.gnu-tools-for-stm32.11.3.rel1.win32_1.1.1.202309131626/tools/bin/../lib/gcc/arm-none-eabi/11.3.1/../../../../arm-none-eabi/lib/thumb/v7-m/nofp\libc_nano.a(libc_a-stdio.o)
                0x0000000008015644                __sread
 .text.__swrite
                0x0000000008015666       0x38 C:/ST/STM32CubeIDE_1.13.2/STM32CubeIDE/plugins/com.st.stm32cube.ide.mcu.externaltools.gnu-tools-for-stm32.11.3.rel1.win32_1.1.1.202309131626/tools/bin/../lib/gcc/arm-none-eabi/11.3.1/../../../../arm-none-eabi/lib/thumb/v7-m/nofp\libc_nano.a(libc_a-stdio.o)
                0x0000000008015666                __swrite
 .text.__sseek  0x000000000801569e       0x24 C:/ST/STM32CubeIDE_1.13.2/STM32CubeIDE/plugins/com.st.stm32cube.ide.mcu.externaltools.gnu-tools-for-stm32.11.3.rel1.win32_1.1.1.202309131626/tools/bin/../lib/gcc/arm-none-eabi/11.3.1/../../../../arm-none-eabi/lib/thumb/v7-m/nofp\libc_nano.a(libc_a-stdio.o)
                0x000000000801569e                __sseek
 .text.__sclose
                0x00000000080156c2        0x8 C:/ST/STM32CubeIDE_1.13.2/STM32CubeIDE/plugins/com.st.stm32cube.ide.mcu.externaltools.gnu-tools-for-stm32.11.3.rel1.win32_1.1.1.202309131626/tools/bin/../lib/gcc/arm-none-eabi/11.3.1/../../../../arm-none-eabi/lib/thumb/v7-m/nofp\libc_nano.a(libc_a-stdio.o)
                0x00000000080156c2                __sclose
 .text.memset   0x00000000080156ca       0x10 C:/ST/STM32CubeIDE_1.13.2/STM32CubeIDE/plugins/com.st.stm32cube.ide.mcu.externaltools.gnu-tools-for-stm32.11.3.rel1.win32_1.1.1.202309131626/tools/bin/../lib/gcc/arm-none-eabi/11.3.1/../../../../arm-none-eabi/lib/thumb/v7-m/nofp\libc_nano.a(libc_a-memset.o)
                0x00000000080156ca                memset
 *fill*         0x00000000080156da        0x2 
 .text._close_r
                0x00000000080156dc       0x20 C:/ST/STM32CubeIDE_1.13.2/STM32CubeIDE/plugins/com.st.stm32cube.ide.mcu.externaltools.gnu-tools-for-stm32.11.3.rel1.win32_1.1.1.202309131626/tools/bin/../lib/gcc/arm-none-eabi/11.3.1/../../../../arm-none-eabi/lib/thumb/v7-m/nofp\libc_nano.a(libc_a-closer.o)
                0x00000000080156dc                _close_r
 .text._reclaim_reent
                0x00000000080156fc       0xac C:/ST/STM32CubeIDE_1.13.2/STM32CubeIDE/plugins/com.st.stm32cube.ide.mcu.externaltools.gnu-tools-for-stm32.11.3.rel1.win32_1.1.1.202309131626/tools/bin/../lib/gcc/arm-none-eabi/11.3.1/../../../../arm-none-eabi/lib/thumb/v7-m/nofp\libc_nano.a(libc_a-reent.o)
                0x00000000080156fc                _reclaim_reent
 .text._lseek_r
                0x00000000080157a8       0x24 C:/ST/STM32CubeIDE_1.13.2/STM32CubeIDE/plugins/com.st.stm32cube.ide.mcu.externaltools.gnu-tools-for-stm32.11.3.rel1.win32_1.1.1.202309131626/tools/bin/../lib/gcc/arm-none-eabi/11.3.1/../../../../arm-none-eabi/lib/thumb/v7-m/nofp\libc_nano.a(libc_a-lseekr.o)
                0x00000000080157a8                _lseek_r
 .text._read_r  0x00000000080157cc       0x24 C:/ST/STM32CubeIDE_1.13.2/STM32CubeIDE/plugins/com.st.stm32cube.ide.mcu.externaltools.gnu-tools-for-stm32.11.3.rel1.win32_1.1.1.202309131626/tools/bin/../lib/gcc/arm-none-eabi/11.3.1/../../../../arm-none-eabi/lib/thumb/v7-m/nofp\libc_nano.a(libc_a-readr.o)
                0x00000000080157cc                _read_r
 .text._write_r
                0x00000000080157f0       0x24 C:/ST/STM32CubeIDE_1.13.2/STM32CubeIDE/plugins/com.st.stm32cube.ide.mcu.externaltools.gnu-tools-for-stm32.11.3.rel1.win32_1.1.1.202309131626/tools/bin/../lib/gcc/arm-none-eabi/11.3.1/../../../../arm-none-eabi/lib/thumb/v7-m/nofp\libc_nano.a(libc_a-writer.o)
                0x00000000080157f0                _write_r
 .text.__errno  0x0000000008015814        0xc C:/ST/STM32CubeIDE_1.13.2/STM32CubeIDE/plugins/com.st.stm32cube.ide.mcu.externaltools.gnu-tools-for-stm32.11.3.rel1.win32_1.1.1.202309131626/tools/bin/../lib/gcc/arm-none-eabi/11.3.1/../../../../arm-none-eabi/lib/thumb/v7-m/nofp\libc_nano.a(libc_a-errno.o)
                0x0000000008015814                __errno
 .text.__libc_init_array
                0x0000000008015820       0x48 C:/ST/STM32CubeIDE_1.13.2/STM32CubeIDE/plugins/com.st.stm32cube.ide.mcu.externaltools.gnu-tools-for-stm32.11.3.rel1.win32_1.1.1.202309131626/tools/bin/../lib/gcc/arm-none-eabi/11.3.1/../../../../arm-none-eabi/lib/thumb/v7-m/nofp\libc_nano.a(libc_a-init.o)
                0x0000000008015820                __libc_init_array
 .text.__retarget_lock_init_recursive
                0x0000000008015868        0x2 C:/ST/STM32CubeIDE_1.13.2/STM32CubeIDE/plugins/com.st.stm32cube.ide.mcu.externaltools.gnu-tools-for-stm32.11.3.rel1.win32_1.1.1.202309131626/tools/bin/../lib/gcc/arm-none-eabi/11.3.1/../../../../arm-none-eabi/lib/thumb/v7-m/nofp\libc_nano.a(libc_a-lock.o)
                0x0000000008015868                __retarget_lock_init_recursive
 .text.__retarget_lock_acquire_recursive
                0x000000000801586a        0x2 C:/ST/STM32CubeIDE_1.13.2/STM32CubeIDE/plugins/com.st.stm32cube.ide.mcu.externaltools.gnu-tools-for-stm32.11.3.rel1.win32_1.1.1.202309131626/tools/bin/../lib/gcc/arm-none-eabi/11.3.1/../../../../arm-none-eabi/lib/thumb/v7-m/nofp\libc_nano.a(libc_a-lock.o)
                0x000000000801586a                __retarget_lock_acquire_recursive
 .text.__retarget_lock_release_recursive
                0x000000000801586c        0x2 C:/ST/STM32CubeIDE_1.13.2/STM32CubeIDE/plugins/com.st.stm32cube.ide.mcu.externaltools.gnu-tools-for-stm32.11.3.rel1.win32_1.1.1.202309131626/tools/bin/../lib/gcc/arm-none-eabi/11.3.1/../../../../arm-none-eabi/lib/thumb/v7-m/nofp\libc_nano.a(libc_a-lock.o)
                0x000000000801586c                __retarget_lock_release_recursive
 .text.strcpy   0x000000000801586e       0x10 C:/ST/STM32CubeIDE_1.13.2/STM32CubeIDE/plugins/com.st.stm32cube.ide.mcu.externaltools.gnu-tools-for-stm32.11.3.rel1.win32_1.1.1.202309131626/tools/bin/../lib/gcc/arm-none-eabi/11.3.1/../../../../arm-none-eabi/lib/thumb/v7-m/nofp\libc_nano.a(libc_a-strcpy.o)
                0x000000000801586e                strcpy
 .text.memcpy   0x000000000801587e       0x1c C:/ST/STM32CubeIDE_1.13.2/STM32CubeIDE/plugins/com.st.stm32cube.ide.mcu.externaltools.gnu-tools-for-stm32.11.3.rel1.win32_1.1.1.202309131626/tools/bin/../lib/gcc/arm-none-eabi/11.3.1/../../../../arm-none-eabi/lib/thumb/v7-m/nofp\libc_nano.a(libc_a-memcpy-stub.o)
                0x000000000801587e                memcpy
 *fill*         0x000000000801589a        0x2 
 .text.__assert_func
                0x000000000801589c       0x3c C:/ST/STM32CubeIDE_1.13.2/STM32CubeIDE/plugins/com.st.stm32cube.ide.mcu.externaltools.gnu-tools-for-stm32.11.3.rel1.win32_1.1.1.202309131626/tools/bin/../lib/gcc/arm-none-eabi/11.3.1/../../../../arm-none-eabi/lib/thumb/v7-m/nofp\libc_nano.a(libc_a-assert.o)
                0x000000000801589c                __assert_func
 .text._free_r  0x00000000080158d8       0x90 C:/ST/STM32CubeIDE_1.13.2/STM32CubeIDE/plugins/com.st.stm32cube.ide.mcu.externaltools.gnu-tools-for-stm32.11.3.rel1.win32_1.1.1.202309131626/tools/bin/../lib/gcc/arm-none-eabi/11.3.1/../../../../arm-none-eabi/lib/thumb/v7-m/nofp\libc_nano.a(libc_a-freer.o)
                0x00000000080158d8                _free_r
 .text.malloc   0x0000000008015968       0x10 C:/ST/STM32CubeIDE_1.13.2/STM32CubeIDE/plugins/com.st.stm32cube.ide.mcu.externaltools.gnu-tools-for-stm32.11.3.rel1.win32_1.1.1.202309131626/tools/bin/../lib/gcc/arm-none-eabi/11.3.1/../../../../arm-none-eabi/lib/thumb/v7-m/nofp\libc_nano.a(libc_a-malloc.o)
                0x0000000008015968                malloc
 .text.sbrk_aligned
                0x0000000008015978       0x40 C:/ST/STM32CubeIDE_1.13.2/STM32CubeIDE/plugins/com.st.stm32cube.ide.mcu.externaltools.gnu-tools-for-stm32.11.3.rel1.win32_1.1.1.202309131626/tools/bin/../lib/gcc/arm-none-eabi/11.3.1/../../../../arm-none-eabi/lib/thumb/v7-m/nofp\libc_nano.a(libc_a-mallocr.o)
 .text._malloc_r
                0x00000000080159b8      0x100 C:/ST/STM32CubeIDE_1.13.2/STM32CubeIDE/plugins/com.st.stm32cube.ide.mcu.externaltools.gnu-tools-for-stm32.11.3.rel1.win32_1.1.1.202309131626/tools/bin/../lib/gcc/arm-none-eabi/11.3.1/../../../../arm-none-eabi/lib/thumb/v7-m/nofp\libc_nano.a(libc_a-mallocr.o)
                0x00000000080159b8                _malloc_r
 .text.__malloc_lock
                0x0000000008015ab8        0xc C:/ST/STM32CubeIDE_1.13.2/STM32CubeIDE/plugins/com.st.stm32cube.ide.mcu.externaltools.gnu-tools-for-stm32.11.3.rel1.win32_1.1.1.202309131626/tools/bin/../lib/gcc/arm-none-eabi/11.3.1/../../../../arm-none-eabi/lib/thumb/v7-m/nofp\libc_nano.a(libc_a-mlock.o)
                0x0000000008015ab8                __malloc_lock
 .text.__malloc_unlock
                0x0000000008015ac4        0xc C:/ST/STM32CubeIDE_1.13.2/STM32CubeIDE/plugins/com.st.stm32cube.ide.mcu.externaltools.gnu-tools-for-stm32.11.3.rel1.win32_1.1.1.202309131626/tools/bin/../lib/gcc/arm-none-eabi/11.3.1/../../../../arm-none-eabi/lib/thumb/v7-m/nofp\libc_nano.a(libc_a-mlock.o)
                0x0000000008015ac4                __malloc_unlock
 .text.__ssputs_r
                0x0000000008015ad0       0xb4 C:/ST/STM32CubeIDE_1.13.2/STM32CubeIDE/plugins/com.st.stm32cube.ide.mcu.externaltools.gnu-tools-for-stm32.11.3.rel1.win32_1.1.1.202309131626/tools/bin/../lib/gcc/arm-none-eabi/11.3.1/../../../../arm-none-eabi/lib/thumb/v7-m/nofp\libc_nano.a(libc_a-nano-svfprintf.o)
                0x0000000008015ad0                __ssputs_r
 .text._svfprintf_r
                0x0000000008015b84      0x1fc C:/ST/STM32CubeIDE_1.13.2/STM32CubeIDE/plugins/com.st.stm32cube.ide.mcu.externaltools.gnu-tools-for-stm32.11.3.rel1.win32_1.1.1.202309131626/tools/bin/../lib/gcc/arm-none-eabi/11.3.1/../../../../arm-none-eabi/lib/thumb/v7-m/nofp\libc_nano.a(libc_a-nano-svfprintf.o)
                0x0000000008015b84                _svfiprintf_r
                0x0000000008015b84                _svfprintf_r
 .text._printf_common
                0x0000000008015d80       0xe4 C:/ST/STM32CubeIDE_1.13.2/STM32CubeIDE/plugins/com.st.stm32cube.ide.mcu.externaltools.gnu-tools-for-stm32.11.3.rel1.win32_1.1.1.202309131626/tools/bin/../lib/gcc/arm-none-eabi/11.3.1/../../../../arm-none-eabi/lib/thumb/v7-m/nofp\libc_nano.a(libc_a-nano-vfprintf_i.o)
                0x0000000008015d80                _printf_common
 .text._printf_i
                0x0000000008015e64      0x244 C:/ST/STM32CubeIDE_1.13.2/STM32CubeIDE/plugins/com.st.stm32cube.ide.mcu.externaltools.gnu-tools-for-stm32.11.3.rel1.win32_1.1.1.202309131626/tools/bin/../lib/gcc/arm-none-eabi/11.3.1/../../../../arm-none-eabi/lib/thumb/v7-m/nofp\libc_nano.a(libc_a-nano-vfprintf_i.o)
                0x0000000008015e64                _printf_i
 .text.__sflush_r
                0x00000000080160a8      0x104 C:/ST/STM32CubeIDE_1.13.2/STM32CubeIDE/plugins/com.st.stm32cube.ide.mcu.externaltools.gnu-tools-for-stm32.11.3.rel1.win32_1.1.1.202309131626/tools/bin/../lib/gcc/arm-none-eabi/11.3.1/../../../../arm-none-eabi/lib/thumb/v7-m/nofp\libc_nano.a(libc_a-fflush.o)
                0x00000000080160a8                __sflush_r
 .text._fflush_r
                0x00000000080161ac       0x50 C:/ST/STM32CubeIDE_1.13.2/STM32CubeIDE/plugins/com.st.stm32cube.ide.mcu.externaltools.gnu-tools-for-stm32.11.3.rel1.win32_1.1.1.202309131626/tools/bin/../lib/gcc/arm-none-eabi/11.3.1/../../../../arm-none-eabi/lib/thumb/v7-m/nofp\libc_nano.a(libc_a-fflush.o)
                0x00000000080161ac                _fflush_r
 .text.fprintf  0x00000000080161fc       0x24 C:/ST/STM32CubeIDE_1.13.2/STM32CubeIDE/plugins/com.st.stm32cube.ide.mcu.externaltools.gnu-tools-for-stm32.11.3.rel1.win32_1.1.1.202309131626/tools/bin/../lib/gcc/arm-none-eabi/11.3.1/../../../../arm-none-eabi/lib/thumb/v7-m/nofp\libc_nano.a(libc_a-fprintf.o)
                0x00000000080161fc                fiprintf
                0x00000000080161fc                fprintf
 .text.memmove  0x0000000008016220       0x34 C:/ST/STM32CubeIDE_1.13.2/STM32CubeIDE/plugins/com.st.stm32cube.ide.mcu.externaltools.gnu-tools-for-stm32.11.3.rel1.win32_1.1.1.202309131626/tools/bin/../lib/gcc/arm-none-eabi/11.3.1/../../../../arm-none-eabi/lib/thumb/v7-m/nofp\libc_nano.a(libc_a-memmove.o)
                0x0000000008016220                memmove
 .text._sbrk_r  0x0000000008016254       0x20 C:/ST/STM32CubeIDE_1.13.2/STM32CubeIDE/plugins/com.st.stm32cube.ide.mcu.externaltools.gnu-tools-for-stm32.11.3.rel1.win32_1.1.1.202309131626/tools/bin/../lib/gcc/arm-none-eabi/11.3.1/../../../../arm-none-eabi/lib/thumb/v7-m/nofp\libc_nano.a(libc_a-sbrkr.o)
                0x0000000008016254                _sbrk_r
 .text.memchr   0x0000000008016274       0x1c C:/ST/STM32CubeIDE_1.13.2/STM32CubeIDE/plugins/com.st.stm32cube.ide.mcu.externaltools.gnu-tools-for-stm32.11.3.rel1.win32_1.1.1.202309131626/tools/bin/../lib/gcc/arm-none-eabi/11.3.1/../../../../arm-none-eabi/lib/thumb/v7-m/nofp\libc_nano.a(libc_a-memchr-stub.o)
                0x0000000008016274                memchr
 .text.abort    0x0000000008016290        0xe C:/ST/STM32CubeIDE_1.13.2/STM32CubeIDE/plugins/com.st.stm32cube.ide.mcu.externaltools.gnu-tools-for-stm32.11.3.rel1.win32_1.1.1.202309131626/tools/bin/../lib/gcc/arm-none-eabi/11.3.1/../../../../arm-none-eabi/lib/thumb/v7-m/nofp\libc_nano.a(libc_a-abort.o)
                0x0000000008016290                abort
 .text._realloc_r
                0x000000000801629e       0x5e C:/ST/STM32CubeIDE_1.13.2/STM32CubeIDE/plugins/com.st.stm32cube.ide.mcu.externaltools.gnu-tools-for-stm32.11.3.rel1.win32_1.1.1.202309131626/tools/bin/../lib/gcc/arm-none-eabi/11.3.1/../../../../arm-none-eabi/lib/thumb/v7-m/nofp\libc_nano.a(libc_a-reallocr.o)
                0x000000000801629e                _realloc_r
 .text.__sfputc_r
                0x00000000080162fc       0x2a C:/ST/STM32CubeIDE_1.13.2/STM32CubeIDE/plugins/com.st.stm32cube.ide.mcu.externaltools.gnu-tools-for-stm32.11.3.rel1.win32_1.1.1.202309131626/tools/bin/../lib/gcc/arm-none-eabi/11.3.1/../../../../arm-none-eabi/lib/thumb/v7-m/nofp\libc_nano.a(libc_a-nano-vfprintf.o)
 .text.__sfputs_r
                0x0000000008016326       0x24 C:/ST/STM32CubeIDE_1.13.2/STM32CubeIDE/plugins/com.st.stm32cube.ide.mcu.externaltools.gnu-tools-for-stm32.11.3.rel1.win32_1.1.1.202309131626/tools/bin/../lib/gcc/arm-none-eabi/11.3.1/../../../../arm-none-eabi/lib/thumb/v7-m/nofp\libc_nano.a(libc_a-nano-vfprintf.o)
                0x0000000008016326                __sfputs_r
 *fill*         0x000000000801634a        0x2 
 .text._vfprintf_r
                0x000000000801634c      0x234 C:/ST/STM32CubeIDE_1.13.2/STM32CubeIDE/plugins/com.st.stm32cube.ide.mcu.externaltools.gnu-tools-for-stm32.11.3.rel1.win32_1.1.1.202309131626/tools/bin/../lib/gcc/arm-none-eabi/11.3.1/../../../../arm-none-eabi/lib/thumb/v7-m/nofp\libc_nano.a(libc_a-nano-vfprintf.o)
                0x000000000801634c                _vfprintf_r
                0x000000000801634c                _vfiprintf_r
 .text.__swbuf_r
                0x0000000008016580       0x7a C:/ST/STM32CubeIDE_1.13.2/STM32CubeIDE/plugins/com.st.stm32cube.ide.mcu.externaltools.gnu-tools-for-stm32.11.3.rel1.win32_1.1.1.202309131626/tools/bin/../lib/gcc/arm-none-eabi/11.3.1/../../../../arm-none-eabi/lib/thumb/v7-m/nofp\libc_nano.a(libc_a-wbuf.o)
                0x0000000008016580                __swbuf_r
 *fill*         0x00000000080165fa        0x2 
 .text.__swsetup_r
                0x00000000080165fc       0xb0 C:/ST/STM32CubeIDE_1.13.2/STM32CubeIDE/plugins/com.st.stm32cube.ide.mcu.externaltools.gnu-tools-for-stm32.11.3.rel1.win32_1.1.1.202309131626/tools/bin/../lib/gcc/arm-none-eabi/11.3.1/../../../../arm-none-eabi/lib/thumb/v7-m/nofp\libc_nano.a(libc_a-wsetup.o)
                0x00000000080165fc                __swsetup_r
 .text._raise_r
                0x00000000080166ac       0x50 C:/ST/STM32CubeIDE_1.13.2/STM32CubeIDE/plugins/com.st.stm32cube.ide.mcu.externaltools.gnu-tools-for-stm32.11.3.rel1.win32_1.1.1.202309131626/tools/bin/../lib/gcc/arm-none-eabi/11.3.1/../../../../arm-none-eabi/lib/thumb/v7-m/nofp\libc_nano.a(libc_a-signal.o)
                0x00000000080166ac                _raise_r
 .text.raise    0x00000000080166fc       0x10 C:/ST/STM32CubeIDE_1.13.2/STM32CubeIDE/plugins/com.st.stm32cube.ide.mcu.externaltools.gnu-tools-for-stm32.11.3.rel1.win32_1.1.1.202309131626/tools/bin/../lib/gcc/arm-none-eabi/11.3.1/../../../../arm-none-eabi/lib/thumb/v7-m/nofp\libc_nano.a(libc_a-signal.o)
                0x00000000080166fc                raise
 .text._kill_r  0x000000000801670c       0x24 C:/ST/STM32CubeIDE_1.13.2/STM32CubeIDE/plugins/com.st.stm32cube.ide.mcu.externaltools.gnu-tools-for-stm32.11.3.rel1.win32_1.1.1.202309131626/tools/bin/../lib/gcc/arm-none-eabi/11.3.1/../../../../arm-none-eabi/lib/thumb/v7-m/nofp\libc_nano.a(libc_a-signalr.o)
                0x000000000801670c                _kill_r
 .text._getpid_r
                0x0000000008016730        0x4 C:/ST/STM32CubeIDE_1.13.2/STM32CubeIDE/plugins/com.st.stm32cube.ide.mcu.externaltools.gnu-tools-for-stm32.11.3.rel1.win32_1.1.1.202309131626/tools/bin/../lib/gcc/arm-none-eabi/11.3.1/../../../../arm-none-eabi/lib/thumb/v7-m/nofp\libc_nano.a(libc_a-signalr.o)
                0x0000000008016730                _getpid_r
 .text._malloc_usable_size_r
                0x0000000008016734       0x10 C:/ST/STM32CubeIDE_1.13.2/STM32CubeIDE/plugins/com.st.stm32cube.ide.mcu.externaltools.gnu-tools-for-stm32.11.3.rel1.win32_1.1.1.202309131626/tools/bin/../lib/gcc/arm-none-eabi/11.3.1/../../../../arm-none-eabi/lib/thumb/v7-m/nofp\libc_nano.a(libc_a-msizer.o)
                0x0000000008016734                _malloc_usable_size_r
 .text.__swhatbuf_r
                0x0000000008016744       0x4a C:/ST/STM32CubeIDE_1.13.2/STM32CubeIDE/plugins/com.st.stm32cube.ide.mcu.externaltools.gnu-tools-for-stm32.11.3.rel1.win32_1.1.1.202309131626/tools/bin/../lib/gcc/arm-none-eabi/11.3.1/../../../../arm-none-eabi/lib/thumb/v7-m/nofp\libc_nano.a(libc_a-makebuf.o)
                0x0000000008016744                __swhatbuf_r
 .text.__smakebuf_r
                0x000000000801678e       0x78 C:/ST/STM32CubeIDE_1.13.2/STM32CubeIDE/plugins/com.st.stm32cube.ide.mcu.externaltools.gnu-tools-for-stm32.11.3.rel1.win32_1.1.1.202309131626/tools/bin/../lib/gcc/arm-none-eabi/11.3.1/../../../../arm-none-eabi/lib/thumb/v7-m/nofp\libc_nano.a(libc_a-makebuf.o)
                0x000000000801678e                __smakebuf_r
 *fill*         0x0000000008016806        0x2 
 .text._fstat_r
                0x0000000008016808       0x24 C:/ST/STM32CubeIDE_1.13.2/STM32CubeIDE/plugins/com.st.stm32cube.ide.mcu.externaltools.gnu-tools-for-stm32.11.3.rel1.win32_1.1.1.202309131626/tools/bin/../lib/gcc/arm-none-eabi/11.3.1/../../../../arm-none-eabi/lib/thumb/v7-m/nofp\libc_nano.a(libc_a-fstatr.o)
                0x0000000008016808                _fstat_r
 .text._isatty_r
                0x000000000801682c       0x20 C:/ST/STM32CubeIDE_1.13.2/STM32CubeIDE/plugins/com.st.stm32cube.ide.mcu.externaltools.gnu-tools-for-stm32.11.3.rel1.win32_1.1.1.202309131626/tools/bin/../lib/gcc/arm-none-eabi/11.3.1/../../../../arm-none-eabi/lib/thumb/v7-m/nofp\libc_nano.a(libc_a-isattyr.o)
                0x000000000801682c                _isatty_r
 *(.glue_7)
 .glue_7        0x000000000801684c        0x0 linker stubs
 *(.glue_7t)
 .glue_7t       0x000000000801684c        0x0 linker stubs
 *(.eh_frame)
 .eh_frame      0x000000000801684c        0x0 C:/ST/STM32CubeIDE_1.13.2/STM32CubeIDE/plugins/com.st.stm32cube.ide.mcu.externaltools.gnu-tools-for-stm32.11.3.rel1.win32_1.1.1.202309131626/tools/bin/../lib/gcc/arm-none-eabi/11.3.1/thumb/v7-m/nofp/crtbegin.o
 *(.init)
 .init          0x000000000801684c        0x4 C:/ST/STM32CubeIDE_1.13.2/STM32CubeIDE/plugins/com.st.stm32cube.ide.mcu.externaltools.gnu-tools-for-stm32.11.3.rel1.win32_1.1.1.202309131626/tools/bin/../lib/gcc/arm-none-eabi/11.3.1/thumb/v7-m/nofp/crti.o
                0x000000000801684c                _init
 .init          0x0000000008016850        0x8 C:/ST/STM32CubeIDE_1.13.2/STM32CubeIDE/plugins/com.st.stm32cube.ide.mcu.externaltools.gnu-tools-for-stm32.11.3.rel1.win32_1.1.1.202309131626/tools/bin/../lib/gcc/arm-none-eabi/11.3.1/thumb/v7-m/nofp/crtn.o
 *(.fini)
 .fini          0x0000000008016858        0x4 C:/ST/STM32CubeIDE_1.13.2/STM32CubeIDE/plugins/com.st.stm32cube.ide.mcu.externaltools.gnu-tools-for-stm32.11.3.rel1.win32_1.1.1.202309131626/tools/bin/../lib/gcc/arm-none-eabi/11.3.1/thumb/v7-m/nofp/crti.o
                0x0000000008016858                _fini
 .fini          0x000000000801685c        0x8 C:/ST/STM32CubeIDE_1.13.2/STM32CubeIDE/plugins/com.st.stm32cube.ide.mcu.externaltools.gnu-tools-for-stm32.11.3.rel1.win32_1.1.1.202309131626/tools/bin/../lib/gcc/arm-none-eabi/11.3.1/thumb/v7-m/nofp/crtn.o
                0x0000000008016864                . = ALIGN (0x4)
                0x0000000008016864                _etext = .

.vfp11_veneer   0x0000000008016864        0x0
 .vfp11_veneer  0x0000000008016864        0x0 linker stubs

.v4_bx          0x0000000008016864        0x0
 .v4_bx         0x0000000008016864        0x0 linker stubs

.iplt           0x0000000008016864        0x0
 .iplt          0x0000000008016864        0x0 C:/ST/STM32CubeIDE_1.13.2/STM32CubeIDE/plugins/com.st.stm32cube.ide.mcu.externaltools.gnu-tools-for-stm32.11.3.rel1.win32_1.1.1.202309131626/tools/bin/../lib/gcc/arm-none-eabi/11.3.1/thumb/v7-m/nofp/crtbegin.o

.rodata         0x0000000008016864     0x8b54
                0x0000000008016864                . = ALIGN (0x4)
 *(.rodata)
 .rodata        0x0000000008016864       0x10 ./Core/Src/main.o
 .rodata        0x0000000008016874       0xb0 ./Core/Src/pong.o
 *(.rodata*)
 .rodata.main.str1.1
                0x0000000008016924       0x1f ./Core/Src/main.o
 .rodata.drawScore.str1.1
                0x0000000008016943       0x2e ./Core/Src/pong.o
                                         0x32 (size before relaxing)
 .rodata.drawMainMenu.str1.1
                0x0000000008016971       0x2d ./Core/Src/pong.o
 .rodata.gameLogic.str1.1
                0x000000000801699e       0x5e ./Core/Src/pong.o
 .rodata.AHBPrescTable
                0x00000000080169fc       0x10 ./Core/Src/system_stm32f1xx.o
                0x00000000080169fc                AHBPrescTable
 .rodata.APBPrescTable
                0x0000000008016a0c        0x8 ./Core/Src/system_stm32f1xx.o
                0x0000000008016a0c                APBPrescTable
 .rodata.init_cmd
                0x0000000008016a14       0x4c ./Drivers/LCD/lcd.o
                0x0000000008016a14                init_cmd
 .rodata.aPLLMULFactorTable.1
                0x0000000008016a60       0x10 ./Drivers/STM32F1xx_HAL_Driver/Src/stm32f1xx_hal_rcc.o
 .rodata.aPredivFactorTable.0
                0x0000000008016a70        0x2 ./Drivers/STM32F1xx_HAL_Driver/Src/stm32f1xx_hal_rcc.o
 .rodata.aPLLMULFactorTable.1
                0x0000000008016a72       0x10 ./Drivers/STM32F1xx_HAL_Driver/Src/stm32f1xx_hal_rcc_ex.o
 .rodata.aPredivFactorTable.0
                0x0000000008016a82        0x2 ./Drivers/STM32F1xx_HAL_Driver/Src/stm32f1xx_hal_rcc_ex.o
 .rodata.FONT_12X16
                0x0000000008016a84     0x200e ./Drivers/UGUI/Fonts/font_12x16.o
                0x0000000008016a84                FONT_12X16
 .rodata.FONT_12X20
                0x0000000008018a92     0x280e ./Drivers/UGUI/Fonts/font_12x20.o
                0x0000000008018a92                FONT_12X20
 .rodata.FONT_16X26
                0x000000000801b2a0     0x340e ./Drivers/UGUI/Fonts/font_16x26.o
                0x000000000801b2a0                FONT_16X26
 .rodata.FONT_7X12
                0x000000000801e6ae      0xc0e ./Drivers/UGUI/Fonts/font_7x12.o
                0x000000000801e6ae                FONT_7X12
 .rodata.pal_window
                0x000000000801f2bc       0x18 ./Drivers/UGUI/ugui.o
 .rodata.vTaskStartScheduler.str1.1
                0x000000000801f2d4        0x5 ./ThirdParty/FreeRTOS/tasks.o
 .rodata.srand.str1.1
                0x000000000801f2d9       0x6f C:/ST/STM32CubeIDE_1.13.2/STM32CubeIDE/plugins/com.st.stm32cube.ide.mcu.externaltools.gnu-tools-for-stm32.11.3.rel1.win32_1.1.1.202309131626/tools/bin/../lib/gcc/arm-none-eabi/11.3.1/../../../../arm-none-eabi/lib/thumb/v7-m/nofp\libc_nano.a(libc_a-rand.o)
 .rodata.__assert_func.str1.1
                0x000000000801f348       0x3c C:/ST/STM32CubeIDE_1.13.2/STM32CubeIDE/plugins/com.st.stm32cube.ide.mcu.externaltools.gnu-tools-for-stm32.11.3.rel1.win32_1.1.1.202309131626/tools/bin/../lib/gcc/arm-none-eabi/11.3.1/../../../../arm-none-eabi/lib/thumb/v7-m/nofp\libc_nano.a(libc_a-assert.o)
                                         0x3d (size before relaxing)
 .rodata._svfprintf_r.str1.1
                0x000000000801f384       0x11 C:/ST/STM32CubeIDE_1.13.2/STM32CubeIDE/plugins/com.st.stm32cube.ide.mcu.externaltools.gnu-tools-for-stm32.11.3.rel1.win32_1.1.1.202309131626/tools/bin/../lib/gcc/arm-none-eabi/11.3.1/../../../../arm-none-eabi/lib/thumb/v7-m/nofp\libc_nano.a(libc_a-nano-svfprintf.o)
 .rodata._printf_i.str1.1
                0x000000000801f395       0x22 C:/ST/STM32CubeIDE_1.13.2/STM32CubeIDE/plugins/com.st.stm32cube.ide.mcu.externaltools.gnu-tools-for-stm32.11.3.rel1.win32_1.1.1.202309131626/tools/bin/../lib/gcc/arm-none-eabi/11.3.1/../../../../arm-none-eabi/lib/thumb/v7-m/nofp\libc_nano.a(libc_a-nano-vfprintf_i.o)
 .rodata._vfprintf_r.str1.1
                0x000000000801f3b7       0x11 C:/ST/STM32CubeIDE_1.13.2/STM32CubeIDE/plugins/com.st.stm32cube.ide.mcu.externaltools.gnu-tools-for-stm32.11.3.rel1.win32_1.1.1.202309131626/tools/bin/../lib/gcc/arm-none-eabi/11.3.1/../../../../arm-none-eabi/lib/thumb/v7-m/nofp\libc_nano.a(libc_a-nano-vfprintf.o)
                0x000000000801f3c8                . = ALIGN (0x4)
 *fill*         0x000000000801f3b7        0x1 

.rel.dyn        0x000000000801f3b8        0x0
 .rel.iplt      0x000000000801f3b8        0x0 C:/ST/STM32CubeIDE_1.13.2/STM32CubeIDE/plugins/com.st.stm32cube.ide.mcu.externaltools.gnu-tools-for-stm32.11.3.rel1.win32_1.1.1.202309131626/tools/bin/../lib/gcc/arm-none-eabi/11.3.1/thumb/v7-m/nofp/crtbegin.o

.ARM.extab      0x000000000801f3b8        0x0
                0x000000000801f3b8                . = ALIGN (0x4)
 *(.ARM.extab* .gnu.linkonce.armextab.*)
                0x000000000801f3b8                . = ALIGN (0x4)

.ARM            0x000000000801f3b8        0x0
                0x000000000801f3b8                . = ALIGN (0x4)
                0x000000000801f3b8                __exidx_start = .
 *(.ARM.exidx*)
                0x000000000801f3b8                __exidx_end = .
                0x000000000801f3b8                . = ALIGN (0x4)

.preinit_array  0x000000000801f3b8        0x0
                0x000000000801f3b8                . = ALIGN (0x4)
                0x000000000801f3b8                PROVIDE (__preinit_array_start = .)
 *(.preinit_array*)
                0x000000000801f3b8                PROVIDE (__preinit_array_end = .)
                0x000000000801f3b8                . = ALIGN (0x4)

.init_array     0x000000000801f3b8        0x4
                0x000000000801f3b8                . = ALIGN (0x4)
                0x000000000801f3b8                PROVIDE (__init_array_start = .)
 *(SORT_BY_NAME(.init_array.*))
 *(.init_array*)
 .init_array    0x000000000801f3b8        0x4 C:/ST/STM32CubeIDE_1.13.2/STM32CubeIDE/plugins/com.st.stm32cube.ide.mcu.externaltools.gnu-tools-for-stm32.11.3.rel1.win32_1.1.1.202309131626/tools/bin/../lib/gcc/arm-none-eabi/11.3.1/thumb/v7-m/nofp/crtbegin.o
                0x000000000801f3bc                PROVIDE (__init_array_end = .)
                0x000000000801f3bc                . = ALIGN (0x4)

.fini_array     0x000000000801f3bc        0x4
                0x000000000801f3bc                . = ALIGN (0x4)
                [!provide]                        PROVIDE (__fini_array_start = .)
 *(SORT_BY_NAME(.fini_array.*))
 *(.fini_array*)
 .fini_array    0x000000000801f3bc        0x4 C:/ST/STM32CubeIDE_1.13.2/STM32CubeIDE/plugins/com.st.stm32cube.ide.mcu.externaltools.gnu-tools-for-stm32.11.3.rel1.win32_1.1.1.202309131626/tools/bin/../lib/gcc/arm-none-eabi/11.3.1/thumb/v7-m/nofp/crtbegin.o
                [!provide]                        PROVIDE (__fini_array_end = .)
                0x000000000801f3c0                . = ALIGN (0x4)
                0x000000000801f3c0                _sidata = LOADADDR (.data)

.data           0x0000000020000000       0x84 load address 0x000000000801f3c0
                0x0000000020000000                . = ALIGN (0x4)
                0x0000000020000000                _sdata = .
 *(.data)
 *(.data*)
 .data.ball_speed
                0x0000000020000000        0x2 ./Core/Src/pong.o
 .data.difficulty
                0x0000000020000002        0x1 ./Core/Src/pong.o
 .data.option_changed_flag
                0x0000000020000003        0x1 ./Core/Src/pong.o
                0x0000000020000003                option_changed_flag
 .data.SystemCoreClock
                0x0000000020000004        0x4 ./Core/Src/system_stm32f1xx.o
                0x0000000020000004                SystemCoreClock
 .data.config   0x0000000020000008        0x3 ./Drivers/LCD/lcd.o
                0x0000000020000008                config
 *fill*         0x000000002000000b        0x1 
 .data.device   0x000000002000000c        0xc ./Drivers/LCD/lcd.o
 .data.uwTickFreq
                0x0000000020000018        0x1 ./Drivers/STM32F1xx_HAL_Driver/Src/stm32f1xx_hal.o
                0x0000000020000018                uwTickFreq
 *fill*         0x0000000020000019        0x3 
 .data.uwTickPrio
                0x000000002000001c        0x4 ./Drivers/STM32F1xx_HAL_Driver/Src/stm32f1xx_hal.o
                0x000000002000001c                uwTickPrio
 .data.uxTopUsedPriority
                0x0000000020000020        0x4 ./ThirdParty/FreeRTOS/tasks.o
                0x0000000020000020                uxTopUsedPriority
 .data.uxCriticalNesting
                0x0000000020000024        0x4 ./ThirdParty/FreeRTOS/portable/GCC/ARM_CM3/port.o
 .data.__sglue  0x0000000020000028        0xc C:/ST/STM32CubeIDE_1.13.2/STM32CubeIDE/plugins/com.st.stm32cube.ide.mcu.externaltools.gnu-tools-for-stm32.11.3.rel1.win32_1.1.1.202309131626/tools/bin/../lib/gcc/arm-none-eabi/11.3.1/../../../../arm-none-eabi/lib/thumb/v7-m/nofp\libc_nano.a(libc_a-findfp.o)
                0x0000000020000028                __sglue
 .data._impure_data
                0x0000000020000034       0x4c C:/ST/STM32CubeIDE_1.13.2/STM32CubeIDE/plugins/com.st.stm32cube.ide.mcu.externaltools.gnu-tools-for-stm32.11.3.rel1.win32_1.1.1.202309131626/tools/bin/../lib/gcc/arm-none-eabi/11.3.1/../../../../arm-none-eabi/lib/thumb/v7-m/nofp\libc_nano.a(libc_a-impure.o)
                0x0000000020000034                _impure_data
 .data._impure_ptr
                0x0000000020000080        0x4 C:/ST/STM32CubeIDE_1.13.2/STM32CubeIDE/plugins/com.st.stm32cube.ide.mcu.externaltools.gnu-tools-for-stm32.11.3.rel1.win32_1.1.1.202309131626/tools/bin/../lib/gcc/arm-none-eabi/11.3.1/../../../../arm-none-eabi/lib/thumb/v7-m/nofp\libc_nano.a(libc_a-impure.o)
                0x0000000020000080                _impure_ptr
 *(.RamFunc)
 *(.RamFunc*)
                0x0000000020000084                . = ALIGN (0x4)
                0x0000000020000084                _edata = .

.igot.plt       0x0000000020000084        0x0 load address 0x000000000801f444
 .igot.plt      0x0000000020000084        0x0 C:/ST/STM32CubeIDE_1.13.2/STM32CubeIDE/plugins/com.st.stm32cube.ide.mcu.externaltools.gnu-tools-for-stm32.11.3.rel1.win32_1.1.1.202309131626/tools/bin/../lib/gcc/arm-none-eabi/11.3.1/thumb/v7-m/nofp/crtbegin.o
                0x0000000020000084                . = ALIGN (0x4)

.bss            0x0000000020000084     0x1fcc load address 0x000000000801f444
                0x0000000020000084                _sbss = .
                0x0000000020000084                __bss_start__ = _sbss
 *(.bss)
 .bss           0x0000000020000084       0x1c C:/ST/STM32CubeIDE_1.13.2/STM32CubeIDE/plugins/com.st.stm32cube.ide.mcu.externaltools.gnu-tools-for-stm32.11.3.rel1.win32_1.1.1.202309131626/tools/bin/../lib/gcc/arm-none-eabi/11.3.1/thumb/v7-m/nofp/crtbegin.o
 *(.bss*)
 .bss.hadc1     0x00000000200000a0       0x30 ./Core/Src/main.o
                0x00000000200000a0                hadc1
 .bss.hdma_spi1_tx
                0x00000000200000d0       0x44 ./Core/Src/main.o
                0x00000000200000d0                hdma_spi1_tx
 .bss.hspi1     0x0000000020000114       0x58 ./Core/Src/main.o
                0x0000000020000114                hspi1
 .bss.htim1     0x000000002000016c       0x48 ./Core/Src/main.o
                0x000000002000016c                htim1
 .bss.uInput    0x00000000200001b4       0x14 ./Core/Src/main.o
 .bss.xIdleStack
                0x00000000200001c8      0x200 ./Core/Src/main.o
 .bss.xIdleTaskTCBBuffer
                0x00000000200003c8       0xa0 ./Core/Src/main.o
 .bss.ball      0x0000000020000468        0xe ./Core/Src/pong.o
 .bss.coop_score
                0x0000000020000476        0x2 ./Core/Src/pong.o
 .bss.first_ball
                0x0000000020000478        0x1 ./Core/Src/pong.o
 .bss.game_mode
                0x0000000020000479        0x1 ./Core/Src/pong.o
 .bss.game_pause
                0x000000002000047a        0x1 ./Core/Src/pong.o
 *fill*         0x000000002000047b        0x1 
 .bss.htim      0x000000002000047c        0x4 ./Core/Src/pong.o
                0x000000002000047c                htim
 .bss.menu_option
                0x0000000020000480        0x1 ./Core/Src/pong.o
 *fill*         0x0000000020000481        0x1 
 .bss.player1   0x0000000020000482       0x16 ./Core/Src/pong.o
 .bss.player2   0x0000000020000498       0x16 ./Core/Src/pong.o
 .bss.screen    0x00000000200004ae        0x1 ./Core/Src/pong.o
 .bss.settings_option
                0x00000000200004af        0x1 ./Core/Src/pong.o
 .bss.uInput    0x00000000200004b0       0x14 ./Core/Src/pong.o
 .bss.uInputOld
                0x00000000200004c4       0x14 ./Core/Src/pong.o
 .bss.htim2     0x00000000200004d8       0x48 ./Core/Src/stm32f1xx_hal_timebase_tim.o
                0x00000000200004d8                htim2
 .bss.__sbrk_heap_end
                0x0000000020000520        0x4 ./Core/Src/sysmem.o
 .bss.gui       0x0000000020000524       0x74 ./Drivers/LCD/lcd.o
 .bss.uwTick    0x0000000020000598        0x4 ./Drivers/STM32F1xx_HAL_Driver/Src/stm32f1xx_hal.o
                0x0000000020000598                uwTick
 .bss.gui       0x000000002000059c        0x4 ./Drivers/UGUI/ugui.o
 .bss.last_encoding.3
                0x00000000200005a0        0x2 ./Drivers/UGUI/ugui.o
 *fill*         0x00000000200005a2        0x2 
 .bss.last_font.4
                0x00000000200005a4        0x4 ./Drivers/UGUI/ugui.o
 .bss.last_p.2  0x00000000200005a8        0x4 ./Drivers/UGUI/ugui.o
 .bss.last_width.1
                0x00000000200005ac        0x2 ./Drivers/UGUI/ugui.o
 *fill*         0x00000000200005ae        0x2 
 .bss.msg.0     0x00000000200005b0        0x8 ./Drivers/UGUI/ugui.o
 .bss.pxCurrentTCB
                0x00000000200005b8        0x4 ./ThirdParty/FreeRTOS/tasks.o
                0x00000000200005b8                pxCurrentTCB
 .bss.pxDelayedTaskList
                0x00000000200005bc        0x4 ./ThirdParty/FreeRTOS/tasks.o
 .bss.pxOverflowDelayedTaskList
                0x00000000200005c0        0x4 ./ThirdParty/FreeRTOS/tasks.o
 .bss.pxReadyTasksLists
                0x00000000200005c4       0x8c ./ThirdParty/FreeRTOS/tasks.o
 .bss.uxCurrentNumberOfTasks
                0x0000000020000650        0x4 ./ThirdParty/FreeRTOS/tasks.o
 .bss.uxDeletedTasksWaitingCleanUp
                0x0000000020000654        0x4 ./ThirdParty/FreeRTOS/tasks.o
 .bss.uxSchedulerSuspended
                0x0000000020000658        0x4 ./ThirdParty/FreeRTOS/tasks.o
 .bss.uxTaskNumber
                0x000000002000065c        0x4 ./ThirdParty/FreeRTOS/tasks.o
 .bss.uxTopReadyPriority
                0x0000000020000660        0x4 ./ThirdParty/FreeRTOS/tasks.o
 .bss.xDelayedTaskList1
                0x0000000020000664       0x14 ./ThirdParty/FreeRTOS/tasks.o
 .bss.xDelayedTaskList2
                0x0000000020000678       0x14 ./ThirdParty/FreeRTOS/tasks.o
 .bss.xNextTaskUnblockTime
                0x000000002000068c        0x4 ./ThirdParty/FreeRTOS/tasks.o
 .bss.xNumOfOverflows
                0x0000000020000690        0x4 ./ThirdParty/FreeRTOS/tasks.o
 .bss.xPendedTicks
                0x0000000020000694        0x4 ./ThirdParty/FreeRTOS/tasks.o
 .bss.xPendingReadyList
                0x0000000020000698       0x14 ./ThirdParty/FreeRTOS/tasks.o
 .bss.xSchedulerRunning
                0x00000000200006ac        0x4 ./ThirdParty/FreeRTOS/tasks.o
 .bss.xSuspendedTaskList
                0x00000000200006b0       0x14 ./ThirdParty/FreeRTOS/tasks.o
 .bss.xTasksWaitingTermination
                0x00000000200006c4       0x14 ./ThirdParty/FreeRTOS/tasks.o
 .bss.xTickCount
                0x00000000200006d8        0x4 ./ThirdParty/FreeRTOS/tasks.o
 .bss.xYieldPending
                0x00000000200006dc        0x4 ./ThirdParty/FreeRTOS/tasks.o
 .bss.ucMaxSysCallPriority
                0x00000000200006e0        0x1 ./ThirdParty/FreeRTOS/portable/GCC/ARM_CM3/port.o
 *fill*         0x00000000200006e1        0x3 
 .bss.ulMaxPRIGROUPValue
                0x00000000200006e4        0x4 ./ThirdParty/FreeRTOS/portable/GCC/ARM_CM3/port.o
 .bss.pxEnd     0x00000000200006e8        0x4 ./ThirdParty/FreeRTOS/portable/MemMang/heap_4.o
 .bss.ucHeap    0x00000000200006ec     0x1800 ./ThirdParty/FreeRTOS/portable/MemMang/heap_4.o
 .bss.xFreeBytesRemaining
                0x0000000020001eec        0x4 ./ThirdParty/FreeRTOS/portable/MemMang/heap_4.o
 .bss.xMinimumEverFreeBytesRemaining
                0x0000000020001ef0        0x4 ./ThirdParty/FreeRTOS/portable/MemMang/heap_4.o
 .bss.xNumberOfSuccessfulAllocations
                0x0000000020001ef4        0x4 ./ThirdParty/FreeRTOS/portable/MemMang/heap_4.o
 .bss.xNumberOfSuccessfulFrees
                0x0000000020001ef8        0x4 ./ThirdParty/FreeRTOS/portable/MemMang/heap_4.o
 .bss.xStart    0x0000000020001efc        0x8 ./ThirdParty/FreeRTOS/portable/MemMang/heap_4.o
 .bss.__sf      0x0000000020001f04      0x138 C:/ST/STM32CubeIDE_1.13.2/STM32CubeIDE/plugins/com.st.stm32cube.ide.mcu.externaltools.gnu-tools-for-stm32.11.3.rel1.win32_1.1.1.202309131626/tools/bin/../lib/gcc/arm-none-eabi/11.3.1/../../../../arm-none-eabi/lib/thumb/v7-m/nofp\libc_nano.a(libc_a-findfp.o)
                0x0000000020001f04                __sf
 .bss.__stdio_exit_handler
                0x000000002000203c        0x4 C:/ST/STM32CubeIDE_1.13.2/STM32CubeIDE/plugins/com.st.stm32cube.ide.mcu.externaltools.gnu-tools-for-stm32.11.3.rel1.win32_1.1.1.202309131626/tools/bin/../lib/gcc/arm-none-eabi/11.3.1/../../../../arm-none-eabi/lib/thumb/v7-m/nofp\libc_nano.a(libc_a-findfp.o)
                0x000000002000203c                __stdio_exit_handler
 .bss.errno     0x0000000020002040        0x4 C:/ST/STM32CubeIDE_1.13.2/STM32CubeIDE/plugins/com.st.stm32cube.ide.mcu.externaltools.gnu-tools-for-stm32.11.3.rel1.win32_1.1.1.202309131626/tools/bin/../lib/gcc/arm-none-eabi/11.3.1/../../../../arm-none-eabi/lib/thumb/v7-m/nofp\libc_nano.a(libc_a-reent.o)
                0x0000000020002040                errno
 .bss.__lock___malloc_recursive_mutex
                0x0000000020002044        0x1 C:/ST/STM32CubeIDE_1.13.2/STM32CubeIDE/plugins/com.st.stm32cube.ide.mcu.externaltools.gnu-tools-for-stm32.11.3.rel1.win32_1.1.1.202309131626/tools/bin/../lib/gcc/arm-none-eabi/11.3.1/../../../../arm-none-eabi/lib/thumb/v7-m/nofp\libc_nano.a(libc_a-lock.o)
                0x0000000020002044                __lock___malloc_recursive_mutex
 .bss.__lock___sfp_recursive_mutex
                0x0000000020002045        0x1 C:/ST/STM32CubeIDE_1.13.2/STM32CubeIDE/plugins/com.st.stm32cube.ide.mcu.externaltools.gnu-tools-for-stm32.11.3.rel1.win32_1.1.1.202309131626/tools/bin/../lib/gcc/arm-none-eabi/11.3.1/../../../../arm-none-eabi/lib/thumb/v7-m/nofp\libc_nano.a(libc_a-lock.o)
                0x0000000020002045                __lock___sfp_recursive_mutex
 *fill*         0x0000000020002046        0x2 
 .bss.__malloc_free_list
                0x0000000020002048        0x4 C:/ST/STM32CubeIDE_1.13.2/STM32CubeIDE/plugins/com.st.stm32cube.ide.mcu.externaltools.gnu-tools-for-stm32.11.3.rel1.win32_1.1.1.202309131626/tools/bin/../lib/gcc/arm-none-eabi/11.3.1/../../../../arm-none-eabi/lib/thumb/v7-m/nofp\libc_nano.a(libc_a-mallocr.o)
                0x0000000020002048                __malloc_free_list
 .bss.__malloc_sbrk_start
                0x000000002000204c        0x4 C:/ST/STM32CubeIDE_1.13.2/STM32CubeIDE/plugins/com.st.stm32cube.ide.mcu.externaltools.gnu-tools-for-stm32.11.3.rel1.win32_1.1.1.202309131626/tools/bin/../lib/gcc/arm-none-eabi/11.3.1/../../../../arm-none-eabi/lib/thumb/v7-m/nofp\libc_nano.a(libc_a-mallocr.o)
                0x000000002000204c                __malloc_sbrk_start
 *(COMMON)
                0x0000000020002050                . = ALIGN (0x4)
                0x0000000020002050                _ebss = .
                0x0000000020002050                __bss_end__ = _ebss

._user_heap_stack
                0x0000000020002050      0x600 load address 0x000000000801f444
                0x0000000020002050                . = ALIGN (0x8)
                [!provide]                        PROVIDE (end = .)
                0x0000000020002050                PROVIDE (_end = .)
                0x0000000020002250                . = (. + _Min_Heap_Size)
 *fill*         0x0000000020002050      0x200 
                0x0000000020002650                . = (. + _Min_Stack_Size)
 *fill*         0x0000000020002250      0x400 
                0x0000000020002650                . = ALIGN (0x8)

/DISCARD/
 libc.a(*)
 libm.a(*)
 libgcc.a(*)

.ARM.attributes
                0x0000000000000000       0x29
 *(.ARM.attributes)
 .ARM.attributes
                0x0000000000000000       0x1d C:/ST/STM32CubeIDE_1.13.2/STM32CubeIDE/plugins/com.st.stm32cube.ide.mcu.externaltools.gnu-tools-for-stm32.11.3.rel1.win32_1.1.1.202309131626/tools/bin/../lib/gcc/arm-none-eabi/11.3.1/thumb/v7-m/nofp/crti.o
 .ARM.attributes
                0x000000000000001d       0x2d C:/ST/STM32CubeIDE_1.13.2/STM32CubeIDE/plugins/com.st.stm32cube.ide.mcu.externaltools.gnu-tools-for-stm32.11.3.rel1.win32_1.1.1.202309131626/tools/bin/../lib/gcc/arm-none-eabi/11.3.1/thumb/v7-m/nofp/crtbegin.o
 .ARM.attributes
                0x000000000000004a       0x2d ./Core/Src/main.o
 .ARM.attributes
                0x0000000000000077       0x2d ./Core/Src/pong.o
 .ARM.attributes
                0x00000000000000a4       0x2d ./Core/Src/stm32f1xx_hal_msp.o
 .ARM.attributes
                0x00000000000000d1       0x2d ./Core/Src/stm32f1xx_hal_timebase_tim.o
 .ARM.attributes
                0x00000000000000fe       0x2d ./Core/Src/stm32f1xx_it.o
 .ARM.attributes
                0x000000000000012b       0x2d ./Core/Src/syscalls.o
 .ARM.attributes
                0x0000000000000158       0x2d ./Core/Src/sysmem.o
 .ARM.attributes
                0x0000000000000185       0x2d ./Core/Src/system_stm32f1xx.o
 .ARM.attributes
                0x00000000000001b2       0x21 ./Core/Startup/startup_stm32f103rbtx.o
 .ARM.attributes
                0x00000000000001d3       0x2d ./Drivers/LCD/lcd.o
 .ARM.attributes
                0x0000000000000200       0x2d ./Drivers/STM32F1xx_HAL_Driver/Src/stm32f1xx_hal.o
 .ARM.attributes
                0x000000000000022d       0x2d ./Drivers/STM32F1xx_HAL_Driver/Src/stm32f1xx_hal_adc.o
 .ARM.attributes
                0x000000000000025a       0x2d ./Drivers/STM32F1xx_HAL_Driver/Src/stm32f1xx_hal_cortex.o
 .ARM.attributes
                0x0000000000000287       0x2d ./Drivers/STM32F1xx_HAL_Driver/Src/stm32f1xx_hal_dma.o
 .ARM.attributes
                0x00000000000002b4       0x2d ./Drivers/STM32F1xx_HAL_Driver/Src/stm32f1xx_hal_gpio.o
 .ARM.attributes
                0x00000000000002e1       0x2d ./Drivers/STM32F1xx_HAL_Driver/Src/stm32f1xx_hal_rcc.o
 .ARM.attributes
                0x000000000000030e       0x2d ./Drivers/STM32F1xx_HAL_Driver/Src/stm32f1xx_hal_rcc_ex.o
 .ARM.attributes
                0x000000000000033b       0x2d ./Drivers/STM32F1xx_HAL_Driver/Src/stm32f1xx_hal_spi.o
 .ARM.attributes
                0x0000000000000368       0x2d ./Drivers/STM32F1xx_HAL_Driver/Src/stm32f1xx_hal_tim.o
 .ARM.attributes
                0x0000000000000395       0x2d ./Drivers/STM32F1xx_HAL_Driver/Src/stm32f1xx_hal_tim_ex.o
 .ARM.attributes
                0x00000000000003c2       0x2d ./Drivers/UGUI/Fonts/font_12x16.o
 .ARM.attributes
                0x00000000000003ef       0x2d ./Drivers/UGUI/Fonts/font_12x20.o
 .ARM.attributes
                0x000000000000041c       0x2d ./Drivers/UGUI/Fonts/font_16x26.o
 .ARM.attributes
                0x0000000000000449       0x2d ./Drivers/UGUI/Fonts/font_7x12.o
 .ARM.attributes
                0x0000000000000476       0x2d ./Drivers/UGUI/ugui.o
 .ARM.attributes
                0x00000000000004a3       0x2d ./ThirdParty/FreeRTOS/list.o
 .ARM.attributes
                0x00000000000004d0       0x2d ./ThirdParty/FreeRTOS/tasks.o
 .ARM.attributes
                0x00000000000004fd       0x2d ./ThirdParty/FreeRTOS/portable/GCC/ARM_CM3/port.o
 .ARM.attributes
                0x000000000000052a       0x2d ./ThirdParty/FreeRTOS/portable/MemMang/heap_4.o
 .ARM.attributes
                0x0000000000000557       0x2d C:/ST/STM32CubeIDE_1.13.2/STM32CubeIDE/plugins/com.st.stm32cube.ide.mcu.externaltools.gnu-tools-for-stm32.11.3.rel1.win32_1.1.1.202309131626/tools/bin/../lib/gcc/arm-none-eabi/11.3.1/../../../../arm-none-eabi/lib/thumb/v7-m/nofp\libc_nano.a(libc_a-rand.o)
 .ARM.attributes
                0x0000000000000584       0x2d C:/ST/STM32CubeIDE_1.13.2/STM32CubeIDE/plugins/com.st.stm32cube.ide.mcu.externaltools.gnu-tools-for-stm32.11.3.rel1.win32_1.1.1.202309131626/tools/bin/../lib/gcc/arm-none-eabi/11.3.1/../../../../arm-none-eabi/lib/thumb/v7-m/nofp\libc_nano.a(libc_a-findfp.o)
 .ARM.attributes
                0x00000000000005b1       0x2d C:/ST/STM32CubeIDE_1.13.2/STM32CubeIDE/plugins/com.st.stm32cube.ide.mcu.externaltools.gnu-tools-for-stm32.11.3.rel1.win32_1.1.1.202309131626/tools/bin/../lib/gcc/arm-none-eabi/11.3.1/../../../../arm-none-eabi/lib/thumb/v7-m/nofp\libc_nano.a(libc_a-fwalk.o)
 .ARM.attributes
                0x00000000000005de       0x2d C:/ST/STM32CubeIDE_1.13.2/STM32CubeIDE/plugins/com.st.stm32cube.ide.mcu.externaltools.gnu-tools-for-stm32.11.3.rel1.win32_1.1.1.202309131626/tools/bin/../lib/gcc/arm-none-eabi/11.3.1/../../../../arm-none-eabi/lib/thumb/v7-m/nofp\libc_nano.a(libc_a-sprintf.o)
 .ARM.attributes
                0x000000000000060b       0x2d C:/ST/STM32CubeIDE_1.13.2/STM32CubeIDE/plugins/com.st.stm32cube.ide.mcu.externaltools.gnu-tools-for-stm32.11.3.rel1.win32_1.1.1.202309131626/tools/bin/../lib/gcc/arm-none-eabi/11.3.1/../../../../arm-none-eabi/lib/thumb/v7-m/nofp\libc_nano.a(libc_a-stdio.o)
 .ARM.attributes
                0x0000000000000638       0x2d C:/ST/STM32CubeIDE_1.13.2/STM32CubeIDE/plugins/com.st.stm32cube.ide.mcu.externaltools.gnu-tools-for-stm32.11.3.rel1.win32_1.1.1.202309131626/tools/bin/../lib/gcc/arm-none-eabi/11.3.1/../../../../arm-none-eabi/lib/thumb/v7-m/nofp\libc_nano.a(libc_a-memset.o)
 .ARM.attributes
                0x0000000000000665       0x2d C:/ST/STM32CubeIDE_1.13.2/STM32CubeIDE/plugins/com.st.stm32cube.ide.mcu.externaltools.gnu-tools-for-stm32.11.3.rel1.win32_1.1.1.202309131626/tools/bin/../lib/gcc/arm-none-eabi/11.3.1/../../../../arm-none-eabi/lib/thumb/v7-m/nofp\libc_nano.a(libc_a-closer.o)
 .ARM.attributes
                0x0000000000000692       0x2d C:/ST/STM32CubeIDE_1.13.2/STM32CubeIDE/plugins/com.st.stm32cube.ide.mcu.externaltools.gnu-tools-for-stm32.11.3.rel1.win32_1.1.1.202309131626/tools/bin/../lib/gcc/arm-none-eabi/11.3.1/../../../../arm-none-eabi/lib/thumb/v7-m/nofp\libc_nano.a(libc_a-reent.o)
 .ARM.attributes
                0x00000000000006bf       0x2d C:/ST/STM32CubeIDE_1.13.2/STM32CubeIDE/plugins/com.st.stm32cube.ide.mcu.externaltools.gnu-tools-for-stm32.11.3.rel1.win32_1.1.1.202309131626/tools/bin/../lib/gcc/arm-none-eabi/11.3.1/../../../../arm-none-eabi/lib/thumb/v7-m/nofp\libc_nano.a(libc_a-impure.o)
 .ARM.attributes
                0x00000000000006ec       0x2d C:/ST/STM32CubeIDE_1.13.2/STM32CubeIDE/plugins/com.st.stm32cube.ide.mcu.externaltools.gnu-tools-for-stm32.11.3.rel1.win32_1.1.1.202309131626/tools/bin/../lib/gcc/arm-none-eabi/11.3.1/../../../../arm-none-eabi/lib/thumb/v7-m/nofp\libc_nano.a(libc_a-lseekr.o)
 .ARM.attributes
                0x0000000000000719       0x2d C:/ST/STM32CubeIDE_1.13.2/STM32CubeIDE/plugins/com.st.stm32cube.ide.mcu.externaltools.gnu-tools-for-stm32.11.3.rel1.win32_1.1.1.202309131626/tools/bin/../lib/gcc/arm-none-eabi/11.3.1/../../../../arm-none-eabi/lib/thumb/v7-m/nofp\libc_nano.a(libc_a-readr.o)
 .ARM.attributes
                0x0000000000000746       0x2d C:/ST/STM32CubeIDE_1.13.2/STM32CubeIDE/plugins/com.st.stm32cube.ide.mcu.externaltools.gnu-tools-for-stm32.11.3.rel1.win32_1.1.1.202309131626/tools/bin/../lib/gcc/arm-none-eabi/11.3.1/../../../../arm-none-eabi/lib/thumb/v7-m/nofp\libc_nano.a(libc_a-writer.o)
 .ARM.attributes
                0x0000000000000773       0x2d C:/ST/STM32CubeIDE_1.13.2/STM32CubeIDE/plugins/com.st.stm32cube.ide.mcu.externaltools.gnu-tools-for-stm32.11.3.rel1.win32_1.1.1.202309131626/tools/bin/../lib/gcc/arm-none-eabi/11.3.1/../../../../arm-none-eabi/lib/thumb/v7-m/nofp\libc_nano.a(libc_a-errno.o)
 .ARM.attributes
                0x00000000000007a0       0x2d C:/ST/STM32CubeIDE_1.13.2/STM32CubeIDE/plugins/com.st.stm32cube.ide.mcu.externaltools.gnu-tools-for-stm32.11.3.rel1.win32_1.1.1.202309131626/tools/bin/../lib/gcc/arm-none-eabi/11.3.1/../../../../arm-none-eabi/lib/thumb/v7-m/nofp\libc_nano.a(libc_a-init.o)
 .ARM.attributes
                0x00000000000007cd       0x2d C:/ST/STM32CubeIDE_1.13.2/STM32CubeIDE/plugins/com.st.stm32cube.ide.mcu.externaltools.gnu-tools-for-stm32.11.3.rel1.win32_1.1.1.202309131626/tools/bin/../lib/gcc/arm-none-eabi/11.3.1/../../../../arm-none-eabi/lib/thumb/v7-m/nofp\libc_nano.a(libc_a-lock.o)
 .ARM.attributes
                0x00000000000007fa       0x2d C:/ST/STM32CubeIDE_1.13.2/STM32CubeIDE/plugins/com.st.stm32cube.ide.mcu.externaltools.gnu-tools-for-stm32.11.3.rel1.win32_1.1.1.202309131626/tools/bin/../lib/gcc/arm-none-eabi/11.3.1/../../../../arm-none-eabi/lib/thumb/v7-m/nofp\libc_nano.a(libc_a-strcpy.o)
 .ARM.attributes